generated_at=2026-09-04T21:26:30+03:30
config=sphincs
algorithm=SPHINCS+-SHA2-128s-simple
run_label=identity-only-v1
project_commit=4596790c16afcf35b953a1abe906f91aa41bd594
project_status_begin
?? raw/e1/
project_status_end
6b7208daa343bf57296dcbe8152484c5062fe410824105fd374d46dcf2a0336c  env/fabric/e1/crypto-config.yaml
c9bf2231155e1275ab8ad04787b0ede194a70d871d84aa6ef88103b6df898422  env/fabric/e1/measure_identity_bytes.sh
b4d8e0515fd4898f221a3618bc41971fcf35778175ae4e6e7c94ccd8f0ca9e48  src/e1/pqidentity/generate.go
d159ba3e9d065db362fa6b094af00f0711bb402ead07f879fa1498bc77d91c2c  src/e1/pqidentity/go.mod
5951440881a173770058b3e21ef853ed6fa401530a5c12b589ee00afd932647c  src/e1/pqidentity/go.sum
cryptogen:
 Version: v2.5.16
 Commit SHA: f871cf9
 Go version: go1.26.4
 OS/Arch: linux/amd64
go version go1.22.2 linux/amd64
org1.example.com
org2.example.com
peer0.org1.example.com: algorithm=SPHINCS+-SHA2-128s-simple public_key_bytes=32 certificate_bytes=916
peer1.org1.example.com: algorithm=SPHINCS+-SHA2-128s-simple public_key_bytes=32 certificate_bytes=916
peer0.org2.example.com: algorithm=SPHINCS+-SHA2-128s-simple public_key_bytes=32 certificate_bytes=916
peer1.org2.example.com: algorithm=SPHINCS+-SHA2-128s-simple public_key_bytes=32 certificate_bytes=916
PQ identities generated successfully using SPHINCS+-SHA2-128s-simple
Per-peer identity evidence written without aggregation:
  run_namespace=identity-only-v1_sphincs
  output_file=/home/user/projects/pqc-energy-trading/raw/e1/identity-only-v1_sphincs_identity_bytes.csv
config   run_label         peer                    identity_type     identity_path                                                                                                                          bytes  sha256
sphincs  identity-only-v1  peer0.org1.example.com  msp_signcert_pem  generated_crypto_config/peerOrganizations/org1.example.com/peers/peer0.org1.example.com/msp/signcerts/peer0.org1.example.com-cert.pem  916    9fee9c357facc6518e841ca3123f8d08563b6403bbf88e9b2bc9c1124c75035a
sphincs  identity-only-v1  peer1.org1.example.com  msp_signcert_pem  generated_crypto_config/peerOrganizations/org1.example.com/peers/peer1.org1.example.com/msp/signcerts/peer1.org1.example.com-cert.pem  916    4eee7e22e3cb2ca2df484f6c5dedf5c677ead30208131af6c8a5053eb40c499b
sphincs  identity-only-v1  peer0.org2.example.com  msp_signcert_pem  generated_crypto_config/peerOrganizations/org2.example.com/peers/peer0.org2.example.com/msp/signcerts/peer0.org2.example.com-cert.pem  916    c1924687fcc3001e81632e4b98e067855eec8e6998734dec1735b06962610516
sphincs  identity-only-v1  peer1.org2.example.com  msp_signcert_pem  generated_crypto_config/peerOrganizations/org2.example.com/peers/peer1.org2.example.com/msp/signcerts/peer1.org2.example.com-cert.pem  916    de095bfeda00efe9218a741932faf3467972541ca0d47af2df732776fc7a971b
evidence_sha256:
87bde54b4839d5c445328d9a1eb17f65da27f094afb9f164cb5984719580bc70  raw/e1/identity-only-v1_sphincs_identity_bytes.csv
evidence_contents:
config,run_label,peer,identity_type,identity_path,bytes,sha256
sphincs,identity-only-v1,peer0.org1.example.com,msp_signcert_pem,generated_crypto_config/peerOrganizations/org1.example.com/peers/peer0.org1.example.com/msp/signcerts/peer0.org1.example.com-cert.pem,916,9fee9c357facc6518e841ca3123f8d08563b6403bbf88e9b2bc9c1124c75035a
sphincs,identity-only-v1,peer1.org1.example.com,msp_signcert_pem,generated_crypto_config/peerOrganizations/org1.example.com/peers/peer1.org1.example.com/msp/signcerts/peer1.org1.example.com-cert.pem,916,4eee7e22e3cb2ca2df484f6c5dedf5c677ead30208131af6c8a5053eb40c499b
sphincs,identity-only-v1,peer0.org2.example.com,msp_signcert_pem,generated_crypto_config/peerOrganizations/org2.example.com/peers/peer0.org2.example.com/msp/signcerts/peer0.org2.example.com-cert.pem,916,c1924687fcc3001e81632e4b98e067855eec8e6998734dec1735b06962610516
sphincs,identity-only-v1,peer1.org2.example.com,msp_signcert_pem,generated_crypto_config/peerOrganizations/org2.example.com/peers/peer1.org2.example.com/msp/signcerts/peer1.org2.example.com-cert.pem,916,de095bfeda00efe9218a741932faf3467972541ca0d47af2df732776fc7a971b
