[E1] Run provenance
[E1] started_at=2026-09-11T00:37:34+03:30
[E1] configuration=ecdsa
[E1] run_type=fixed-profile
[E1] run_label=latency-common-clean-v1
[E1] run_namespace=latency-common-clean-v1_ecdsa
[E1] benchmark_config=env/caliper/e1/benchmark.yaml
[E1] benchmark_config_sha256=5ae8aa973467a7828237fbc097c8e3936d5a05196de3cfd2881f550b8afd6e1a
[E1] project_git_commit=c25312ae09cad1fd2ac9526d5a927a7f6005e047
[E1] project_git_state_before_log_creation=dirty
[E1] project_git_status_sha256_before_log_creation=4b74cb044fc463b62184a7dfc6372be520761bc4c7f9b5990803d9826830c877
[E1] project_tracked_state_before_log_creation=clean
[E1] project_tracked_status_sha256_before_log_creation=e3b0c44298fc1c149afbf4c8996fb92427ae41e4649b934ca495991b7852b855
[E1] project_untracked_paths_sha256_before_log_creation=e8d848fbe936ece355a3de0880608353d1e4e30413606d7c0eb2f703bc9c281c
[E1] host_kernel=7.0.0-31-generic
[E1] docker_server_version=29.1.3
[E1] fixed_cpu_set=2-15
[E1] Verifying CPU measurement state...
[E1] cpu2_state=governor:performance,min_khz:3201000,max_khz:3201000
[E1] cpu3_state=governor:performance,min_khz:3201000,max_khz:3201000
[E1] cpu4_state=governor:performance,min_khz:3201000,max_khz:3201000
[E1] cpu5_state=governor:performance,min_khz:3201000,max_khz:3201000
[E1] cpu6_state=governor:performance,min_khz:3201000,max_khz:3201000
[E1] cpu7_state=governor:performance,min_khz:3201000,max_khz:3201000
[E1] cpu8_state=governor:performance,min_khz:3201000,max_khz:3201000
[E1] cpu9_state=governor:performance,min_khz:3201000,max_khz:3201000
[E1] cpu10_state=governor:performance,min_khz:3201000,max_khz:3201000
[E1] cpu11_state=governor:performance,min_khz:3201000,max_khz:3201000
[E1] cpu12_state=governor:performance,min_khz:3201000,max_khz:3201000
[E1] cpu13_state=governor:performance,min_khz:3201000,max_khz:3201000
[E1] cpu14_state=governor:performance,min_khz:3201000,max_khz:3201000
[E1] cpu15_state=governor:performance,min_khz:3201000,max_khz:3201000
[E1] CPU state verified.
[E1] amd_pstate_mode=passive
[E1] boost_state=0
[E1] Frequency lock verified: 3201000 kHz on CPUs 2-15.
[E1] fabric_source_tag=v2.5.16
[E1] fabric_source_commit=f871cf92a026aba7b12e6f06d71ded3e6e659d71
[E1] fabric_source_state=clean
[E1] fabric_peer_image_id=sha256:3d71da5ac46b179c981527b69ac832cb7905bd3bc428ee6b2620bc580e3c944e
[E1] fabric_orderer_image_id=sha256:4ec6f0287e3fda35a874357bfe9c9f2ef8b9fbb427a42457de3b6b1b98290058
[E1] fabric_image_label_fabric_commit=f871cf92a026aba7b12e6f06d71ded3e6e659d71
[E1] fabric_image_label_liboqs_commit=97f6b86b1b6d109cfd43cf276ae39c2e776aed80
[E1] fabric_image_label_patch_sha256=5268f9f67656233d7e7b9ac7c449f20f05fc8a8257fb91eb0de63698a72d1293
[E1] pq_verify_trace=0
[E1] configtx_sha256=87022050421db9821be46266cfe68b9789c3fe125d089e31d368a01ffe27b384
[E1] crypto_config_sha256=6b7208daa343bf57296dcbe8152484c5062fe410824105fd374d46dcf2a0336c
[E1] docker_compose_sha256=0ae1009ed9c0f2d009100bbfb793b3b39e339bae86517df753114e26047102d4
[E1] fabric_setup_sha256=b69af762feee33e800bc26ef5af9e0a45301ba0c2172f580de6fc90b25ac2831
[E1] fabric_build_sha256=b17a4db58b1acf8ce94bb5b8cd895dcacfa06ae98dbcbef4e67152894d3c9281
[E1] fabric_pq_patch_sha256=5268f9f67656233d7e7b9ac7c449f20f05fc8a8257fb91eb0de63698a72d1293
[E1] chaincode_sha256=64973916cfe23691d2bc715b5b257f8ed2db8e08731720e750a2240c5cd0f8e1
[E1] pq_identity_generator_sha256=b4d8e0515fd4898f221a3618bc41971fcf35778175ae4e6e7c94ccd8f0ca9e48
[E1] caliper_package_lock_sha256=b45f505c22bcc63537590f39f748d7145a617cf9a83e2ac07fb4b48c48322355
[E1] caliper_network_sha256=7f3882ef30fc5bf532f2484ef55ebac5ce720290a6cd0f1e79b24f512cfa62fb
[E1] caliper_connection_org1_sha256=1a6c60a78e642181dcbebddd86537a7015063f3d00badb6dca4a35c8d9b30b6d
[E1] caliper_connection_org2_sha256=a7f68c912cb9b975cac96c0435e1e311dbdc87e903a9e29eb6ec0c5b9d3b0da8
[E1] caliper_workload_sha256=28a48fd0ce5ec7e883d3dd2b43d44797a2edc3eb9da01ade14d97a2965bffc65
[E1] caliper_timing_patch_sha256=7d3eaab0e3ce1a7713f09761ea2353b5d280cb51588f2ddb1098a9d50f17c578
[E1] e1_run_policy_sha256=f384807b82a7c6d94446242a07d5820bcd23c90529ce131e07764400807ca071
[E1] e1_runner_sha256=6247ec72dcb6d6eee4996addbf5b65cefe62d716318e2d478ff4c6ff2c860b65
[E1] Setting up Fabric network for configuration: ecdsa
[E1] Fabric setup starting...
[E1] Fabric binaries: /home/user/projects/fabric-samples/bin
[E1] Channel: energychannel
[E1] Chaincode: simplekv
[E1] Configuration: ecdsa
[E1] Running preflight checks...
[E1] Hyperledger Fabric version: 2.5.16
[E1] Preflight checks passed.
[E1] Removing previous E1 containers and generated artifacts...
[E1] Previous generated state removed.
[E1] Generating cryptographic material...
org1.example.com
org2.example.com
[E1] Generating orderer genesis block...
[34m2026-09-11 00:37:35.535 +0330 0001 INFO[0m [common.tools.configtxgen] [34;1mmain[0m -> Loading configuration
[34m2026-09-11 00:37:35.540 +0330 0002 INFO[0m [common.tools.configtxgen.localconfig] [34;1mcompleteInitialization[0m -> orderer type: etcdraft
[34m2026-09-11 00:37:35.540 +0330 0003 INFO[0m [common.tools.configtxgen.localconfig] [34;1mcompleteInitialization[0m -> Orderer.EtcdRaft.Options unset, setting to tick_interval:"500ms" election_tick:10 heartbeat_tick:1 max_inflight_blocks:5 snapshot_interval_size:16777216 
[34m2026-09-11 00:37:35.540 +0330 0004 INFO[0m [common.tools.configtxgen.localconfig] [34;1mLoad[0m -> Loaded configuration: /home/user/projects/pqc-energy-trading/env/fabric/e1/configtx.yaml
[34m2026-09-11 00:37:35.542 +0330 0005 INFO[0m [common.tools.configtxgen] [34;1mdoOutputBlock[0m -> Generating genesis block
[34m2026-09-11 00:37:35.542 +0330 0006 INFO[0m [common.tools.configtxgen] [34;1mdoOutputBlock[0m -> Creating system channel genesis block
[34m2026-09-11 00:37:35.543 +0330 0007 INFO[0m [common.tools.configtxgen] [34;1mdoOutputBlock[0m -> Writing genesis block
[E1] Generating channel creation transaction...
[34m2026-09-11 00:37:35.578 +0330 0001 INFO[0m [common.tools.configtxgen] [34;1mmain[0m -> Loading configuration
[34m2026-09-11 00:37:35.583 +0330 0002 INFO[0m [common.tools.configtxgen.localconfig] [34;1mLoad[0m -> Loaded configuration: /home/user/projects/pqc-energy-trading/env/fabric/e1/configtx.yaml
[34m2026-09-11 00:37:35.583 +0330 0003 INFO[0m [common.tools.configtxgen] [34;1mdoOutputChannelCreateTx[0m -> Generating new channel configtx
[34m2026-09-11 00:37:35.585 +0330 0004 INFO[0m [common.tools.configtxgen] [34;1mdoOutputChannelCreateTx[0m -> Writing new channel tx
[E1] Generating anchor peer updates...
[34m2026-09-11 00:37:35.622 +0330 0001 INFO[0m [common.tools.configtxgen] [34;1mmain[0m -> Loading configuration
[34m2026-09-11 00:37:35.627 +0330 0002 INFO[0m [common.tools.configtxgen.localconfig] [34;1mLoad[0m -> Loaded configuration: /home/user/projects/pqc-energy-trading/env/fabric/e1/configtx.yaml
[34m2026-09-11 00:37:35.627 +0330 0003 INFO[0m [common.tools.configtxgen] [34;1mdoOutputAnchorPeersUpdate[0m -> Generating anchor peer update
[34m2026-09-11 00:37:35.628 +0330 0004 INFO[0m [common.tools.configtxgen] [34;1mdoOutputAnchorPeersUpdate[0m -> Writing anchor peer update
[34m2026-09-11 00:37:35.664 +0330 0001 INFO[0m [common.tools.configtxgen] [34;1mmain[0m -> Loading configuration
[34m2026-09-11 00:37:35.671 +0330 0002 INFO[0m [common.tools.configtxgen.localconfig] [34;1mLoad[0m -> Loaded configuration: /home/user/projects/pqc-energy-trading/env/fabric/e1/configtx.yaml
[34m2026-09-11 00:37:35.671 +0330 0003 INFO[0m [common.tools.configtxgen] [34;1mdoOutputAnchorPeersUpdate[0m -> Generating anchor peer update
[34m2026-09-11 00:37:35.672 +0330 0004 INFO[0m [common.tools.configtxgen] [34;1mdoOutputAnchorPeersUpdate[0m -> Writing anchor peer update
[E1] Fabric cryptographic and channel artifacts generated.
[E1] Starting Fabric network...
 Network e1net  Creating
 Network e1net  Created
 Container peer0.org2.example.com  Creating
 Container peer1.org2.example.com  Creating
 Container peer1.org1.example.com  Creating
 Container orderer.example.com  Creating
 Container peer0.org1.example.com  Creating
 Container peer1.org2.example.com  Created
 Container peer0.org1.example.com  Created
 Container peer1.org1.example.com  Created
 Container peer0.org2.example.com  Created
 Container orderer.example.com  Created
 Container peer0.org2.example.com  Starting
 Container peer1.org2.example.com  Starting
 Container peer1.org1.example.com  Starting
 Container orderer.example.com  Starting
 Container peer0.org1.example.com  Starting
 Container peer0.org1.example.com  Started
 Container peer1.org2.example.com  Started
 Container peer1.org1.example.com  Started
 Container orderer.example.com  Started
 Container peer0.org2.example.com  Started
[E1] orderer.example.com is running.
[E1] peer0.org1.example.com is running.
[E1] peer1.org1.example.com is running.
[E1] peer0.org2.example.com is running.
[E1] peer1.org2.example.com is running.
[E1] Fabric containers are running.
[E1] Waiting for Raft leader...
[E1] Raft leader is ready.
[E1] Waiting for peers to become ready...
[E1] peer0.org1.example.com:7051 is ready.
[E1] peer1.org1.example.com:8051 is ready.
[E1] peer0.org2.example.com:9051 is ready.
[E1] peer1.org2.example.com:10051 is ready.
[E1] All peers are ready.
[E1] Creating channel energychannel...
[34m2026-09-11 00:37:37.492 +0330 0001 INFO[0m [channelCmd] [34;1mInitCmdFactory[0m -> Endorser and orderer connections initialized
[34m2026-09-11 00:37:37.512 +0330 0002 INFO[0m [cli.common] [34;1mreadBlock[0m -> Expect block, but got status: &{SERVICE_UNAVAILABLE}
[34m2026-09-11 00:37:37.515 +0330 0003 INFO[0m [channelCmd] [34;1mInitCmdFactory[0m -> Endorser and orderer connections initialized
[34m2026-09-11 00:37:37.716 +0330 0004 INFO[0m [cli.common] [34;1mreadBlock[0m -> Expect block, but got status: &{SERVICE_UNAVAILABLE}
[34m2026-09-11 00:37:37.719 +0330 0005 INFO[0m [channelCmd] [34;1mInitCmdFactory[0m -> Endorser and orderer connections initialized
[34m2026-09-11 00:37:37.920 +0330 0006 INFO[0m [cli.common] [34;1mreadBlock[0m -> Expect block, but got status: &{SERVICE_UNAVAILABLE}
[34m2026-09-11 00:37:37.922 +0330 0007 INFO[0m [channelCmd] [34;1mInitCmdFactory[0m -> Endorser and orderer connections initialized
[34m2026-09-11 00:37:38.124 +0330 0008 INFO[0m [cli.common] [34;1mreadBlock[0m -> Expect block, but got status: &{SERVICE_UNAVAILABLE}
[34m2026-09-11 00:37:38.127 +0330 0009 INFO[0m [channelCmd] [34;1mInitCmdFactory[0m -> Endorser and orderer connections initialized
[34m2026-09-11 00:37:38.328 +0330 000a INFO[0m [cli.common] [34;1mreadBlock[0m -> Expect block, but got status: &{SERVICE_UNAVAILABLE}
[34m2026-09-11 00:37:38.331 +0330 000b INFO[0m [channelCmd] [34;1mInitCmdFactory[0m -> Endorser and orderer connections initialized
[34m2026-09-11 00:37:38.533 +0330 000c INFO[0m [cli.common] [34;1mreadBlock[0m -> Received block: 0
[E1] Joining peer0.org1...
[34m2026-09-11 00:37:38.584 +0330 0001 INFO[0m [channelCmd] [34;1mInitCmdFactory[0m -> Endorser and orderer connections initialized
[34m2026-09-11 00:37:38.599 +0330 0002 INFO[0m [channelCmd] [34;1mexecuteJoin[0m -> Successfully submitted proposal to join channel
[E1] Joining peer1.org1...
[34m2026-09-11 00:37:38.647 +0330 0001 INFO[0m [channelCmd] [34;1mInitCmdFactory[0m -> Endorser and orderer connections initialized
[34m2026-09-11 00:37:38.663 +0330 0002 INFO[0m [channelCmd] [34;1mexecuteJoin[0m -> Successfully submitted proposal to join channel
[E1] Joining peer0.org2...
[34m2026-09-11 00:37:38.712 +0330 0001 INFO[0m [channelCmd] [34;1mInitCmdFactory[0m -> Endorser and orderer connections initialized
[34m2026-09-11 00:37:38.727 +0330 0002 INFO[0m [channelCmd] [34;1mexecuteJoin[0m -> Successfully submitted proposal to join channel
[E1] Joining peer1.org2...
[34m2026-09-11 00:37:38.777 +0330 0001 INFO[0m [channelCmd] [34;1mInitCmdFactory[0m -> Endorser and orderer connections initialized
[34m2026-09-11 00:37:38.793 +0330 0002 INFO[0m [channelCmd] [34;1mexecuteJoin[0m -> Successfully submitted proposal to join channel
[E1] All four peers joined energychannel.
[E1] Applying Org1 anchor peer update...
[34m2026-09-11 00:37:38.841 +0330 0001 INFO[0m [channelCmd] [34;1mInitCmdFactory[0m -> Endorser and orderer connections initialized
[34m2026-09-11 00:37:38.850 +0330 0002 INFO[0m [channelCmd] [34;1mupdate[0m -> Successfully submitted channel update
[E1] Applying Org2 anchor peer update...
[34m2026-09-11 00:37:38.900 +0330 0001 INFO[0m [channelCmd] [34;1mInitCmdFactory[0m -> Endorser and orderer connections initialized
[34m2026-09-11 00:37:38.910 +0330 0002 INFO[0m [channelCmd] [34;1mupdate[0m -> Successfully submitted channel update
[E1] Anchor peer updates applied.
[E1] Packaging chaincode...
[E1] Installing chaincode on all four peers...
[34m2026-09-11 00:37:39.331 +0330 0001 INFO[0m [cli.lifecycle.chaincode] [34;1msubmitInstallProposal[0m -> Installed remotely: response:<status:200 payload:"\nKsimplekv_1:c806deb2b025ac0d6e7758647d40416e68a179e25ff760a00f1a8b3e0a192b0b\022\nsimplekv_1" > 
[34m2026-09-11 00:37:39.331 +0330 0002 INFO[0m [cli.lifecycle.chaincode] [34;1msubmitInstallProposal[0m -> Chaincode code package identifier: simplekv_1:c806deb2b025ac0d6e7758647d40416e68a179e25ff760a00f1a8b3e0a192b0b
[34m2026-09-11 00:37:39.392 +0330 0001 INFO[0m [cli.lifecycle.chaincode] [34;1msubmitInstallProposal[0m -> Installed remotely: response:<status:200 payload:"\nKsimplekv_1:c806deb2b025ac0d6e7758647d40416e68a179e25ff760a00f1a8b3e0a192b0b\022\nsimplekv_1" > 
[34m2026-09-11 00:37:39.393 +0330 0002 INFO[0m [cli.lifecycle.chaincode] [34;1msubmitInstallProposal[0m -> Chaincode code package identifier: simplekv_1:c806deb2b025ac0d6e7758647d40416e68a179e25ff760a00f1a8b3e0a192b0b
[34m2026-09-11 00:37:39.455 +0330 0001 INFO[0m [cli.lifecycle.chaincode] [34;1msubmitInstallProposal[0m -> Installed remotely: response:<status:200 payload:"\nKsimplekv_1:c806deb2b025ac0d6e7758647d40416e68a179e25ff760a00f1a8b3e0a192b0b\022\nsimplekv_1" > 
[34m2026-09-11 00:37:39.455 +0330 0002 INFO[0m [cli.lifecycle.chaincode] [34;1msubmitInstallProposal[0m -> Chaincode code package identifier: simplekv_1:c806deb2b025ac0d6e7758647d40416e68a179e25ff760a00f1a8b3e0a192b0b
[34m2026-09-11 00:37:39.514 +0330 0001 INFO[0m [cli.lifecycle.chaincode] [34;1msubmitInstallProposal[0m -> Installed remotely: response:<status:200 payload:"\nKsimplekv_1:c806deb2b025ac0d6e7758647d40416e68a179e25ff760a00f1a8b3e0a192b0b\022\nsimplekv_1" > 
[34m2026-09-11 00:37:39.514 +0330 0002 INFO[0m [cli.lifecycle.chaincode] [34;1msubmitInstallProposal[0m -> Chaincode code package identifier: simplekv_1:c806deb2b025ac0d6e7758647d40416e68a179e25ff760a00f1a8b3e0a192b0b
[E1] Chaincode package ID: simplekv_1:c806deb2b025ac0d6e7758647d40416e68a179e25ff760a00f1a8b3e0a192b0b
[E1] Approving chaincode for Org1...
[34m2026-09-11 00:37:41.640 +0330 0001 INFO[0m [chaincodeCmd] [34;1mClientWait[0m -> txid [e5c7917f4c78b51b982a739153677c978df60149a0f0d83b42783cf17971ae5d] committed with status (VALID) at peer0.org1.example.com:7051
[E1] Approving chaincode for Org2...
[34m2026-09-11 00:37:43.710 +0330 0001 INFO[0m [chaincodeCmd] [34;1mClientWait[0m -> txid [b4079dacbe2533a19e131e112867fb812688ff46a0e7574c1591c6bdf457de0b] committed with status (VALID) at peer0.org2.example.com:9051
[E1] Checking chaincode commit readiness...
{
	"approvals": {
		"Org1MSP": true,
		"Org2MSP": true
	}
}
[E1] Committing chaincode definition...
[34m2026-09-11 00:37:45.841 +0330 0001 INFO[0m [chaincodeCmd] [34;1mClientWait[0m -> txid [35553e0af5fcc0b3ada4dd2c73e90a4214bbcb7d89364a4450fd3ea7c36a79af] committed with status (VALID) at peer0.org2.example.com:9051
[34m2026-09-11 00:37:45.842 +0330 0002 INFO[0m [chaincodeCmd] [34;1mClientWait[0m -> txid [35553e0af5fcc0b3ada4dd2c73e90a4214bbcb7d89364a4450fd3ea7c36a79af] committed with status (VALID) at peer0.org1.example.com:7051
[E1] Chaincode committed.
[E1] Running chaincode smoke test...
[34m2026-09-11 00:37:46.098 +0330 0001 INFO[0m [chaincodeCmd] [34;1mchaincodeInvokeOrQuery[0m -> Chaincode invoke successful. result: status:200 
[E1] Chaincode smoke test passed.
[E1] Verifying cross-organization discovery...
[E1] Discovery check passed: all four peers visible.
[E1] Fabric E1 setup completed successfully.
[E1] Fabric network ready for configuration: ecdsa
[E1] effective_BatchTimeout=2s
[E1] effective_MaxMessageCount=500
[E1] effective_PreferredMaxBytes=2097152
[E1] effective_AbsoluteMaxBytes=10485760
[E1] Starting Caliper benchmark...
[E1] Log: /home/user/projects/pqc-energy-trading/raw/e1/latency-common-clean-v1_ecdsa_caliper_run.log
npm notice run e1@1.0.0 npx
npm notice run 'caliper' launch manager --caliper-workspace . --caliper-benchconfig /home/user/projects/pqc-energy-trading/env/caliper/e1/benchmark.yaml --caliper-networkconfig network.yaml
2026.09.11-00:37:49.141[32m info [39m [caliper] [cli-launch-manager] 	Set workspace path: /home/user/projects/pqc-energy-trading/env/caliper/e1
2026.09.11-00:37:49.142[32m info [39m [caliper] [cli-launch-manager] 	Set benchmark configuration path: /home/user/projects/pqc-energy-trading/env/caliper/e1/benchmark.yaml
2026.09.11-00:37:49.142[32m info [39m [caliper] [cli-launch-manager] 	Set network configuration path: /home/user/projects/pqc-energy-trading/env/caliper/e1/network.yaml
2026.09.11-00:37:49.142[32m info [39m [caliper] [cli-launch-manager] 	Set SUT type: fabric
2026.09.11-00:37:49.168[32m info [39m [caliper] [benchmark-validator] 	No observer specified, will default to `none`
2026.09.11-00:37:49.168[32m info [39m [caliper] [caliper-engine] 	Starting benchmark flow
2026.09.11-00:37:49.168[32m info [39m [caliper] [caliper-engine] 	Network configuration attribute "caliper.command.start" is not present, skipping start command
2026.09.11-00:37:49.290[32m info [39m [caliper] [FabricConnectorFactory] 	Initializing peer gateway connector compatible with installed fabric-gateway SDK: 1.7.1
2026.09.11-00:37:49.297[32m info [39m [caliper] [IdentityManager] 	Adding User1 (admin=false) as User1 for organization Org1MSP
2026.09.11-00:37:49.298[32m info [39m [caliper] [IdentityManager] 	Adding User1Org2 (admin=false) as _Org2MSP_User1Org2 for organization Org2MSP
2026.09.11-00:37:49.300[32m info [39m [caliper] [connectors/peer-gateway/PeerGateway] 	Fabric-Gateway SDK version: 1.7.1 for Peer-Gateway connector; TLS based on Org1MSP: server
2026.09.11-00:37:49.300[32m info [39m [caliper] [caliper-engine] 	Executed "init" step in 0.001 seconds
2026.09.11-00:37:49.300[33m warn [39m [caliper] [connectors/peer-gateway/PeerGateway] 	Install smart contract not available for the Fabric Peer Gateway connector
2026.09.11-00:37:49.300[32m info [39m [caliper] [caliper-engine] 	Executed "install" step in 0 seconds
2026.09.11-00:37:49.302[32m info [39m [caliper] [monitor.js] 	Attempting to create resource monitor of type docker
2026.09.11-00:37:49.303[32m info [39m [caliper] [default-observer] 	Observer interval set to 5000 milliseconds
2026.09.11-00:37:49.305[32m info [39m [caliper] [round-orchestrator] 	Preparing worker connections
2026.09.11-00:37:49.306[32m info [39m [caliper] [worker-orchestrator] 	Launching worker 1 of 1
2026.09.11-00:37:49.310[32m info [39m [caliper] [worker-orchestrator] 	Messenger not configured, entering configure phase...
2026.09.11-00:37:49.310[32m info [39m [caliper] [worker-orchestrator] 	No existing workers detected, entering worker launch phase...
2026.09.11-00:37:49.310[32m info [39m [caliper] [worker-orchestrator] 	Waiting for 1 workers to be connected...
2026.09.11-00:37:49.525[32m info [39m [caliper] [cli-launch-worker] 	Set workspace path: /home/user/projects/pqc-energy-trading/env/caliper/e1
2026.09.11-00:37:49.526[32m info [39m [caliper] [cli-launch-worker] 	Set benchmark configuration path: /home/user/projects/pqc-energy-trading/env/caliper/e1/benchmark.yaml
2026.09.11-00:37:49.526[32m info [39m [caliper] [cli-launch-worker] 	Set network configuration path: /home/user/projects/pqc-energy-trading/env/caliper/e1/network.yaml
2026.09.11-00:37:49.526[32m info [39m [caliper] [cli-launch-worker] 	Set SUT type: fabric
2026.09.11-00:37:49.556[32m info [39m [caliper] [worker-orchestrator] 	1 workers connected, progressing to worker assignment phase.
2026.09.11-00:37:49.556[32m info [39m [caliper] [worker-orchestrator] 	Workers currently unassigned, awaiting index assignment...
2026.09.11-00:37:49.556[32m info [39m [caliper] [worker-orchestrator] 	Waiting for 1 workers to be assigned...
2026.09.11-00:37:49.574[32m info [39m [caliper] [worker-orchestrator] 	1 workers assigned, progressing to worker initialization phase.
2026.09.11-00:37:49.574[32m info [39m [caliper] [worker-orchestrator] 	Waiting for 1 workers to be ready...
2026.09.11-00:37:49.574[32m info [39m [caliper] [worker-message-handler] 	Initializing Worker#0...
2026.09.11-00:37:49.680[32m info [39m [caliper] [FabricConnectorFactory] 	Initializing peer gateway connector compatible with installed fabric-gateway SDK: 1.7.1
2026.09.11-00:37:49.684[32m info [39m [caliper] [IdentityManager] 	Adding User1 (admin=false) as User1 for organization Org1MSP
2026.09.11-00:37:49.685[32m info [39m [caliper] [IdentityManager] 	Adding User1Org2 (admin=false) as _Org2MSP_User1Org2 for organization Org2MSP
2026.09.11-00:37:49.687[32m info [39m [caliper] [worker-message-handler] 	Worker#0 initialized
2026.09.11-00:37:49.688[32m info [39m [caliper] [worker-orchestrator] 	1 workers ready, progressing to test preparation phase.
2026.09.11-00:37:49.688[32m info [39m [caliper] [round-orchestrator] 	Started round 1 (warmup)
2026.09.11-00:37:49.689[32m info [39m [caliper] [worker-message-handler] 	Preparing Worker#0 for Round#0
2026.09.11-00:37:49.702[32m info [39m [caliper] [connectors/peer-gateway/PeerGateway] 	Generating contract map for user User1
2026.09.11-00:37:49.705[32m info [39m [caliper] [connectors/peer-gateway/PeerGateway] 	Generating contract map for user _Org2MSP_User1Org2
2026.09.11-00:37:49.705[32m info [39m [caliper] [caliper-worker] 	Info: worker 0 prepare test phase for round 0 is starting...
2026.09.11-00:37:49.824[32m info [39m [caliper] [connectors/peer-gateway/PeerGateway] 	disconnecting gateway for user User1
2026.09.11-00:37:49.824[32m info [39m [caliper] [connectors/peer-gateway/PeerGateway] 	disconnecting gateway for user _Org2MSP_User1Org2
2026.09.11-00:37:49.824[32m info [39m [caliper] [connectors/peer-gateway/PeerGateway] 	disconnecting gRpc client at peer peer0.org1.example.com
2026.09.11-00:37:49.825[32m info [39m [caliper] [connectors/peer-gateway/PeerGateway] 	disconnecting gRpc client at peer peer0.org2.example.com
2026.09.11-00:37:49.825[32m info [39m [caliper] [caliper-worker] 	Info: worker 0 prepare test phase for round 0 is completed
2026.09.11-00:37:49.825[32m info [39m [caliper] [worker-message-handler] 	Worker#0 prepared for Round#0
2026.09.11-00:37:49.826[32m info [39m [caliper] [worker-orchestrator] 	1 workers prepared, progressing to test phase.
2026.09.11-00:37:49.838[32m info [39m [caliper] [round-orchestrator] 	Monitors successfully started
2026.09.11-00:37:49.839[32m info [39m [caliper] [worker-message-handler] 	Worker#0 is starting Round#0
2026.09.11-00:37:49.841[32m info [39m [caliper] [connectors/peer-gateway/PeerGateway] 	Generating contract map for user User1
2026.09.11-00:37:49.842[32m info [39m [caliper] [connectors/peer-gateway/PeerGateway] 	Generating contract map for user _Org2MSP_User1Org2
2026.09.11-00:37:49.843[32m info [39m [caliper] [caliper-worker] 	Worker #0 starting workload loop
2026.09.11-00:37:54.834[32m info [39m [caliper] [default-observer] 	[warmup Round 0 Transaction Info] - Submitted: 200 Succ: 106 Fail:0 Unfinished:94
2026.09.11-00:37:59.827[32m info [39m [caliper] [default-observer] 	[warmup Round 0 Transaction Info] - Submitted: 451 Succ: 411 Fail:0 Unfinished:40
2026.09.11-00:38:04.828[32m info [39m [caliper] [default-observer] 	[warmup Round 0 Transaction Info] - Submitted: 701 Succ: 613 Fail:0 Unfinished:88
2026.09.11-00:38:09.829[32m info [39m [caliper] [default-observer] 	[warmup Round 0 Transaction Info] - Submitted: 951 Succ: 917 Fail:0 Unfinished:34
2026.09.11-00:38:11.362[32m info [39m [caliper] [connectors/peer-gateway/PeerGateway] 	disconnecting gateway for user User1
2026.09.11-00:38:11.362[32m info [39m [caliper] [connectors/peer-gateway/PeerGateway] 	disconnecting gateway for user _Org2MSP_User1Org2
2026.09.11-00:38:11.362[32m info [39m [caliper] [connectors/peer-gateway/PeerGateway] 	disconnecting gRpc client at peer peer0.org1.example.com
2026.09.11-00:38:11.363[32m info [39m [caliper] [connectors/peer-gateway/PeerGateway] 	disconnecting gRpc client at peer peer0.org2.example.com
2026.09.11-00:38:11.363[32m info [39m [caliper] [worker-message-handler] 	Worker#0 finished Round#0
2026.09.11-00:38:16.366[32m info [39m [caliper] [default-observer] 	Resetting txCount indicator count
2026.09.11-00:38:16.367[32m info [39m [caliper] [report-builder] 	### Test result ###
2026.09.11-00:38:16.370[32m info [39m [caliper] [report-builder] 	
+--------+------+------+-----------------+-----------------+-----------------+-----------------+------------------+
| Name   | Succ | Fail | Send Rate (TPS) | Max Latency (s) | Min Latency (s) | Avg Latency (s) | Throughput (TPS) |
|--------|------|------|-----------------|-----------------|-----------------|-----------------|------------------|
| warmup | 1001 | 0    | 50.1            | 2.17            | 0.06            | 1.09            | 49.1             |
+--------+------+------+-----------------+-----------------+-----------------+-----------------+------------------+

2026.09.11-00:38:16.371[32m info [39m [caliper] [round-orchestrator] 	Finished round 1 (warmup) in 20.408 seconds
2026.09.11-00:38:16.371[32m info [39m [caliper] [monitor.js] 	Stopping all monitors
2026.09.11-00:38:16.472[32m info [39m [caliper] [round-orchestrator] 	Waiting 5 seconds for the next round...
2026.09.11-00:38:21.478[32m info [39m [caliper] [round-orchestrator] 	Started round 2 (50-tps)
2026.09.11-00:38:21.479[32m info [39m [caliper] [worker-message-handler] 	Preparing Worker#0 for Round#1
2026.09.11-00:38:21.486[32m info [39m [caliper] [connectors/peer-gateway/PeerGateway] 	Generating contract map for user User1
2026.09.11-00:38:21.487[32m info [39m [caliper] [connectors/peer-gateway/PeerGateway] 	Generating contract map for user _Org2MSP_User1Org2
2026.09.11-00:38:21.488[32m info [39m [caliper] [caliper-worker] 	Info: worker 0 prepare test phase for round 1 is starting...
2026.09.11-00:38:21.606[32m info [39m [caliper] [connectors/peer-gateway/PeerGateway] 	disconnecting gateway for user User1
2026.09.11-00:38:21.606[32m info [39m [caliper] [connectors/peer-gateway/PeerGateway] 	disconnecting gateway for user _Org2MSP_User1Org2
2026.09.11-00:38:21.606[32m info [39m [caliper] [connectors/peer-gateway/PeerGateway] 	disconnecting gRpc client at peer peer0.org1.example.com
2026.09.11-00:38:21.606[32m info [39m [caliper] [connectors/peer-gateway/PeerGateway] 	disconnecting gRpc client at peer peer0.org2.example.com
2026.09.11-00:38:21.606[32m info [39m [caliper] [caliper-worker] 	Info: worker 0 prepare test phase for round 1 is completed
2026.09.11-00:38:21.606[32m info [39m [caliper] [worker-message-handler] 	Worker#0 prepared for Round#1
2026.09.11-00:38:21.607[32m info [39m [caliper] [worker-orchestrator] 	1 workers prepared, progressing to test phase.
2026.09.11-00:38:21.611[32m info [39m [caliper] [round-orchestrator] 	Monitors successfully started
2026.09.11-00:38:21.612[32m info [39m [caliper] [worker-message-handler] 	Worker#0 is starting Round#1
2026.09.11-00:38:21.614[32m info [39m [caliper] [connectors/peer-gateway/PeerGateway] 	Generating contract map for user User1
2026.09.11-00:38:21.615[32m info [39m [caliper] [connectors/peer-gateway/PeerGateway] 	Generating contract map for user _Org2MSP_User1Org2
2026.09.11-00:38:21.615[32m info [39m [caliper] [caliper-worker] 	Worker #0 starting workload loop
2026.09.11-00:38:26.609[32m info [39m [caliper] [default-observer] 	[50-tps Round 1 Transaction Info] - Submitted: 200 Succ: 101 Fail:0 Unfinished:99
2026.09.11-00:38:31.609[32m info [39m [caliper] [default-observer] 	[50-tps Round 1 Transaction Info] - Submitted: 451 Succ: 402 Fail:0 Unfinished:49
2026.09.11-00:38:36.611[32m info [39m [caliper] [default-observer] 	[50-tps Round 1 Transaction Info] - Submitted: 701 Succ: 606 Fail:0 Unfinished:95
2026.09.11-00:38:41.613[32m info [39m [caliper] [default-observer] 	[50-tps Round 1 Transaction Info] - Submitted: 951 Succ: 908 Fail:0 Unfinished:43
2026.09.11-00:38:46.613[32m info [39m [caliper] [default-observer] 	[50-tps Round 1 Transaction Info] - Submitted: 1201 Succ: 1109 Fail:0 Unfinished:92
2026.09.11-00:38:51.614[32m info [39m [caliper] [default-observer] 	[50-tps Round 1 Transaction Info] - Submitted: 1451 Succ: 1412 Fail:0 Unfinished:39
2026.09.11-00:38:56.615[32m info [39m [caliper] [default-observer] 	[50-tps Round 1 Transaction Info] - Submitted: 1701 Succ: 1614 Fail:0 Unfinished:87
2026.09.11-00:39:01.617[32m info [39m [caliper] [default-observer] 	[50-tps Round 1 Transaction Info] - Submitted: 1951 Succ: 1917 Fail:0 Unfinished:34
2026.09.11-00:39:06.617[32m info [39m [caliper] [default-observer] 	[50-tps Round 1 Transaction Info] - Submitted: 2201 Succ: 2119 Fail:0 Unfinished:82
2026.09.11-00:39:11.617[32m info [39m [caliper] [default-observer] 	[50-tps Round 1 Transaction Info] - Submitted: 2501 Succ: 2424 Fail:0 Unfinished:77
2026.09.11-00:39:16.617[32m info [39m [caliper] [default-observer] 	[50-tps Round 1 Transaction Info] - Submitted: 2751 Succ: 2727 Fail:0 Unfinished:24
2026.09.11-00:39:21.617[32m info [39m [caliper] [default-observer] 	[50-tps Round 1 Transaction Info] - Submitted: 3001 Succ: 2929 Fail:0 Unfinished:72
2026.09.11-00:39:26.618[32m info [39m [caliper] [default-observer] 	[50-tps Round 1 Transaction Info] - Submitted: 3251 Succ: 3231 Fail:0 Unfinished:20
2026.09.11-00:39:31.618[32m info [39m [caliper] [default-observer] 	[50-tps Round 1 Transaction Info] - Submitted: 3501 Succ: 3434 Fail:0 Unfinished:67
2026.09.11-00:39:36.617[32m info [39m [caliper] [default-observer] 	[50-tps Round 1 Transaction Info] - Submitted: 3751 Succ: 3737 Fail:0 Unfinished:14
2026.09.11-00:39:41.618[32m info [39m [caliper] [default-observer] 	[50-tps Round 1 Transaction Info] - Submitted: 4001 Succ: 3939 Fail:0 Unfinished:62
2026.09.11-00:39:46.618[32m info [39m [caliper] [default-observer] 	[50-tps Round 1 Transaction Info] - Submitted: 4251 Succ: 4242 Fail:0 Unfinished:9
2026.09.11-00:39:51.619[32m info [39m [caliper] [default-observer] 	[50-tps Round 1 Transaction Info] - Submitted: 4501 Succ: 4444 Fail:0 Unfinished:57
2026.09.11-00:39:56.619[32m info [39m [caliper] [default-observer] 	[50-tps Round 1 Transaction Info] - Submitted: 4750 Succ: 4647 Fail:0 Unfinished:103
2026.09.11-00:40:01.619[32m info [39m [caliper] [default-observer] 	[50-tps Round 1 Transaction Info] - Submitted: 5001 Succ: 4950 Fail:0 Unfinished:51
2026.09.11-00:40:06.619[32m info [39m [caliper] [default-observer] 	[50-tps Round 1 Transaction Info] - Submitted: 5251 Succ: 5153 Fail:0 Unfinished:98
2026.09.11-00:40:11.620[32m info [39m [caliper] [default-observer] 	[50-tps Round 1 Transaction Info] - Submitted: 5501 Succ: 5457 Fail:0 Unfinished:44
2026.09.11-00:40:16.620[32m info [39m [caliper] [default-observer] 	[50-tps Round 1 Transaction Info] - Submitted: 5751 Succ: 5659 Fail:0 Unfinished:92
2026.09.11-00:40:21.621[32m info [39m [caliper] [default-observer] 	[50-tps Round 1 Transaction Info] - Submitted: 6001 Succ: 5964 Fail:0 Unfinished:37
2026.09.11-00:40:24.143[32m info [39m [caliper] [connectors/peer-gateway/PeerGateway] 	disconnecting gateway for user User1
2026.09.11-00:40:24.143[32m info [39m [caliper] [connectors/peer-gateway/PeerGateway] 	disconnecting gateway for user _Org2MSP_User1Org2
2026.09.11-00:40:24.143[32m info [39m [caliper] [connectors/peer-gateway/PeerGateway] 	disconnecting gRpc client at peer peer0.org1.example.com
2026.09.11-00:40:24.144[32m info [39m [caliper] [connectors/peer-gateway/PeerGateway] 	disconnecting gRpc client at peer peer0.org2.example.com
2026.09.11-00:40:24.144[32m info [39m [caliper] [worker-message-handler] 	Worker#0 finished Round#1
2026.09.11-00:40:29.145[32m info [39m [caliper] [default-observer] 	Resetting txCount indicator count
2026.09.11-00:40:29.145[32m info [39m [caliper] [report-builder] 	### Test result ###
2026.09.11-00:40:29.146[32m info [39m [caliper] [report-builder] 	
+--------+------+------+-----------------+-----------------+-----------------+-----------------+------------------+
| Name   | Succ | Fail | Send Rate (TPS) | Max Latency (s) | Min Latency (s) | Avg Latency (s) | Throughput (TPS) |
|--------|------|------|-----------------|-----------------|-----------------|-----------------|------------------|
| 50-tps | 6001 | 0    | 50.0            | 2.09            | 0.05            | 1.07            | 49.5             |
+--------+------+------+-----------------+-----------------+-----------------+-----------------+------------------+

2026.09.11-00:40:29.146[32m info [39m [caliper] [round-orchestrator] 	Finished round 2 (50-tps) in 121.413 seconds
2026.09.11-00:40:29.146[32m info [39m [caliper] [monitor.js] 	Stopping all monitors
2026.09.11-00:40:29.247[32m info [39m [caliper] [round-orchestrator] 	Waiting 5 seconds for the next round...
2026.09.11-00:40:34.253[32m info [39m [caliper] [round-orchestrator] 	Started round 3 (200-tps)
2026.09.11-00:40:34.254[32m info [39m [caliper] [worker-message-handler] 	Preparing Worker#0 for Round#2
2026.09.11-00:40:34.260[32m info [39m [caliper] [connectors/peer-gateway/PeerGateway] 	Generating contract map for user User1
2026.09.11-00:40:34.262[32m info [39m [caliper] [connectors/peer-gateway/PeerGateway] 	Generating contract map for user _Org2MSP_User1Org2
2026.09.11-00:40:34.262[32m info [39m [caliper] [caliper-worker] 	Info: worker 0 prepare test phase for round 2 is starting...
2026.09.11-00:40:34.368[32m info [39m [caliper] [connectors/peer-gateway/PeerGateway] 	disconnecting gateway for user User1
2026.09.11-00:40:34.368[32m info [39m [caliper] [connectors/peer-gateway/PeerGateway] 	disconnecting gateway for user _Org2MSP_User1Org2
2026.09.11-00:40:34.368[32m info [39m [caliper] [connectors/peer-gateway/PeerGateway] 	disconnecting gRpc client at peer peer0.org1.example.com
2026.09.11-00:40:34.369[32m info [39m [caliper] [connectors/peer-gateway/PeerGateway] 	disconnecting gRpc client at peer peer0.org2.example.com
2026.09.11-00:40:34.369[32m info [39m [caliper] [caliper-worker] 	Info: worker 0 prepare test phase for round 2 is completed
2026.09.11-00:40:34.369[32m info [39m [caliper] [worker-message-handler] 	Worker#0 prepared for Round#2
2026.09.11-00:40:34.369[32m info [39m [caliper] [worker-orchestrator] 	1 workers prepared, progressing to test phase.
2026.09.11-00:40:34.372[32m info [39m [caliper] [round-orchestrator] 	Monitors successfully started
2026.09.11-00:40:34.372[32m info [39m [caliper] [worker-message-handler] 	Worker#0 is starting Round#2
2026.09.11-00:40:34.374[32m info [39m [caliper] [connectors/peer-gateway/PeerGateway] 	Generating contract map for user User1
2026.09.11-00:40:34.375[32m info [39m [caliper] [connectors/peer-gateway/PeerGateway] 	Generating contract map for user _Org2MSP_User1Org2
2026.09.11-00:40:34.376[32m info [39m [caliper] [caliper-worker] 	Worker #0 starting workload loop
2026.09.11-00:40:39.370[32m info [39m [caliper] [default-observer] 	[200-tps Round 2 Transaction Info] - Submitted: 801 Succ: 404 Fail:0 Unfinished:397
2026.09.11-00:40:44.371[32m info [39m [caliper] [default-observer] 	[200-tps Round 2 Transaction Info] - Submitted: 1801 Succ: 1605 Fail:0 Unfinished:196
2026.09.11-00:40:49.372[32m info [39m [caliper] [default-observer] 	[200-tps Round 2 Transaction Info] - Submitted: 2801 Succ: 2407 Fail:0 Unfinished:394
2026.09.11-00:40:54.373[32m info [39m [caliper] [default-observer] 	[200-tps Round 2 Transaction Info] - Submitted: 3801 Succ: 3609 Fail:0 Unfinished:192
2026.09.11-00:40:59.374[32m info [39m [caliper] [default-observer] 	[200-tps Round 2 Transaction Info] - Submitted: 4800 Succ: 4410 Fail:0 Unfinished:390
2026.09.11-00:41:04.375[32m info [39m [caliper] [default-observer] 	[200-tps Round 2 Transaction Info] - Submitted: 5801 Succ: 5612 Fail:0 Unfinished:189
2026.09.11-00:41:09.376[32m info [39m [caliper] [default-observer] 	[200-tps Round 2 Transaction Info] - Submitted: 6801 Succ: 6414 Fail:0 Unfinished:387
2026.09.11-00:41:14.377[32m info [39m [caliper] [default-observer] 	[200-tps Round 2 Transaction Info] - Submitted: 7801 Succ: 7617 Fail:0 Unfinished:184
2026.09.11-00:41:19.378[32m info [39m [caliper] [default-observer] 	[200-tps Round 2 Transaction Info] - Submitted: 8801 Succ: 8419 Fail:0 Unfinished:382
2026.09.11-00:41:24.378[32m info [39m [caliper] [default-observer] 	[200-tps Round 2 Transaction Info] - Submitted: 10001 Succ: 9621 Fail:0 Unfinished:380
2026.09.11-00:41:29.378[32m info [39m [caliper] [default-observer] 	[200-tps Round 2 Transaction Info] - Submitted: 11001 Succ: 10824 Fail:0 Unfinished:177
2026.09.11-00:41:34.379[32m info [39m [caliper] [default-observer] 	[200-tps Round 2 Transaction Info] - Submitted: 11801 Succ: 11626 Fail:0 Unfinished:175
2026.09.11-00:41:39.380[32m info [39m [caliper] [default-observer] 	[200-tps Round 2 Transaction Info] - Submitted: 12801 Succ: 12427 Fail:0 Unfinished:374
2026.09.11-00:41:44.381[32m info [39m [caliper] [default-observer] 	[200-tps Round 2 Transaction Info] - Submitted: 13802 Succ: 13630 Fail:0 Unfinished:172
2026.09.11-00:41:49.382[32m info [39m [caliper] [default-observer] 	[200-tps Round 2 Transaction Info] - Submitted: 14802 Succ: 14431 Fail:0 Unfinished:371
2026.09.11-00:41:54.383[32m info [39m [caliper] [default-observer] 	[200-tps Round 2 Transaction Info] - Submitted: 16002 Succ: 15634 Fail:0 Unfinished:368
2026.09.11-00:41:59.382[32m info [39m [caliper] [default-observer] 	[200-tps Round 2 Transaction Info] - Submitted: 17002 Succ: 16836 Fail:0 Unfinished:166
2026.09.11-00:42:04.382[32m info [39m [caliper] [default-observer] 	[200-tps Round 2 Transaction Info] - Submitted: 18002 Succ: 17638 Fail:0 Unfinished:364
2026.09.11-00:42:09.382[32m info [39m [caliper] [default-observer] 	[200-tps Round 2 Transaction Info] - Submitted: 19002 Succ: 18841 Fail:0 Unfinished:161
2026.09.11-00:42:14.383[32m info [39m [caliper] [default-observer] 	[200-tps Round 2 Transaction Info] - Submitted: 20002 Succ: 19643 Fail:0 Unfinished:359
2026.09.11-00:42:19.383[32m info [39m [caliper] [default-observer] 	[200-tps Round 2 Transaction Info] - Submitted: 21002 Succ: 20846 Fail:0 Unfinished:156
2026.09.11-00:42:24.384[32m info [39m [caliper] [default-observer] 	[200-tps Round 2 Transaction Info] - Submitted: 22001 Succ: 21648 Fail:0 Unfinished:353
2026.09.11-00:42:29.383[32m info [39m [caliper] [default-observer] 	[200-tps Round 2 Transaction Info] - Submitted: 23002 Succ: 22850 Fail:0 Unfinished:152
2026.09.11-00:42:34.384[32m info [39m [caliper] [default-observer] 	[200-tps Round 2 Transaction Info] - Submitted: 24001 Succ: 23652 Fail:0 Unfinished:349
2026.09.11-00:42:36.028[32m info [39m [caliper] [connectors/peer-gateway/PeerGateway] 	disconnecting gateway for user User1
2026.09.11-00:42:36.028[32m info [39m [caliper] [connectors/peer-gateway/PeerGateway] 	disconnecting gateway for user _Org2MSP_User1Org2
2026.09.11-00:42:36.028[32m info [39m [caliper] [connectors/peer-gateway/PeerGateway] 	disconnecting gRpc client at peer peer0.org1.example.com
2026.09.11-00:42:36.028[32m info [39m [caliper] [connectors/peer-gateway/PeerGateway] 	disconnecting gRpc client at peer peer0.org2.example.com
2026.09.11-00:42:36.029[32m info [39m [caliper] [worker-message-handler] 	Worker#0 finished Round#2
2026.09.11-00:42:41.030[32m info [39m [caliper] [default-observer] 	Resetting txCount indicator count
2026.09.11-00:42:41.030[32m info [39m [caliper] [report-builder] 	### Test result ###
2026.09.11-00:42:41.031[32m info [39m [caliper] [report-builder] 	
+---------+-------+------+-----------------+-----------------+-----------------+-----------------+------------------+
| Name    | Succ  | Fail | Send Rate (TPS) | Max Latency (s) | Min Latency (s) | Avg Latency (s) | Throughput (TPS) |
|---------|-------|------|-----------------|-----------------|-----------------|-----------------|------------------|
| 200-tps | 24001 | 0    | 200.0           | 2.24            | 0.20            | 1.21            | 199.3            |
+---------+-------+------+-----------------+-----------------+-----------------+-----------------+------------------+

2026.09.11-00:42:41.031[32m info [39m [caliper] [round-orchestrator] 	Finished round 3 (200-tps) in 120.503 seconds
2026.09.11-00:42:41.031[32m info [39m [caliper] [monitor.js] 	Stopping all monitors
2026.09.11-00:42:41.132[32m info [39m [caliper] [report-builder] 	### All test results ###
2026.09.11-00:42:41.133[32m info [39m [caliper] [report-builder] 	
+---------+-------+------+-----------------+-----------------+-----------------+-----------------+------------------+
| Name    | Succ  | Fail | Send Rate (TPS) | Max Latency (s) | Min Latency (s) | Avg Latency (s) | Throughput (TPS) |
|---------|-------|------|-----------------|-----------------|-----------------|-----------------|------------------|
| warmup  | 1001  | 0    | 50.1            | 2.17            | 0.06            | 1.09            | 49.1             |
|---------|-------|------|-----------------|-----------------|-----------------|-----------------|------------------|
| 50-tps  | 6001  | 0    | 50.0            | 2.09            | 0.05            | 1.07            | 49.5             |
|---------|-------|------|-----------------|-----------------|-----------------|-----------------|------------------|
| 200-tps | 24001 | 0    | 200.0           | 2.24            | 0.20            | 1.21            | 199.3            |
+---------+-------+------+-----------------+-----------------+-----------------+-----------------+------------------+

2026.09.11-00:42:41.139[32m info [39m [caliper] [report-builder] 	Generated report with path /home/user/projects/pqc-energy-trading/env/caliper/e1/report.html
2026.09.11-00:42:41.139[32m info [39m [caliper] [monitor.js] 	Stopping all monitors
2026.09.11-00:42:41.139[32m info [39m [caliper] [worker-orchestrator] 	Sending exit message to connected workers
2026.09.11-00:42:41.139[32m info [39m [caliper] [round-orchestrator] 	Benchmark finished in 291.451 seconds. Total rounds: 3. Successful rounds: 3. Failed rounds: 0.
2026.09.11-00:42:41.139[32m info [39m [caliper] [caliper-engine] 	Network configuration attribute "caliper.command.end" is not present, skipping end command
2026.09.11-00:42:41.140[32m info [39m [caliper] [cli-launch-manager] 	Benchmark successfully finished!
2026.09.11-00:42:41.140[32m info [39m [caliper] [worker-message-handler] 	Worker#0 is exiting
[E1] Benchmark finished.
[E1] finished_at=2026-09-11T00:42:41+03:30
[E1] Raw timing files:
latency-common-clean-v1_ecdsa_block_heights.csv	115 bytes
latency-common-clean-v1_ecdsa_commit_200-tps_worker0_1789074755996.csv	275950 bytes
latency-common-clean-v1_ecdsa_commit_50-tps_worker0_1789074624135.csv	68420 bytes
latency-common-clean-v1_ecdsa_e2e_200-tps_worker0_1789074756000.csv	2344507 bytes
latency-common-clean-v1_ecdsa_e2e_50-tps_worker0_1789074624137.csv	585651 bytes
latency-common-clean-v1_ecdsa_endorse_200-tps_worker0_1789074755991.csv	215360 bytes
latency-common-clean-v1_ecdsa_endorse_50-tps_worker0_1789074624134.csv	53425 bytes
[E1] Block-height markers:
marker,height
before_warmup,7
after_warmup,17
before_50-tps,17
after_50-tps,77
before_200-tps,77
after_200-tps,137
[E1] Run completed successfully for namespace: latency-common-clean-v1_ecdsa
