[E1] Run provenance
[E1] started_at=2026-09-11T00:52:33+03:30
[E1] configuration=ml-dsa-44
[E1] run_type=fixed-profile
[E1] run_label=latency-common-clean-v1
[E1] run_namespace=latency-common-clean-v1_ml-dsa-44
[E1] benchmark_config=env/caliper/e1/benchmark.yaml
[E1] benchmark_config_sha256=5ae8aa973467a7828237fbc097c8e3936d5a05196de3cfd2881f550b8afd6e1a
[E1] project_git_commit=059313c0b4396b12592d68172d2e29c39fa7cb1b
[E1] project_git_state_before_log_creation=dirty
[E1] project_git_status_sha256_before_log_creation=4b74cb044fc463b62184a7dfc6372be520761bc4c7f9b5990803d9826830c877
[E1] project_tracked_state_before_log_creation=clean
[E1] project_tracked_status_sha256_before_log_creation=e3b0c44298fc1c149afbf4c8996fb92427ae41e4649b934ca495991b7852b855
[E1] project_untracked_paths_sha256_before_log_creation=e8d848fbe936ece355a3de0880608353d1e4e30413606d7c0eb2f703bc9c281c
[E1] host_kernel=7.0.0-31-generic
[E1] docker_server_version=29.1.3
[E1] fixed_cpu_set=2-15
[E1] Verifying CPU measurement state...
[E1] cpu2_state=governor:performance,min_khz:3201000,max_khz:3201000
[E1] cpu3_state=governor:performance,min_khz:3201000,max_khz:3201000
[E1] cpu4_state=governor:performance,min_khz:3201000,max_khz:3201000
[E1] cpu5_state=governor:performance,min_khz:3201000,max_khz:3201000
[E1] cpu6_state=governor:performance,min_khz:3201000,max_khz:3201000
[E1] cpu7_state=governor:performance,min_khz:3201000,max_khz:3201000
[E1] cpu8_state=governor:performance,min_khz:3201000,max_khz:3201000
[E1] cpu9_state=governor:performance,min_khz:3201000,max_khz:3201000
[E1] cpu10_state=governor:performance,min_khz:3201000,max_khz:3201000
[E1] cpu11_state=governor:performance,min_khz:3201000,max_khz:3201000
[E1] cpu12_state=governor:performance,min_khz:3201000,max_khz:3201000
[E1] cpu13_state=governor:performance,min_khz:3201000,max_khz:3201000
[E1] cpu14_state=governor:performance,min_khz:3201000,max_khz:3201000
[E1] cpu15_state=governor:performance,min_khz:3201000,max_khz:3201000
[E1] CPU state verified.
[E1] amd_pstate_mode=passive
[E1] boost_state=0
[E1] Frequency lock verified: 3201000 kHz on CPUs 2-15.
[E1] fabric_source_tag=v2.5.16
[E1] fabric_source_commit=f871cf92a026aba7b12e6f06d71ded3e6e659d71
[E1] fabric_source_state=clean
[E1] fabric_peer_image_id=sha256:3d71da5ac46b179c981527b69ac832cb7905bd3bc428ee6b2620bc580e3c944e
[E1] fabric_orderer_image_id=sha256:4ec6f0287e3fda35a874357bfe9c9f2ef8b9fbb427a42457de3b6b1b98290058
[E1] fabric_image_label_fabric_commit=f871cf92a026aba7b12e6f06d71ded3e6e659d71
[E1] fabric_image_label_liboqs_commit=97f6b86b1b6d109cfd43cf276ae39c2e776aed80
[E1] fabric_image_label_patch_sha256=5268f9f67656233d7e7b9ac7c449f20f05fc8a8257fb91eb0de63698a72d1293
[E1] pq_verify_trace=0
[E1] configtx_sha256=87022050421db9821be46266cfe68b9789c3fe125d089e31d368a01ffe27b384
[E1] crypto_config_sha256=6b7208daa343bf57296dcbe8152484c5062fe410824105fd374d46dcf2a0336c
[E1] docker_compose_sha256=0ae1009ed9c0f2d009100bbfb793b3b39e339bae86517df753114e26047102d4
[E1] fabric_setup_sha256=b69af762feee33e800bc26ef5af9e0a45301ba0c2172f580de6fc90b25ac2831
[E1] fabric_build_sha256=b17a4db58b1acf8ce94bb5b8cd895dcacfa06ae98dbcbef4e67152894d3c9281
[E1] fabric_pq_patch_sha256=5268f9f67656233d7e7b9ac7c449f20f05fc8a8257fb91eb0de63698a72d1293
[E1] chaincode_sha256=64973916cfe23691d2bc715b5b257f8ed2db8e08731720e750a2240c5cd0f8e1
[E1] pq_identity_generator_sha256=b4d8e0515fd4898f221a3618bc41971fcf35778175ae4e6e7c94ccd8f0ca9e48
[E1] caliper_package_lock_sha256=b45f505c22bcc63537590f39f748d7145a617cf9a83e2ac07fb4b48c48322355
[E1] caliper_network_sha256=7f3882ef30fc5bf532f2484ef55ebac5ce720290a6cd0f1e79b24f512cfa62fb
[E1] caliper_connection_org1_sha256=1a6c60a78e642181dcbebddd86537a7015063f3d00badb6dca4a35c8d9b30b6d
[E1] caliper_connection_org2_sha256=a7f68c912cb9b975cac96c0435e1e311dbdc87e903a9e29eb6ec0c5b9d3b0da8
[E1] caliper_workload_sha256=28a48fd0ce5ec7e883d3dd2b43d44797a2edc3eb9da01ade14d97a2965bffc65
[E1] caliper_timing_patch_sha256=7d3eaab0e3ce1a7713f09761ea2353b5d280cb51588f2ddb1098a9d50f17c578
[E1] e1_run_policy_sha256=f384807b82a7c6d94446242a07d5820bcd23c90529ce131e07764400807ca071
[E1] e1_runner_sha256=6247ec72dcb6d6eee4996addbf5b65cefe62d716318e2d478ff4c6ff2c860b65
[E1] Setting up Fabric network for configuration: ml-dsa-44
[E1] Fabric setup starting...
[E1] Fabric binaries: /home/user/projects/fabric-samples/bin
[E1] Channel: energychannel
[E1] Chaincode: simplekv
[E1] Configuration: ml-dsa-44
[E1] Running preflight checks...
[E1] Hyperledger Fabric version: 2.5.16
[E1] Preflight checks passed.
[E1] Removing previous E1 containers and generated artifacts...
 Container peer0.org1.example.com  Stopping
 Container peer1.org1.example.com  Stopping
 Container orderer.example.com  Stopping
 Container peer0.org2.example.com  Stopping
 Container peer1.org2.example.com  Stopping
 Container orderer.example.com  Stopped
 Container orderer.example.com  Removing
 Container orderer.example.com  Removed
 Container peer0.org1.example.com  Stopped
 Container peer0.org1.example.com  Removing
 Container peer0.org1.example.com  Removed
 Container peer1.org1.example.com  Stopped
 Container peer1.org1.example.com  Removing
 Container peer1.org1.example.com  Removed
 Container peer1.org2.example.com  Stopped
 Container peer1.org2.example.com  Removing
 Container peer1.org2.example.com  Removed
 Container peer0.org2.example.com  Stopped
 Container peer0.org2.example.com  Removing
 Container peer0.org2.example.com  Removed
 Network e1net  Removing
 Network e1net  Removed
[E1] Previous generated state removed.
[E1] Generating cryptographic material...
org1.example.com
org2.example.com
[E1] Generating PQ peer identities using ML-DSA-44...
peer0.org1.example.com: algorithm=ML-DSA-44 public_key_bytes=1312 certificate_bytes=2642
peer1.org1.example.com: algorithm=ML-DSA-44 public_key_bytes=1312 certificate_bytes=2642
peer0.org2.example.com: algorithm=ML-DSA-44 public_key_bytes=1312 certificate_bytes=2642
peer1.org2.example.com: algorithm=ML-DSA-44 public_key_bytes=1312 certificate_bytes=2642
PQ identities generated successfully using ML-DSA-44
[E1] Generating orderer genesis block...
[34m2026-09-11 00:52:34.790 +0330 0001 INFO[0m [common.tools.configtxgen] [34;1mmain[0m -> Loading configuration
[34m2026-09-11 00:52:34.796 +0330 0002 INFO[0m [common.tools.configtxgen.localconfig] [34;1mcompleteInitialization[0m -> orderer type: etcdraft
[34m2026-09-11 00:52:34.796 +0330 0003 INFO[0m [common.tools.configtxgen.localconfig] [34;1mcompleteInitialization[0m -> Orderer.EtcdRaft.Options unset, setting to tick_interval:"500ms" election_tick:10 heartbeat_tick:1 max_inflight_blocks:5 snapshot_interval_size:16777216 
[34m2026-09-11 00:52:34.796 +0330 0004 INFO[0m [common.tools.configtxgen.localconfig] [34;1mLoad[0m -> Loaded configuration: /home/user/projects/pqc-energy-trading/env/fabric/e1/configtx.yaml
[34m2026-09-11 00:52:34.797 +0330 0005 INFO[0m [common.tools.configtxgen] [34;1mdoOutputBlock[0m -> Generating genesis block
[34m2026-09-11 00:52:34.797 +0330 0006 INFO[0m [common.tools.configtxgen] [34;1mdoOutputBlock[0m -> Creating system channel genesis block
[34m2026-09-11 00:52:34.798 +0330 0007 INFO[0m [common.tools.configtxgen] [34;1mdoOutputBlock[0m -> Writing genesis block
[E1] Generating channel creation transaction...
[34m2026-09-11 00:52:34.835 +0330 0001 INFO[0m [common.tools.configtxgen] [34;1mmain[0m -> Loading configuration
[34m2026-09-11 00:52:34.839 +0330 0002 INFO[0m [common.tools.configtxgen.localconfig] [34;1mLoad[0m -> Loaded configuration: /home/user/projects/pqc-energy-trading/env/fabric/e1/configtx.yaml
[34m2026-09-11 00:52:34.839 +0330 0003 INFO[0m [common.tools.configtxgen] [34;1mdoOutputChannelCreateTx[0m -> Generating new channel configtx
[34m2026-09-11 00:52:34.841 +0330 0004 INFO[0m [common.tools.configtxgen] [34;1mdoOutputChannelCreateTx[0m -> Writing new channel tx
[E1] Generating anchor peer updates...
[34m2026-09-11 00:52:34.878 +0330 0001 INFO[0m [common.tools.configtxgen] [34;1mmain[0m -> Loading configuration
[34m2026-09-11 00:52:34.883 +0330 0002 INFO[0m [common.tools.configtxgen.localconfig] [34;1mLoad[0m -> Loaded configuration: /home/user/projects/pqc-energy-trading/env/fabric/e1/configtx.yaml
[34m2026-09-11 00:52:34.883 +0330 0003 INFO[0m [common.tools.configtxgen] [34;1mdoOutputAnchorPeersUpdate[0m -> Generating anchor peer update
[34m2026-09-11 00:52:34.884 +0330 0004 INFO[0m [common.tools.configtxgen] [34;1mdoOutputAnchorPeersUpdate[0m -> Writing anchor peer update
[34m2026-09-11 00:52:34.919 +0330 0001 INFO[0m [common.tools.configtxgen] [34;1mmain[0m -> Loading configuration
[34m2026-09-11 00:52:34.923 +0330 0002 INFO[0m [common.tools.configtxgen.localconfig] [34;1mLoad[0m -> Loaded configuration: /home/user/projects/pqc-energy-trading/env/fabric/e1/configtx.yaml
[34m2026-09-11 00:52:34.923 +0330 0003 INFO[0m [common.tools.configtxgen] [34;1mdoOutputAnchorPeersUpdate[0m -> Generating anchor peer update
[34m2026-09-11 00:52:34.925 +0330 0004 INFO[0m [common.tools.configtxgen] [34;1mdoOutputAnchorPeersUpdate[0m -> Writing anchor peer update
[E1] Fabric cryptographic and channel artifacts generated.
[E1] Starting Fabric network...
 Network e1net  Creating
 Network e1net  Created
 Container peer0.org2.example.com  Creating
 Container peer0.org1.example.com  Creating
 Container orderer.example.com  Creating
 Container peer1.org2.example.com  Creating
 Container peer1.org1.example.com  Creating
 Container peer1.org2.example.com  Created
 Container orderer.example.com  Created
 Container peer1.org1.example.com  Created
 Container peer0.org1.example.com  Created
 Container peer0.org2.example.com  Created
 Container peer1.org1.example.com  Starting
 Container peer0.org2.example.com  Starting
 Container peer0.org1.example.com  Starting
 Container peer1.org2.example.com  Starting
 Container orderer.example.com  Starting
 Container peer0.org2.example.com  Started
 Container peer1.org2.example.com  Started
 Container peer1.org1.example.com  Started
 Container orderer.example.com  Started
 Container peer0.org1.example.com  Started
[E1] orderer.example.com is running.
[E1] peer0.org1.example.com is running.
[E1] peer1.org1.example.com is running.
[E1] peer0.org2.example.com is running.
[E1] peer1.org2.example.com is running.
[E1] Fabric containers are running.
[E1] Waiting for Raft leader...
[E1] Raft leader is ready.
[E1] Waiting for peers to become ready...
[E1] peer0.org1.example.com:7051 is ready.
[E1] peer1.org1.example.com:8051 is ready.
[E1] peer0.org2.example.com:9051 is ready.
[E1] peer1.org2.example.com:10051 is ready.
[E1] All peers are ready.
[E1] Creating channel energychannel...
[34m2026-09-11 00:52:36.696 +0330 0001 INFO[0m [channelCmd] [34;1mInitCmdFactory[0m -> Endorser and orderer connections initialized
[34m2026-09-11 00:52:36.709 +0330 0002 INFO[0m [cli.common] [34;1mreadBlock[0m -> Expect block, but got status: &{NOT_FOUND}
[34m2026-09-11 00:52:36.712 +0330 0003 INFO[0m [channelCmd] [34;1mInitCmdFactory[0m -> Endorser and orderer connections initialized
[34m2026-09-11 00:52:36.913 +0330 0004 INFO[0m [cli.common] [34;1mreadBlock[0m -> Expect block, but got status: &{SERVICE_UNAVAILABLE}
[34m2026-09-11 00:52:36.915 +0330 0005 INFO[0m [channelCmd] [34;1mInitCmdFactory[0m -> Endorser and orderer connections initialized
[34m2026-09-11 00:52:37.116 +0330 0006 INFO[0m [cli.common] [34;1mreadBlock[0m -> Expect block, but got status: &{SERVICE_UNAVAILABLE}
[34m2026-09-11 00:52:37.119 +0330 0007 INFO[0m [channelCmd] [34;1mInitCmdFactory[0m -> Endorser and orderer connections initialized
[34m2026-09-11 00:52:37.320 +0330 0008 INFO[0m [cli.common] [34;1mreadBlock[0m -> Expect block, but got status: &{SERVICE_UNAVAILABLE}
[34m2026-09-11 00:52:37.323 +0330 0009 INFO[0m [channelCmd] [34;1mInitCmdFactory[0m -> Endorser and orderer connections initialized
[34m2026-09-11 00:52:37.524 +0330 000a INFO[0m [cli.common] [34;1mreadBlock[0m -> Expect block, but got status: &{SERVICE_UNAVAILABLE}
[34m2026-09-11 00:52:37.526 +0330 000b INFO[0m [channelCmd] [34;1mInitCmdFactory[0m -> Endorser and orderer connections initialized
[34m2026-09-11 00:52:37.729 +0330 000c INFO[0m [cli.common] [34;1mreadBlock[0m -> Received block: 0
[E1] Joining peer0.org1...
[34m2026-09-11 00:52:37.778 +0330 0001 INFO[0m [channelCmd] [34;1mInitCmdFactory[0m -> Endorser and orderer connections initialized
[34m2026-09-11 00:52:37.794 +0330 0002 INFO[0m [channelCmd] [34;1mexecuteJoin[0m -> Successfully submitted proposal to join channel
[E1] Joining peer1.org1...
[34m2026-09-11 00:52:37.845 +0330 0001 INFO[0m [channelCmd] [34;1mInitCmdFactory[0m -> Endorser and orderer connections initialized
[34m2026-09-11 00:52:37.861 +0330 0002 INFO[0m [channelCmd] [34;1mexecuteJoin[0m -> Successfully submitted proposal to join channel
[E1] Joining peer0.org2...
[34m2026-09-11 00:52:37.910 +0330 0001 INFO[0m [channelCmd] [34;1mInitCmdFactory[0m -> Endorser and orderer connections initialized
[34m2026-09-11 00:52:37.925 +0330 0002 INFO[0m [channelCmd] [34;1mexecuteJoin[0m -> Successfully submitted proposal to join channel
[E1] Joining peer1.org2...
[34m2026-09-11 00:52:37.974 +0330 0001 INFO[0m [channelCmd] [34;1mInitCmdFactory[0m -> Endorser and orderer connections initialized
[34m2026-09-11 00:52:37.991 +0330 0002 INFO[0m [channelCmd] [34;1mexecuteJoin[0m -> Successfully submitted proposal to join channel
[E1] All four peers joined energychannel.
[E1] Applying Org1 anchor peer update...
[34m2026-09-11 00:52:38.037 +0330 0001 INFO[0m [channelCmd] [34;1mInitCmdFactory[0m -> Endorser and orderer connections initialized
[34m2026-09-11 00:52:38.046 +0330 0002 INFO[0m [channelCmd] [34;1mupdate[0m -> Successfully submitted channel update
[E1] Applying Org2 anchor peer update...
[34m2026-09-11 00:52:38.098 +0330 0001 INFO[0m [channelCmd] [34;1mInitCmdFactory[0m -> Endorser and orderer connections initialized
[34m2026-09-11 00:52:38.107 +0330 0002 INFO[0m [channelCmd] [34;1mupdate[0m -> Successfully submitted channel update
[E1] Anchor peer updates applied.
[E1] Packaging chaincode...
[E1] Installing chaincode on all four peers...
[34m2026-09-11 00:52:38.398 +0330 0001 INFO[0m [cli.lifecycle.chaincode] [34;1msubmitInstallProposal[0m -> Installed remotely: response:<status:200 payload:"\nKsimplekv_1:c806deb2b025ac0d6e7758647d40416e68a179e25ff760a00f1a8b3e0a192b0b\022\nsimplekv_1" > 
[34m2026-09-11 00:52:38.398 +0330 0002 INFO[0m [cli.lifecycle.chaincode] [34;1msubmitInstallProposal[0m -> Chaincode code package identifier: simplekv_1:c806deb2b025ac0d6e7758647d40416e68a179e25ff760a00f1a8b3e0a192b0b
[34m2026-09-11 00:52:38.457 +0330 0001 INFO[0m [cli.lifecycle.chaincode] [34;1msubmitInstallProposal[0m -> Installed remotely: response:<status:200 payload:"\nKsimplekv_1:c806deb2b025ac0d6e7758647d40416e68a179e25ff760a00f1a8b3e0a192b0b\022\nsimplekv_1" > 
[34m2026-09-11 00:52:38.457 +0330 0002 INFO[0m [cli.lifecycle.chaincode] [34;1msubmitInstallProposal[0m -> Chaincode code package identifier: simplekv_1:c806deb2b025ac0d6e7758647d40416e68a179e25ff760a00f1a8b3e0a192b0b
[34m2026-09-11 00:52:38.515 +0330 0001 INFO[0m [cli.lifecycle.chaincode] [34;1msubmitInstallProposal[0m -> Installed remotely: response:<status:200 payload:"\nKsimplekv_1:c806deb2b025ac0d6e7758647d40416e68a179e25ff760a00f1a8b3e0a192b0b\022\nsimplekv_1" > 
[34m2026-09-11 00:52:38.515 +0330 0002 INFO[0m [cli.lifecycle.chaincode] [34;1msubmitInstallProposal[0m -> Chaincode code package identifier: simplekv_1:c806deb2b025ac0d6e7758647d40416e68a179e25ff760a00f1a8b3e0a192b0b
[34m2026-09-11 00:52:38.575 +0330 0001 INFO[0m [cli.lifecycle.chaincode] [34;1msubmitInstallProposal[0m -> Installed remotely: response:<status:200 payload:"\nKsimplekv_1:c806deb2b025ac0d6e7758647d40416e68a179e25ff760a00f1a8b3e0a192b0b\022\nsimplekv_1" > 
[34m2026-09-11 00:52:38.575 +0330 0002 INFO[0m [cli.lifecycle.chaincode] [34;1msubmitInstallProposal[0m -> Chaincode code package identifier: simplekv_1:c806deb2b025ac0d6e7758647d40416e68a179e25ff760a00f1a8b3e0a192b0b
[E1] Chaincode package ID: simplekv_1:c806deb2b025ac0d6e7758647d40416e68a179e25ff760a00f1a8b3e0a192b0b
[E1] Approving chaincode for Org1...
[34m2026-09-11 00:52:40.700 +0330 0001 INFO[0m [chaincodeCmd] [34;1mClientWait[0m -> txid [6df1f9b45b31405f344b5e986a8a8588d692b7add1f1ec324f9686338d7ec82f] committed with status (VALID) at peer0.org1.example.com:7051
[E1] Approving chaincode for Org2...
[34m2026-09-11 00:52:42.772 +0330 0001 INFO[0m [chaincodeCmd] [34;1mClientWait[0m -> txid [3c053e3172b005464d4df217e0e45523a96beb12f1905e70d668818a7765ec3a] committed with status (VALID) at peer0.org2.example.com:9051
[E1] Checking chaincode commit readiness...
{
	"approvals": {
		"Org1MSP": true,
		"Org2MSP": true
	}
}
[E1] Committing chaincode definition...
[34m2026-09-11 00:52:44.928 +0330 0001 INFO[0m [chaincodeCmd] [34;1mClientWait[0m -> txid [fba64cc25343a8cf82d56d1f89bba3bdfc4fe09afef7d4ea5ab96a90e9131e5a] committed with status (VALID) at peer0.org2.example.com:9051
[34m2026-09-11 00:52:44.928 +0330 0002 INFO[0m [chaincodeCmd] [34;1mClientWait[0m -> txid [fba64cc25343a8cf82d56d1f89bba3bdfc4fe09afef7d4ea5ab96a90e9131e5a] committed with status (VALID) at peer0.org1.example.com:7051
[E1] Chaincode committed.
[E1] Running chaincode smoke test...
[34m2026-09-11 00:52:45.140 +0330 0001 INFO[0m [chaincodeCmd] [34;1mchaincodeInvokeOrQuery[0m -> Chaincode invoke successful. result: status:200 
[E1] Chaincode smoke test passed.
[E1] Verifying cross-organization discovery...
[E1] Discovery check passed: all four peers visible.
[E1] Fabric E1 setup completed successfully.
[E1] Fabric network ready for configuration: ml-dsa-44
[E1] effective_BatchTimeout=2s
[E1] effective_MaxMessageCount=500
[E1] effective_PreferredMaxBytes=2097152
[E1] effective_AbsoluteMaxBytes=10485760
[E1] Starting Caliper benchmark...
[E1] Log: /home/user/projects/pqc-energy-trading/raw/e1/latency-common-clean-v1_ml-dsa-44_caliper_run.log
npm notice run e1@1.0.0 npx
npm notice run 'caliper' launch manager --caliper-workspace . --caliper-benchconfig /home/user/projects/pqc-energy-trading/env/caliper/e1/benchmark.yaml --caliper-networkconfig network.yaml
2026.09.11-00:52:47.762[32m info [39m [caliper] [cli-launch-manager] 	Set workspace path: /home/user/projects/pqc-energy-trading/env/caliper/e1
2026.09.11-00:52:47.763[32m info [39m [caliper] [cli-launch-manager] 	Set benchmark configuration path: /home/user/projects/pqc-energy-trading/env/caliper/e1/benchmark.yaml
2026.09.11-00:52:47.763[32m info [39m [caliper] [cli-launch-manager] 	Set network configuration path: /home/user/projects/pqc-energy-trading/env/caliper/e1/network.yaml
2026.09.11-00:52:47.763[32m info [39m [caliper] [cli-launch-manager] 	Set SUT type: fabric
2026.09.11-00:52:47.781[32m info [39m [caliper] [benchmark-validator] 	No observer specified, will default to `none`
2026.09.11-00:52:47.781[32m info [39m [caliper] [caliper-engine] 	Starting benchmark flow
2026.09.11-00:52:47.781[32m info [39m [caliper] [caliper-engine] 	Network configuration attribute "caliper.command.start" is not present, skipping start command
2026.09.11-00:52:47.893[32m info [39m [caliper] [FabricConnectorFactory] 	Initializing peer gateway connector compatible with installed fabric-gateway SDK: 1.7.1
2026.09.11-00:52:47.900[32m info [39m [caliper] [IdentityManager] 	Adding User1 (admin=false) as User1 for organization Org1MSP
2026.09.11-00:52:47.901[32m info [39m [caliper] [IdentityManager] 	Adding User1Org2 (admin=false) as _Org2MSP_User1Org2 for organization Org2MSP
2026.09.11-00:52:47.903[32m info [39m [caliper] [connectors/peer-gateway/PeerGateway] 	Fabric-Gateway SDK version: 1.7.1 for Peer-Gateway connector; TLS based on Org1MSP: server
2026.09.11-00:52:47.903[32m info [39m [caliper] [caliper-engine] 	Executed "init" step in 0.001 seconds
2026.09.11-00:52:47.903[33m warn [39m [caliper] [connectors/peer-gateway/PeerGateway] 	Install smart contract not available for the Fabric Peer Gateway connector
2026.09.11-00:52:47.903[32m info [39m [caliper] [caliper-engine] 	Executed "install" step in 0 seconds
2026.09.11-00:52:47.904[32m info [39m [caliper] [monitor.js] 	Attempting to create resource monitor of type docker
2026.09.11-00:52:47.906[32m info [39m [caliper] [default-observer] 	Observer interval set to 5000 milliseconds
2026.09.11-00:52:47.908[32m info [39m [caliper] [round-orchestrator] 	Preparing worker connections
2026.09.11-00:52:47.908[32m info [39m [caliper] [worker-orchestrator] 	Launching worker 1 of 1
2026.09.11-00:52:47.912[32m info [39m [caliper] [worker-orchestrator] 	Messenger not configured, entering configure phase...
2026.09.11-00:52:47.913[32m info [39m [caliper] [worker-orchestrator] 	No existing workers detected, entering worker launch phase...
2026.09.11-00:52:47.913[32m info [39m [caliper] [worker-orchestrator] 	Waiting for 1 workers to be connected...
2026.09.11-00:52:48.124[32m info [39m [caliper] [cli-launch-worker] 	Set workspace path: /home/user/projects/pqc-energy-trading/env/caliper/e1
2026.09.11-00:52:48.125[32m info [39m [caliper] [cli-launch-worker] 	Set benchmark configuration path: /home/user/projects/pqc-energy-trading/env/caliper/e1/benchmark.yaml
2026.09.11-00:52:48.125[32m info [39m [caliper] [cli-launch-worker] 	Set network configuration path: /home/user/projects/pqc-energy-trading/env/caliper/e1/network.yaml
2026.09.11-00:52:48.125[32m info [39m [caliper] [cli-launch-worker] 	Set SUT type: fabric
2026.09.11-00:52:48.155[32m info [39m [caliper] [worker-orchestrator] 	1 workers connected, progressing to worker assignment phase.
2026.09.11-00:52:48.155[32m info [39m [caliper] [worker-orchestrator] 	Workers currently unassigned, awaiting index assignment...
2026.09.11-00:52:48.155[32m info [39m [caliper] [worker-orchestrator] 	Waiting for 1 workers to be assigned...
2026.09.11-00:52:48.173[32m info [39m [caliper] [worker-orchestrator] 	1 workers assigned, progressing to worker initialization phase.
2026.09.11-00:52:48.173[32m info [39m [caliper] [worker-orchestrator] 	Waiting for 1 workers to be ready...
2026.09.11-00:52:48.173[32m info [39m [caliper] [worker-message-handler] 	Initializing Worker#0...
2026.09.11-00:52:48.278[32m info [39m [caliper] [FabricConnectorFactory] 	Initializing peer gateway connector compatible with installed fabric-gateway SDK: 1.7.1
2026.09.11-00:52:48.282[32m info [39m [caliper] [IdentityManager] 	Adding User1 (admin=false) as User1 for organization Org1MSP
2026.09.11-00:52:48.283[32m info [39m [caliper] [IdentityManager] 	Adding User1Org2 (admin=false) as _Org2MSP_User1Org2 for organization Org2MSP
2026.09.11-00:52:48.285[32m info [39m [caliper] [worker-message-handler] 	Worker#0 initialized
2026.09.11-00:52:48.286[32m info [39m [caliper] [worker-orchestrator] 	1 workers ready, progressing to test preparation phase.
2026.09.11-00:52:48.286[32m info [39m [caliper] [round-orchestrator] 	Started round 1 (warmup)
2026.09.11-00:52:48.287[32m info [39m [caliper] [worker-message-handler] 	Preparing Worker#0 for Round#0
2026.09.11-00:52:48.297[32m info [39m [caliper] [connectors/peer-gateway/PeerGateway] 	Generating contract map for user User1
2026.09.11-00:52:48.301[32m info [39m [caliper] [connectors/peer-gateway/PeerGateway] 	Generating contract map for user _Org2MSP_User1Org2
2026.09.11-00:52:48.301[32m info [39m [caliper] [caliper-worker] 	Info: worker 0 prepare test phase for round 0 is starting...
2026.09.11-00:52:48.413[32m info [39m [caliper] [connectors/peer-gateway/PeerGateway] 	disconnecting gateway for user User1
2026.09.11-00:52:48.414[32m info [39m [caliper] [connectors/peer-gateway/PeerGateway] 	disconnecting gateway for user _Org2MSP_User1Org2
2026.09.11-00:52:48.414[32m info [39m [caliper] [connectors/peer-gateway/PeerGateway] 	disconnecting gRpc client at peer peer0.org1.example.com
2026.09.11-00:52:48.414[32m info [39m [caliper] [connectors/peer-gateway/PeerGateway] 	disconnecting gRpc client at peer peer0.org2.example.com
2026.09.11-00:52:48.414[32m info [39m [caliper] [caliper-worker] 	Info: worker 0 prepare test phase for round 0 is completed
2026.09.11-00:52:48.414[32m info [39m [caliper] [worker-message-handler] 	Worker#0 prepared for Round#0
2026.09.11-00:52:48.415[32m info [39m [caliper] [worker-orchestrator] 	1 workers prepared, progressing to test phase.
2026.09.11-00:52:48.427[32m info [39m [caliper] [round-orchestrator] 	Monitors successfully started
2026.09.11-00:52:48.428[32m info [39m [caliper] [worker-message-handler] 	Worker#0 is starting Round#0
2026.09.11-00:52:48.430[32m info [39m [caliper] [connectors/peer-gateway/PeerGateway] 	Generating contract map for user User1
2026.09.11-00:52:48.431[32m info [39m [caliper] [connectors/peer-gateway/PeerGateway] 	Generating contract map for user _Org2MSP_User1Org2
2026.09.11-00:52:48.433[32m info [39m [caliper] [caliper-worker] 	Worker #0 starting workload loop
2026.09.11-00:52:53.424[32m info [39m [caliper] [default-observer] 	[warmup Round 0 Transaction Info] - Submitted: 200 Succ: 106 Fail:0 Unfinished:94
2026.09.11-00:52:58.417[32m info [39m [caliper] [default-observer] 	[warmup Round 0 Transaction Info] - Submitted: 451 Succ: 409 Fail:0 Unfinished:42
2026.09.11-00:53:03.418[32m info [39m [caliper] [default-observer] 	[warmup Round 0 Transaction Info] - Submitted: 700 Succ: 612 Fail:0 Unfinished:88
2026.09.11-00:53:08.419[32m info [39m [caliper] [default-observer] 	[warmup Round 0 Transaction Info] - Submitted: 951 Succ: 915 Fail:0 Unfinished:36
2026.09.11-00:53:09.951[32m info [39m [caliper] [connectors/peer-gateway/PeerGateway] 	disconnecting gateway for user User1
2026.09.11-00:53:09.951[32m info [39m [caliper] [connectors/peer-gateway/PeerGateway] 	disconnecting gateway for user _Org2MSP_User1Org2
2026.09.11-00:53:09.951[32m info [39m [caliper] [connectors/peer-gateway/PeerGateway] 	disconnecting gRpc client at peer peer0.org1.example.com
2026.09.11-00:53:09.952[32m info [39m [caliper] [connectors/peer-gateway/PeerGateway] 	disconnecting gRpc client at peer peer0.org2.example.com
2026.09.11-00:53:09.952[32m info [39m [caliper] [worker-message-handler] 	Worker#0 finished Round#0
2026.09.11-00:53:14.954[32m info [39m [caliper] [default-observer] 	Resetting txCount indicator count
2026.09.11-00:53:14.955[32m info [39m [caliper] [report-builder] 	### Test result ###
2026.09.11-00:53:14.958[32m info [39m [caliper] [report-builder] 	
+--------+------+------+-----------------+-----------------+-----------------+-----------------+------------------+
| Name   | Succ | Fail | Send Rate (TPS) | Max Latency (s) | Min Latency (s) | Avg Latency (s) | Throughput (TPS) |
|--------|------|------|-----------------|-----------------|-----------------|-----------------|------------------|
| warmup | 1001 | 0    | 50.1            | 2.23            | 0.07            | 1.10            | 49.2             |
+--------+------+------+-----------------+-----------------+-----------------+-----------------+------------------+

2026.09.11-00:53:14.959[32m info [39m [caliper] [round-orchestrator] 	Finished round 1 (warmup) in 20.405 seconds
2026.09.11-00:53:14.959[32m info [39m [caliper] [monitor.js] 	Stopping all monitors
2026.09.11-00:53:15.060[32m info [39m [caliper] [round-orchestrator] 	Waiting 5 seconds for the next round...
2026.09.11-00:53:20.065[32m info [39m [caliper] [round-orchestrator] 	Started round 2 (50-tps)
2026.09.11-00:53:20.066[32m info [39m [caliper] [worker-message-handler] 	Preparing Worker#0 for Round#1
2026.09.11-00:53:20.072[32m info [39m [caliper] [connectors/peer-gateway/PeerGateway] 	Generating contract map for user User1
2026.09.11-00:53:20.074[32m info [39m [caliper] [connectors/peer-gateway/PeerGateway] 	Generating contract map for user _Org2MSP_User1Org2
2026.09.11-00:53:20.074[32m info [39m [caliper] [caliper-worker] 	Info: worker 0 prepare test phase for round 1 is starting...
2026.09.11-00:53:20.180[32m info [39m [caliper] [connectors/peer-gateway/PeerGateway] 	disconnecting gateway for user User1
2026.09.11-00:53:20.180[32m info [39m [caliper] [connectors/peer-gateway/PeerGateway] 	disconnecting gateway for user _Org2MSP_User1Org2
2026.09.11-00:53:20.180[32m info [39m [caliper] [connectors/peer-gateway/PeerGateway] 	disconnecting gRpc client at peer peer0.org1.example.com
2026.09.11-00:53:20.181[32m info [39m [caliper] [connectors/peer-gateway/PeerGateway] 	disconnecting gRpc client at peer peer0.org2.example.com
2026.09.11-00:53:20.181[32m info [39m [caliper] [caliper-worker] 	Info: worker 0 prepare test phase for round 1 is completed
2026.09.11-00:53:20.181[32m info [39m [caliper] [worker-message-handler] 	Worker#0 prepared for Round#1
2026.09.11-00:53:20.181[32m info [39m [caliper] [worker-orchestrator] 	1 workers prepared, progressing to test phase.
2026.09.11-00:53:20.186[32m info [39m [caliper] [round-orchestrator] 	Monitors successfully started
2026.09.11-00:53:20.186[32m info [39m [caliper] [worker-message-handler] 	Worker#0 is starting Round#1
2026.09.11-00:53:20.188[32m info [39m [caliper] [connectors/peer-gateway/PeerGateway] 	Generating contract map for user User1
2026.09.11-00:53:20.190[32m info [39m [caliper] [connectors/peer-gateway/PeerGateway] 	Generating contract map for user _Org2MSP_User1Org2
2026.09.11-00:53:20.190[32m info [39m [caliper] [caliper-worker] 	Worker #0 starting workload loop
2026.09.11-00:53:25.183[32m info [39m [caliper] [default-observer] 	[50-tps Round 1 Transaction Info] - Submitted: 201 Succ: 101 Fail:0 Unfinished:100
2026.09.11-00:53:30.183[32m info [39m [caliper] [default-observer] 	[50-tps Round 1 Transaction Info] - Submitted: 451 Succ: 405 Fail:0 Unfinished:46
2026.09.11-00:53:35.185[32m info [39m [caliper] [default-observer] 	[50-tps Round 1 Transaction Info] - Submitted: 701 Succ: 606 Fail:0 Unfinished:95
2026.09.11-00:53:40.185[32m info [39m [caliper] [default-observer] 	[50-tps Round 1 Transaction Info] - Submitted: 951 Succ: 909 Fail:0 Unfinished:42
2026.09.11-00:53:45.186[32m info [39m [caliper] [default-observer] 	[50-tps Round 1 Transaction Info] - Submitted: 1201 Succ: 1111 Fail:0 Unfinished:90
2026.09.11-00:53:50.186[32m info [39m [caliper] [default-observer] 	[50-tps Round 1 Transaction Info] - Submitted: 1450 Succ: 1414 Fail:0 Unfinished:36
2026.09.11-00:53:55.188[32m info [39m [caliper] [default-observer] 	[50-tps Round 1 Transaction Info] - Submitted: 1701 Succ: 1617 Fail:0 Unfinished:84
2026.09.11-00:54:00.191[32m info [39m [caliper] [default-observer] 	[50-tps Round 1 Transaction Info] - Submitted: 1951 Succ: 1921 Fail:0 Unfinished:30
2026.09.11-00:54:05.192[32m info [39m [caliper] [default-observer] 	[50-tps Round 1 Transaction Info] - Submitted: 2201 Succ: 2123 Fail:0 Unfinished:78
2026.09.11-00:54:10.193[32m info [39m [caliper] [default-observer] 	[50-tps Round 1 Transaction Info] - Submitted: 2451 Succ: 2426 Fail:0 Unfinished:25
2026.09.11-00:54:15.194[32m info [39m [caliper] [default-observer] 	[50-tps Round 1 Transaction Info] - Submitted: 2701 Succ: 2628 Fail:0 Unfinished:73
2026.09.11-00:54:20.194[32m info [39m [caliper] [default-observer] 	[50-tps Round 1 Transaction Info] - Submitted: 2951 Succ: 2931 Fail:0 Unfinished:20
2026.09.11-00:54:25.195[32m info [39m [caliper] [default-observer] 	[50-tps Round 1 Transaction Info] - Submitted: 3201 Succ: 3135 Fail:0 Unfinished:66
2026.09.11-00:54:30.196[32m info [39m [caliper] [default-observer] 	[50-tps Round 1 Transaction Info] - Submitted: 3451 Succ: 3439 Fail:0 Unfinished:12
2026.09.11-00:54:35.197[32m info [39m [caliper] [default-observer] 	[50-tps Round 1 Transaction Info] - Submitted: 3701 Succ: 3642 Fail:0 Unfinished:59
2026.09.11-00:54:40.198[32m info [39m [caliper] [default-observer] 	[50-tps Round 1 Transaction Info] - Submitted: 3951 Succ: 3945 Fail:0 Unfinished:6
2026.09.11-00:54:45.199[32m info [39m [caliper] [default-observer] 	[50-tps Round 1 Transaction Info] - Submitted: 4201 Succ: 4148 Fail:0 Unfinished:53
2026.09.11-00:54:50.200[32m info [39m [caliper] [default-observer] 	[50-tps Round 1 Transaction Info] - Submitted: 4451 Succ: 4350 Fail:0 Unfinished:101
2026.09.11-00:54:55.201[32m info [39m [caliper] [default-observer] 	[50-tps Round 1 Transaction Info] - Submitted: 4701 Succ: 4653 Fail:0 Unfinished:48
2026.09.11-00:55:00.203[32m info [39m [caliper] [default-observer] 	[50-tps Round 1 Transaction Info] - Submitted: 4951 Succ: 4856 Fail:0 Unfinished:95
2026.09.11-00:55:05.203[32m info [39m [caliper] [default-observer] 	[50-tps Round 1 Transaction Info] - Submitted: 5201 Succ: 5159 Fail:0 Unfinished:42
2026.09.11-00:55:10.204[32m info [39m [caliper] [default-observer] 	[50-tps Round 1 Transaction Info] - Submitted: 5501 Succ: 5462 Fail:0 Unfinished:39
2026.09.11-00:55:15.205[32m info [39m [caliper] [default-observer] 	[50-tps Round 1 Transaction Info] - Submitted: 5751 Succ: 5664 Fail:0 Unfinished:87
2026.09.11-00:55:20.204[32m info [39m [caliper] [default-observer] 	[50-tps Round 1 Transaction Info] - Submitted: 6001 Succ: 5969 Fail:0 Unfinished:32
2026.09.11-00:55:22.822[32m info [39m [caliper] [connectors/peer-gateway/PeerGateway] 	disconnecting gateway for user User1
2026.09.11-00:55:22.822[32m info [39m [caliper] [connectors/peer-gateway/PeerGateway] 	disconnecting gateway for user _Org2MSP_User1Org2
2026.09.11-00:55:22.822[32m info [39m [caliper] [connectors/peer-gateway/PeerGateway] 	disconnecting gRpc client at peer peer0.org1.example.com
2026.09.11-00:55:22.823[32m info [39m [caliper] [connectors/peer-gateway/PeerGateway] 	disconnecting gRpc client at peer peer0.org2.example.com
2026.09.11-00:55:22.823[32m info [39m [caliper] [worker-message-handler] 	Worker#0 finished Round#1
2026.09.11-00:55:27.823[32m info [39m [caliper] [default-observer] 	Resetting txCount indicator count
2026.09.11-00:55:27.823[32m info [39m [caliper] [report-builder] 	### Test result ###
2026.09.11-00:55:27.824[32m info [39m [caliper] [report-builder] 	
+--------+------+------+-----------------+-----------------+-----------------+-----------------+------------------+
| Name   | Succ | Fail | Send Rate (TPS) | Max Latency (s) | Min Latency (s) | Avg Latency (s) | Throughput (TPS) |
|--------|------|------|-----------------|-----------------|-----------------|-----------------|------------------|
| 50-tps | 6001 | 0    | 50.0            | 2.10            | 0.07            | 1.08            | 49.4             |
+--------+------+------+-----------------+-----------------+-----------------+-----------------+------------------+

2026.09.11-00:55:27.825[32m info [39m [caliper] [round-orchestrator] 	Finished round 2 (50-tps) in 121.512 seconds
2026.09.11-00:55:27.825[32m info [39m [caliper] [monitor.js] 	Stopping all monitors
2026.09.11-00:55:27.925[32m info [39m [caliper] [round-orchestrator] 	Waiting 5 seconds for the next round...
2026.09.11-00:55:32.931[32m info [39m [caliper] [round-orchestrator] 	Started round 3 (200-tps)
2026.09.11-00:55:32.931[32m info [39m [caliper] [worker-message-handler] 	Preparing Worker#0 for Round#2
2026.09.11-00:55:32.937[32m info [39m [caliper] [connectors/peer-gateway/PeerGateway] 	Generating contract map for user User1
2026.09.11-00:55:32.939[32m info [39m [caliper] [connectors/peer-gateway/PeerGateway] 	Generating contract map for user _Org2MSP_User1Org2
2026.09.11-00:55:32.939[32m info [39m [caliper] [caliper-worker] 	Info: worker 0 prepare test phase for round 2 is starting...
2026.09.11-00:55:33.048[32m info [39m [caliper] [connectors/peer-gateway/PeerGateway] 	disconnecting gateway for user User1
2026.09.11-00:55:33.049[32m info [39m [caliper] [connectors/peer-gateway/PeerGateway] 	disconnecting gateway for user _Org2MSP_User1Org2
2026.09.11-00:55:33.049[32m info [39m [caliper] [connectors/peer-gateway/PeerGateway] 	disconnecting gRpc client at peer peer0.org1.example.com
2026.09.11-00:55:33.049[32m info [39m [caliper] [connectors/peer-gateway/PeerGateway] 	disconnecting gRpc client at peer peer0.org2.example.com
2026.09.11-00:55:33.049[32m info [39m [caliper] [caliper-worker] 	Info: worker 0 prepare test phase for round 2 is completed
2026.09.11-00:55:33.049[32m info [39m [caliper] [worker-message-handler] 	Worker#0 prepared for Round#2
2026.09.11-00:55:33.049[32m info [39m [caliper] [worker-orchestrator] 	1 workers prepared, progressing to test phase.
2026.09.11-00:55:33.052[32m info [39m [caliper] [round-orchestrator] 	Monitors successfully started
2026.09.11-00:55:33.052[32m info [39m [caliper] [worker-message-handler] 	Worker#0 is starting Round#2
2026.09.11-00:55:33.054[32m info [39m [caliper] [connectors/peer-gateway/PeerGateway] 	Generating contract map for user User1
2026.09.11-00:55:33.055[32m info [39m [caliper] [connectors/peer-gateway/PeerGateway] 	Generating contract map for user _Org2MSP_User1Org2
2026.09.11-00:55:33.056[32m info [39m [caliper] [caliper-worker] 	Worker #0 starting workload loop
2026.09.11-00:55:38.050[32m info [39m [caliper] [default-observer] 	[200-tps Round 2 Transaction Info] - Submitted: 801 Succ: 743 Fail:0 Unfinished:58
2026.09.11-00:55:43.051[32m info [39m [caliper] [default-observer] 	[200-tps Round 2 Transaction Info] - Submitted: 1800 Succ: 1775 Fail:0 Unfinished:25
2026.09.11-00:55:48.052[32m info [39m [caliper] [default-observer] 	[200-tps Round 2 Transaction Info] - Submitted: 2803 Succ: 2747 Fail:0 Unfinished:56
2026.09.11-00:55:53.053[32m info [39m [caliper] [default-observer] 	[200-tps Round 2 Transaction Info] - Submitted: 3805 Succ: 3780 Fail:0 Unfinished:25
2026.09.11-00:55:58.054[32m info [39m [caliper] [default-observer] 	[200-tps Round 2 Transaction Info] - Submitted: 4808 Succ: 4751 Fail:0 Unfinished:57
2026.09.11-00:56:03.055[32m info [39m [caliper] [default-observer] 	[200-tps Round 2 Transaction Info] - Submitted: 5809 Succ: 5784 Fail:0 Unfinished:25
2026.09.11-00:56:08.056[32m info [39m [caliper] [default-observer] 	[200-tps Round 2 Transaction Info] - Submitted: 6812 Succ: 6755 Fail:0 Unfinished:57
2026.09.11-00:56:13.057[32m info [39m [caliper] [default-observer] 	[200-tps Round 2 Transaction Info] - Submitted: 7811 Succ: 7787 Fail:0 Unfinished:24
2026.09.11-00:56:18.058[32m info [39m [caliper] [default-observer] 	[200-tps Round 2 Transaction Info] - Submitted: 8815 Succ: 8759 Fail:0 Unfinished:56
2026.09.11-00:56:23.059[32m info [39m [caliper] [default-observer] 	[200-tps Round 2 Transaction Info] - Submitted: 9815 Succ: 9625 Fail:0 Unfinished:190
2026.09.11-00:56:28.060[32m info [39m [caliper] [default-observer] 	[200-tps Round 2 Transaction Info] - Submitted: 10816 Succ: 10763 Fail:0 Unfinished:53
2026.09.11-00:56:33.061[32m info [39m [caliper] [default-observer] 	[200-tps Round 2 Transaction Info] - Submitted: 11815 Succ: 11626 Fail:0 Unfinished:189
2026.09.11-00:56:38.062[32m info [39m [caliper] [default-observer] 	[200-tps Round 2 Transaction Info] - Submitted: 12816 Succ: 12767 Fail:0 Unfinished:49
2026.09.11-00:56:43.063[32m info [39m [caliper] [default-observer] 	[200-tps Round 2 Transaction Info] - Submitted: 13817 Succ: 13629 Fail:0 Unfinished:188
2026.09.11-00:56:48.064[32m info [39m [caliper] [default-observer] 	[200-tps Round 2 Transaction Info] - Submitted: 14818 Succ: 14770 Fail:0 Unfinished:48
2026.09.11-00:56:53.065[32m info [39m [caliper] [default-observer] 	[200-tps Round 2 Transaction Info] - Submitted: 15818 Succ: 15633 Fail:0 Unfinished:185
2026.09.11-00:56:58.066[32m info [39m [caliper] [default-observer] 	[200-tps Round 2 Transaction Info] - Submitted: 16818 Succ: 16775 Fail:0 Unfinished:43
2026.09.11-00:57:03.066[32m info [39m [caliper] [default-observer] 	[200-tps Round 2 Transaction Info] - Submitted: 17819 Succ: 17638 Fail:0 Unfinished:181
2026.09.11-00:57:08.067[32m info [39m [caliper] [default-observer] 	[200-tps Round 2 Transaction Info] - Submitted: 18819 Succ: 18780 Fail:0 Unfinished:39
2026.09.11-00:57:13.068[32m info [39m [caliper] [default-observer] 	[200-tps Round 2 Transaction Info] - Submitted: 19819 Succ: 19642 Fail:0 Unfinished:177
2026.09.11-00:57:18.069[32m info [39m [caliper] [default-observer] 	[200-tps Round 2 Transaction Info] - Submitted: 20819 Succ: 20784 Fail:0 Unfinished:35
2026.09.11-00:57:23.070[32m info [39m [caliper] [default-observer] 	[200-tps Round 2 Transaction Info] - Submitted: 21820 Succ: 21646 Fail:0 Unfinished:174
2026.09.11-00:57:28.071[32m info [39m [caliper] [default-observer] 	[200-tps Round 2 Transaction Info] - Submitted: 22819 Succ: 22788 Fail:0 Unfinished:31
2026.09.11-00:57:33.072[32m info [39m [caliper] [default-observer] 	[200-tps Round 2 Transaction Info] - Submitted: 23820 Succ: 23651 Fail:0 Unfinished:169
2026.09.11-00:57:34.512[32m info [39m [caliper] [connectors/peer-gateway/PeerGateway] 	disconnecting gateway for user User1
2026.09.11-00:57:34.512[32m info [39m [caliper] [connectors/peer-gateway/PeerGateway] 	disconnecting gateway for user _Org2MSP_User1Org2
2026.09.11-00:57:34.512[32m info [39m [caliper] [connectors/peer-gateway/PeerGateway] 	disconnecting gRpc client at peer peer0.org1.example.com
2026.09.11-00:57:34.513[32m info [39m [caliper] [connectors/peer-gateway/PeerGateway] 	disconnecting gRpc client at peer peer0.org2.example.com
2026.09.11-00:57:34.513[32m info [39m [caliper] [worker-message-handler] 	Worker#0 finished Round#2
2026.09.11-00:57:39.514[32m info [39m [caliper] [default-observer] 	Resetting txCount indicator count
2026.09.11-00:57:39.514[32m info [39m [caliper] [report-builder] 	### Test result ###
2026.09.11-00:57:39.515[32m info [39m [caliper] [report-builder] 	
+---------+-------+------+-----------------+-----------------+-----------------+-----------------+------------------+
| Name    | Succ  | Fail | Send Rate (TPS) | Max Latency (s) | Min Latency (s) | Avg Latency (s) | Throughput (TPS) |
|---------|-------|------|-----------------|-----------------|-----------------|-----------------|------------------|
| 200-tps | 24000 | 0    | 200.0           | 0.98            | 0.05            | 0.50            | 199.5            |
+---------+-------+------+-----------------+-----------------+-----------------+-----------------+------------------+

2026.09.11-00:57:39.515[32m info [39m [caliper] [round-orchestrator] 	Finished round 3 (200-tps) in 120.303 seconds
2026.09.11-00:57:39.515[32m info [39m [caliper] [monitor.js] 	Stopping all monitors
2026.09.11-00:57:39.616[32m info [39m [caliper] [report-builder] 	### All test results ###
2026.09.11-00:57:39.618[32m info [39m [caliper] [report-builder] 	
+---------+-------+------+-----------------+-----------------+-----------------+-----------------+------------------+
| Name    | Succ  | Fail | Send Rate (TPS) | Max Latency (s) | Min Latency (s) | Avg Latency (s) | Throughput (TPS) |
|---------|-------|------|-----------------|-----------------|-----------------|-----------------|------------------|
| warmup  | 1001  | 0    | 50.1            | 2.23            | 0.07            | 1.10            | 49.2             |
|---------|-------|------|-----------------|-----------------|-----------------|-----------------|------------------|
| 50-tps  | 6001  | 0    | 50.0            | 2.10            | 0.07            | 1.08            | 49.4             |
|---------|-------|------|-----------------|-----------------|-----------------|-----------------|------------------|
| 200-tps | 24000 | 0    | 200.0           | 0.98            | 0.05            | 0.50            | 199.5            |
+---------+-------+------+-----------------+-----------------+-----------------+-----------------+------------------+

2026.09.11-00:57:39.623[32m info [39m [caliper] [report-builder] 	Generated report with path /home/user/projects/pqc-energy-trading/env/caliper/e1/report.html
2026.09.11-00:57:39.623[32m info [39m [caliper] [monitor.js] 	Stopping all monitors
2026.09.11-00:57:39.623[32m info [39m [caliper] [worker-orchestrator] 	Sending exit message to connected workers
2026.09.11-00:57:39.624[32m info [39m [caliper] [round-orchestrator] 	Benchmark finished in 291.338 seconds. Total rounds: 3. Successful rounds: 3. Failed rounds: 0.
2026.09.11-00:57:39.624[32m info [39m [caliper] [caliper-engine] 	Network configuration attribute "caliper.command.end" is not present, skipping end command
2026.09.11-00:57:39.624[32m info [39m [caliper] [cli-launch-manager] 	Benchmark successfully finished!
2026.09.11-00:57:39.624[32m info [39m [caliper] [worker-message-handler] 	Worker#0 is exiting
[E1] Benchmark finished.
[E1] finished_at=2026-09-11T00:57:39+03:30
[E1] Raw timing files:
latency-common-clean-v1_ml-dsa-44_block_heights.csv	115 bytes
latency-common-clean-v1_ml-dsa-44_commit_200-tps_worker0_1789075654481.csv	260738 bytes
latency-common-clean-v1_ml-dsa-44_commit_50-tps_worker0_1789075522812.csv	68470 bytes
latency-common-clean-v1_ml-dsa-44_e2e_200-tps_worker0_1789075654486.csv	2329282 bytes
latency-common-clean-v1_ml-dsa-44_e2e_50-tps_worker0_1789075522814.csv	585730 bytes
latency-common-clean-v1_ml-dsa-44_endorse_200-tps_worker0_1789075654476.csv	215753 bytes
latency-common-clean-v1_ml-dsa-44_endorse_50-tps_worker0_1789075522811.csv	53549 bytes
[E1] Block-height markers:
marker,height
before_warmup,7
after_warmup,17
before_50-tps,17
after_50-tps,77
before_200-tps,77
after_200-tps,257
[E1] Run completed successfully for namespace: latency-common-clean-v1_ml-dsa-44
