[E1] Run provenance
[E1] started_at=2026-09-11T01:02:58+03:30
[E1] configuration=ml-dsa-65
[E1] run_type=fixed-profile
[E1] run_label=latency-common-clean-v1
[E1] run_namespace=latency-common-clean-v1_ml-dsa-65
[E1] benchmark_config=env/caliper/e1/benchmark.yaml
[E1] benchmark_config_sha256=5ae8aa973467a7828237fbc097c8e3936d5a05196de3cfd2881f550b8afd6e1a
[E1] project_git_commit=9fba0e503e056719190f970052af50e4198554c2
[E1] project_git_state_before_log_creation=dirty
[E1] project_git_status_sha256_before_log_creation=4b74cb044fc463b62184a7dfc6372be520761bc4c7f9b5990803d9826830c877
[E1] project_tracked_state_before_log_creation=clean
[E1] project_tracked_status_sha256_before_log_creation=e3b0c44298fc1c149afbf4c8996fb92427ae41e4649b934ca495991b7852b855
[E1] project_untracked_paths_sha256_before_log_creation=e8d848fbe936ece355a3de0880608353d1e4e30413606d7c0eb2f703bc9c281c
[E1] host_kernel=7.0.0-31-generic
[E1] docker_server_version=29.1.3
[E1] fixed_cpu_set=2-15
[E1] Verifying CPU measurement state...
[E1] cpu2_state=governor:performance,min_khz:3201000,max_khz:3201000
[E1] cpu3_state=governor:performance,min_khz:3201000,max_khz:3201000
[E1] cpu4_state=governor:performance,min_khz:3201000,max_khz:3201000
[E1] cpu5_state=governor:performance,min_khz:3201000,max_khz:3201000
[E1] cpu6_state=governor:performance,min_khz:3201000,max_khz:3201000
[E1] cpu7_state=governor:performance,min_khz:3201000,max_khz:3201000
[E1] cpu8_state=governor:performance,min_khz:3201000,max_khz:3201000
[E1] cpu9_state=governor:performance,min_khz:3201000,max_khz:3201000
[E1] cpu10_state=governor:performance,min_khz:3201000,max_khz:3201000
[E1] cpu11_state=governor:performance,min_khz:3201000,max_khz:3201000
[E1] cpu12_state=governor:performance,min_khz:3201000,max_khz:3201000
[E1] cpu13_state=governor:performance,min_khz:3201000,max_khz:3201000
[E1] cpu14_state=governor:performance,min_khz:3201000,max_khz:3201000
[E1] cpu15_state=governor:performance,min_khz:3201000,max_khz:3201000
[E1] CPU state verified.
[E1] amd_pstate_mode=passive
[E1] boost_state=0
[E1] Frequency lock verified: 3201000 kHz on CPUs 2-15.
[E1] fabric_source_tag=v2.5.16
[E1] fabric_source_commit=f871cf92a026aba7b12e6f06d71ded3e6e659d71
[E1] fabric_source_state=clean
[E1] fabric_peer_image_id=sha256:3d71da5ac46b179c981527b69ac832cb7905bd3bc428ee6b2620bc580e3c944e
[E1] fabric_orderer_image_id=sha256:4ec6f0287e3fda35a874357bfe9c9f2ef8b9fbb427a42457de3b6b1b98290058
[E1] fabric_image_label_fabric_commit=f871cf92a026aba7b12e6f06d71ded3e6e659d71
[E1] fabric_image_label_liboqs_commit=97f6b86b1b6d109cfd43cf276ae39c2e776aed80
[E1] fabric_image_label_patch_sha256=5268f9f67656233d7e7b9ac7c449f20f05fc8a8257fb91eb0de63698a72d1293
[E1] pq_verify_trace=0
[E1] configtx_sha256=87022050421db9821be46266cfe68b9789c3fe125d089e31d368a01ffe27b384
[E1] crypto_config_sha256=6b7208daa343bf57296dcbe8152484c5062fe410824105fd374d46dcf2a0336c
[E1] docker_compose_sha256=0ae1009ed9c0f2d009100bbfb793b3b39e339bae86517df753114e26047102d4
[E1] fabric_setup_sha256=b69af762feee33e800bc26ef5af9e0a45301ba0c2172f580de6fc90b25ac2831
[E1] fabric_build_sha256=b17a4db58b1acf8ce94bb5b8cd895dcacfa06ae98dbcbef4e67152894d3c9281
[E1] fabric_pq_patch_sha256=5268f9f67656233d7e7b9ac7c449f20f05fc8a8257fb91eb0de63698a72d1293
[E1] chaincode_sha256=64973916cfe23691d2bc715b5b257f8ed2db8e08731720e750a2240c5cd0f8e1
[E1] pq_identity_generator_sha256=b4d8e0515fd4898f221a3618bc41971fcf35778175ae4e6e7c94ccd8f0ca9e48
[E1] caliper_package_lock_sha256=b45f505c22bcc63537590f39f748d7145a617cf9a83e2ac07fb4b48c48322355
[E1] caliper_network_sha256=7f3882ef30fc5bf532f2484ef55ebac5ce720290a6cd0f1e79b24f512cfa62fb
[E1] caliper_connection_org1_sha256=1a6c60a78e642181dcbebddd86537a7015063f3d00badb6dca4a35c8d9b30b6d
[E1] caliper_connection_org2_sha256=a7f68c912cb9b975cac96c0435e1e311dbdc87e903a9e29eb6ec0c5b9d3b0da8
[E1] caliper_workload_sha256=28a48fd0ce5ec7e883d3dd2b43d44797a2edc3eb9da01ade14d97a2965bffc65
[E1] caliper_timing_patch_sha256=7d3eaab0e3ce1a7713f09761ea2353b5d280cb51588f2ddb1098a9d50f17c578
[E1] e1_run_policy_sha256=f384807b82a7c6d94446242a07d5820bcd23c90529ce131e07764400807ca071
[E1] e1_runner_sha256=6247ec72dcb6d6eee4996addbf5b65cefe62d716318e2d478ff4c6ff2c860b65
[E1] Setting up Fabric network for configuration: ml-dsa-65
[E1] Fabric setup starting...
[E1] Fabric binaries: /home/user/projects/fabric-samples/bin
[E1] Channel: energychannel
[E1] Chaincode: simplekv
[E1] Configuration: ml-dsa-65
[E1] Running preflight checks...
[E1] Hyperledger Fabric version: 2.5.16
[E1] Preflight checks passed.
[E1] Removing previous E1 containers and generated artifacts...
 Container peer1.org2.example.com  Stopping
 Container orderer.example.com  Stopping
 Container peer1.org1.example.com  Stopping
 Container peer0.org1.example.com  Stopping
 Container peer0.org2.example.com  Stopping
 Container orderer.example.com  Stopped
 Container orderer.example.com  Removing
 Container orderer.example.com  Removed
 Container peer0.org1.example.com  Stopped
 Container peer0.org1.example.com  Removing
 Container peer0.org1.example.com  Removed
 Container peer1.org1.example.com  Stopped
 Container peer1.org1.example.com  Removing
 Container peer1.org1.example.com  Removed
 Container peer0.org2.example.com  Stopped
 Container peer0.org2.example.com  Removing
 Container peer0.org2.example.com  Removed
 Container peer1.org2.example.com  Stopped
 Container peer1.org2.example.com  Removing
 Container peer1.org2.example.com  Removed
 Network e1net  Removing
 Network e1net  Removed
[E1] Previous generated state removed.
[E1] Generating cryptographic material...
org1.example.com
org2.example.com
[E1] Generating PQ peer identities using ML-DSA-65...
peer0.org1.example.com: algorithm=ML-DSA-65 public_key_bytes=1952 certificate_bytes=3508
peer1.org1.example.com: algorithm=ML-DSA-65 public_key_bytes=1952 certificate_bytes=3508
peer0.org2.example.com: algorithm=ML-DSA-65 public_key_bytes=1952 certificate_bytes=3508
peer1.org2.example.com: algorithm=ML-DSA-65 public_key_bytes=1952 certificate_bytes=3508
PQ identities generated successfully using ML-DSA-65
[E1] Generating orderer genesis block...
[34m2026-09-11 01:03:00.423 +0330 0001 INFO[0m [common.tools.configtxgen] [34;1mmain[0m -> Loading configuration
[34m2026-09-11 01:03:00.428 +0330 0002 INFO[0m [common.tools.configtxgen.localconfig] [34;1mcompleteInitialization[0m -> orderer type: etcdraft
[34m2026-09-11 01:03:00.428 +0330 0003 INFO[0m [common.tools.configtxgen.localconfig] [34;1mcompleteInitialization[0m -> Orderer.EtcdRaft.Options unset, setting to tick_interval:"500ms" election_tick:10 heartbeat_tick:1 max_inflight_blocks:5 snapshot_interval_size:16777216 
[34m2026-09-11 01:03:00.428 +0330 0004 INFO[0m [common.tools.configtxgen.localconfig] [34;1mLoad[0m -> Loaded configuration: /home/user/projects/pqc-energy-trading/env/fabric/e1/configtx.yaml
[34m2026-09-11 01:03:00.429 +0330 0005 INFO[0m [common.tools.configtxgen] [34;1mdoOutputBlock[0m -> Generating genesis block
[34m2026-09-11 01:03:00.429 +0330 0006 INFO[0m [common.tools.configtxgen] [34;1mdoOutputBlock[0m -> Creating system channel genesis block
[34m2026-09-11 01:03:00.430 +0330 0007 INFO[0m [common.tools.configtxgen] [34;1mdoOutputBlock[0m -> Writing genesis block
[E1] Generating channel creation transaction...
[34m2026-09-11 01:03:00.464 +0330 0001 INFO[0m [common.tools.configtxgen] [34;1mmain[0m -> Loading configuration
[34m2026-09-11 01:03:00.469 +0330 0002 INFO[0m [common.tools.configtxgen.localconfig] [34;1mLoad[0m -> Loaded configuration: /home/user/projects/pqc-energy-trading/env/fabric/e1/configtx.yaml
[34m2026-09-11 01:03:00.469 +0330 0003 INFO[0m [common.tools.configtxgen] [34;1mdoOutputChannelCreateTx[0m -> Generating new channel configtx
[34m2026-09-11 01:03:00.471 +0330 0004 INFO[0m [common.tools.configtxgen] [34;1mdoOutputChannelCreateTx[0m -> Writing new channel tx
[E1] Generating anchor peer updates...
[34m2026-09-11 01:03:00.508 +0330 0001 INFO[0m [common.tools.configtxgen] [34;1mmain[0m -> Loading configuration
[34m2026-09-11 01:03:00.514 +0330 0002 INFO[0m [common.tools.configtxgen.localconfig] [34;1mLoad[0m -> Loaded configuration: /home/user/projects/pqc-energy-trading/env/fabric/e1/configtx.yaml
[34m2026-09-11 01:03:00.514 +0330 0003 INFO[0m [common.tools.configtxgen] [34;1mdoOutputAnchorPeersUpdate[0m -> Generating anchor peer update
[34m2026-09-11 01:03:00.515 +0330 0004 INFO[0m [common.tools.configtxgen] [34;1mdoOutputAnchorPeersUpdate[0m -> Writing anchor peer update
[34m2026-09-11 01:03:00.552 +0330 0001 INFO[0m [common.tools.configtxgen] [34;1mmain[0m -> Loading configuration
[34m2026-09-11 01:03:00.557 +0330 0002 INFO[0m [common.tools.configtxgen.localconfig] [34;1mLoad[0m -> Loaded configuration: /home/user/projects/pqc-energy-trading/env/fabric/e1/configtx.yaml
[34m2026-09-11 01:03:00.557 +0330 0003 INFO[0m [common.tools.configtxgen] [34;1mdoOutputAnchorPeersUpdate[0m -> Generating anchor peer update
[34m2026-09-11 01:03:00.558 +0330 0004 INFO[0m [common.tools.configtxgen] [34;1mdoOutputAnchorPeersUpdate[0m -> Writing anchor peer update
[E1] Fabric cryptographic and channel artifacts generated.
[E1] Starting Fabric network...
 Network e1net  Creating
 Network e1net  Created
 Container peer1.org1.example.com  Creating
 Container peer0.org1.example.com  Creating
 Container peer0.org2.example.com  Creating
 Container orderer.example.com  Creating
 Container peer1.org2.example.com  Creating
 Container peer1.org1.example.com  Created
 Container peer1.org2.example.com  Created
 Container peer0.org1.example.com  Created
 Container orderer.example.com  Created
 Container peer0.org2.example.com  Created
 Container orderer.example.com  Starting
 Container peer0.org1.example.com  Starting
 Container peer0.org2.example.com  Starting
 Container peer1.org2.example.com  Starting
 Container peer1.org1.example.com  Starting
 Container orderer.example.com  Started
 Container peer0.org1.example.com  Started
 Container peer0.org2.example.com  Started
 Container peer1.org2.example.com  Started
 Container peer1.org1.example.com  Started
[E1] orderer.example.com is running.
[E1] peer0.org1.example.com is running.
[E1] peer1.org1.example.com is running.
[E1] peer0.org2.example.com is running.
[E1] peer1.org2.example.com is running.
[E1] Fabric containers are running.
[E1] Waiting for Raft leader...
[E1] Raft leader is ready.
[E1] Waiting for peers to become ready...
[E1] peer0.org1.example.com:7051 is ready.
[E1] peer1.org1.example.com:8051 is ready.
[E1] peer0.org2.example.com:9051 is ready.
[E1] peer1.org2.example.com:10051 is ready.
[E1] All peers are ready.
[E1] Creating channel energychannel...
[34m2026-09-11 01:03:02.344 +0330 0001 INFO[0m [channelCmd] [34;1mInitCmdFactory[0m -> Endorser and orderer connections initialized
[34m2026-09-11 01:03:02.357 +0330 0002 INFO[0m [cli.common] [34;1mreadBlock[0m -> Expect block, but got status: &{NOT_FOUND}
[34m2026-09-11 01:03:02.359 +0330 0003 INFO[0m [channelCmd] [34;1mInitCmdFactory[0m -> Endorser and orderer connections initialized
[34m2026-09-11 01:03:02.561 +0330 0004 INFO[0m [cli.common] [34;1mreadBlock[0m -> Expect block, but got status: &{SERVICE_UNAVAILABLE}
[34m2026-09-11 01:03:02.563 +0330 0005 INFO[0m [channelCmd] [34;1mInitCmdFactory[0m -> Endorser and orderer connections initialized
[34m2026-09-11 01:03:02.766 +0330 0006 INFO[0m [cli.common] [34;1mreadBlock[0m -> Expect block, but got status: &{SERVICE_UNAVAILABLE}
[34m2026-09-11 01:03:02.769 +0330 0007 INFO[0m [channelCmd] [34;1mInitCmdFactory[0m -> Endorser and orderer connections initialized
[34m2026-09-11 01:03:02.970 +0330 0008 INFO[0m [cli.common] [34;1mreadBlock[0m -> Expect block, but got status: &{SERVICE_UNAVAILABLE}
[34m2026-09-11 01:03:02.972 +0330 0009 INFO[0m [channelCmd] [34;1mInitCmdFactory[0m -> Endorser and orderer connections initialized
[34m2026-09-11 01:03:03.174 +0330 000a INFO[0m [cli.common] [34;1mreadBlock[0m -> Expect block, but got status: &{SERVICE_UNAVAILABLE}
[34m2026-09-11 01:03:03.177 +0330 000b INFO[0m [channelCmd] [34;1mInitCmdFactory[0m -> Endorser and orderer connections initialized
[34m2026-09-11 01:03:03.379 +0330 000c INFO[0m [cli.common] [34;1mreadBlock[0m -> Received block: 0
[E1] Joining peer0.org1...
[34m2026-09-11 01:03:03.431 +0330 0001 INFO[0m [channelCmd] [34;1mInitCmdFactory[0m -> Endorser and orderer connections initialized
[34m2026-09-11 01:03:03.446 +0330 0002 INFO[0m [channelCmd] [34;1mexecuteJoin[0m -> Successfully submitted proposal to join channel
[E1] Joining peer1.org1...
[34m2026-09-11 01:03:03.495 +0330 0001 INFO[0m [channelCmd] [34;1mInitCmdFactory[0m -> Endorser and orderer connections initialized
[34m2026-09-11 01:03:03.511 +0330 0002 INFO[0m [channelCmd] [34;1mexecuteJoin[0m -> Successfully submitted proposal to join channel
[E1] Joining peer0.org2...
[34m2026-09-11 01:03:03.562 +0330 0001 INFO[0m [channelCmd] [34;1mInitCmdFactory[0m -> Endorser and orderer connections initialized
[34m2026-09-11 01:03:03.579 +0330 0002 INFO[0m [channelCmd] [34;1mexecuteJoin[0m -> Successfully submitted proposal to join channel
[E1] Joining peer1.org2...
[34m2026-09-11 01:03:03.630 +0330 0001 INFO[0m [channelCmd] [34;1mInitCmdFactory[0m -> Endorser and orderer connections initialized
[34m2026-09-11 01:03:03.646 +0330 0002 INFO[0m [channelCmd] [34;1mexecuteJoin[0m -> Successfully submitted proposal to join channel
[E1] All four peers joined energychannel.
[E1] Applying Org1 anchor peer update...
[34m2026-09-11 01:03:03.693 +0330 0001 INFO[0m [channelCmd] [34;1mInitCmdFactory[0m -> Endorser and orderer connections initialized
[34m2026-09-11 01:03:03.702 +0330 0002 INFO[0m [channelCmd] [34;1mupdate[0m -> Successfully submitted channel update
[E1] Applying Org2 anchor peer update...
[34m2026-09-11 01:03:03.753 +0330 0001 INFO[0m [channelCmd] [34;1mInitCmdFactory[0m -> Endorser and orderer connections initialized
[34m2026-09-11 01:03:03.764 +0330 0002 INFO[0m [channelCmd] [34;1mupdate[0m -> Successfully submitted channel update
[E1] Anchor peer updates applied.
[E1] Packaging chaincode...
[E1] Installing chaincode on all four peers...
[34m2026-09-11 01:03:04.055 +0330 0001 INFO[0m [cli.lifecycle.chaincode] [34;1msubmitInstallProposal[0m -> Installed remotely: response:<status:200 payload:"\nKsimplekv_1:c806deb2b025ac0d6e7758647d40416e68a179e25ff760a00f1a8b3e0a192b0b\022\nsimplekv_1" > 
[34m2026-09-11 01:03:04.055 +0330 0002 INFO[0m [cli.lifecycle.chaincode] [34;1msubmitInstallProposal[0m -> Chaincode code package identifier: simplekv_1:c806deb2b025ac0d6e7758647d40416e68a179e25ff760a00f1a8b3e0a192b0b
[34m2026-09-11 01:03:04.116 +0330 0001 INFO[0m [cli.lifecycle.chaincode] [34;1msubmitInstallProposal[0m -> Installed remotely: response:<status:200 payload:"\nKsimplekv_1:c806deb2b025ac0d6e7758647d40416e68a179e25ff760a00f1a8b3e0a192b0b\022\nsimplekv_1" > 
[34m2026-09-11 01:03:04.116 +0330 0002 INFO[0m [cli.lifecycle.chaincode] [34;1msubmitInstallProposal[0m -> Chaincode code package identifier: simplekv_1:c806deb2b025ac0d6e7758647d40416e68a179e25ff760a00f1a8b3e0a192b0b
[34m2026-09-11 01:03:04.175 +0330 0001 INFO[0m [cli.lifecycle.chaincode] [34;1msubmitInstallProposal[0m -> Installed remotely: response:<status:200 payload:"\nKsimplekv_1:c806deb2b025ac0d6e7758647d40416e68a179e25ff760a00f1a8b3e0a192b0b\022\nsimplekv_1" > 
[34m2026-09-11 01:03:04.175 +0330 0002 INFO[0m [cli.lifecycle.chaincode] [34;1msubmitInstallProposal[0m -> Chaincode code package identifier: simplekv_1:c806deb2b025ac0d6e7758647d40416e68a179e25ff760a00f1a8b3e0a192b0b
[34m2026-09-11 01:03:04.232 +0330 0001 INFO[0m [cli.lifecycle.chaincode] [34;1msubmitInstallProposal[0m -> Installed remotely: response:<status:200 payload:"\nKsimplekv_1:c806deb2b025ac0d6e7758647d40416e68a179e25ff760a00f1a8b3e0a192b0b\022\nsimplekv_1" > 
[34m2026-09-11 01:03:04.232 +0330 0002 INFO[0m [cli.lifecycle.chaincode] [34;1msubmitInstallProposal[0m -> Chaincode code package identifier: simplekv_1:c806deb2b025ac0d6e7758647d40416e68a179e25ff760a00f1a8b3e0a192b0b
[E1] Chaincode package ID: simplekv_1:c806deb2b025ac0d6e7758647d40416e68a179e25ff760a00f1a8b3e0a192b0b
[E1] Approving chaincode for Org1...
[34m2026-09-11 01:03:06.356 +0330 0001 INFO[0m [chaincodeCmd] [34;1mClientWait[0m -> txid [d4f4f8ce5feaa9ca286b832dbb976a5d16579cd7d750edceee6a32e788b30f5e] committed with status (VALID) at peer0.org1.example.com:7051
[E1] Approving chaincode for Org2...
[34m2026-09-11 01:03:08.428 +0330 0001 INFO[0m [chaincodeCmd] [34;1mClientWait[0m -> txid [5f122cc373b1a6484378040d54c964e44aad390b1f827fe311c4ae5a605c73ce] committed with status (VALID) at peer0.org2.example.com:9051
[E1] Checking chaincode commit readiness...
{
	"approvals": {
		"Org1MSP": true,
		"Org2MSP": true
	}
}
[E1] Committing chaincode definition...
[34m2026-09-11 01:03:10.585 +0330 0001 INFO[0m [chaincodeCmd] [34;1mClientWait[0m -> txid [47dcc169d4b7f4adbc53f75f0702d90178abe04c9333cc42e2e2ebc0fed5b116] committed with status (VALID) at peer0.org1.example.com:7051
[34m2026-09-11 01:03:10.586 +0330 0002 INFO[0m [chaincodeCmd] [34;1mClientWait[0m -> txid [47dcc169d4b7f4adbc53f75f0702d90178abe04c9333cc42e2e2ebc0fed5b116] committed with status (VALID) at peer0.org2.example.com:9051
[E1] Chaincode committed.
[E1] Running chaincode smoke test...
[34m2026-09-11 01:03:10.787 +0330 0001 INFO[0m [chaincodeCmd] [34;1mchaincodeInvokeOrQuery[0m -> Chaincode invoke successful. result: status:200 
[E1] Chaincode smoke test passed.
[E1] Verifying cross-organization discovery...
[E1] Discovery check passed: all four peers visible.
[E1] Fabric E1 setup completed successfully.
[E1] Fabric network ready for configuration: ml-dsa-65
[E1] effective_BatchTimeout=2s
[E1] effective_MaxMessageCount=500
[E1] effective_PreferredMaxBytes=2097152
[E1] effective_AbsoluteMaxBytes=10485760
[E1] Starting Caliper benchmark...
[E1] Log: /home/user/projects/pqc-energy-trading/raw/e1/latency-common-clean-v1_ml-dsa-65_caliper_run.log
npm notice run e1@1.0.0 npx
npm notice run 'caliper' launch manager --caliper-workspace . --caliper-benchconfig /home/user/projects/pqc-energy-trading/env/caliper/e1/benchmark.yaml --caliper-networkconfig network.yaml
2026.09.11-01:03:13.408[32m info [39m [caliper] [cli-launch-manager] 	Set workspace path: /home/user/projects/pqc-energy-trading/env/caliper/e1
2026.09.11-01:03:13.409[32m info [39m [caliper] [cli-launch-manager] 	Set benchmark configuration path: /home/user/projects/pqc-energy-trading/env/caliper/e1/benchmark.yaml
2026.09.11-01:03:13.409[32m info [39m [caliper] [cli-launch-manager] 	Set network configuration path: /home/user/projects/pqc-energy-trading/env/caliper/e1/network.yaml
2026.09.11-01:03:13.409[32m info [39m [caliper] [cli-launch-manager] 	Set SUT type: fabric
2026.09.11-01:03:13.427[32m info [39m [caliper] [benchmark-validator] 	No observer specified, will default to `none`
2026.09.11-01:03:13.428[32m info [39m [caliper] [caliper-engine] 	Starting benchmark flow
2026.09.11-01:03:13.428[32m info [39m [caliper] [caliper-engine] 	Network configuration attribute "caliper.command.start" is not present, skipping start command
2026.09.11-01:03:13.541[32m info [39m [caliper] [FabricConnectorFactory] 	Initializing peer gateway connector compatible with installed fabric-gateway SDK: 1.7.1
2026.09.11-01:03:13.548[32m info [39m [caliper] [IdentityManager] 	Adding User1 (admin=false) as User1 for organization Org1MSP
2026.09.11-01:03:13.549[32m info [39m [caliper] [IdentityManager] 	Adding User1Org2 (admin=false) as _Org2MSP_User1Org2 for organization Org2MSP
2026.09.11-01:03:13.551[32m info [39m [caliper] [connectors/peer-gateway/PeerGateway] 	Fabric-Gateway SDK version: 1.7.1 for Peer-Gateway connector; TLS based on Org1MSP: server
2026.09.11-01:03:13.551[32m info [39m [caliper] [caliper-engine] 	Executed "init" step in 0.001 seconds
2026.09.11-01:03:13.551[33m warn [39m [caliper] [connectors/peer-gateway/PeerGateway] 	Install smart contract not available for the Fabric Peer Gateway connector
2026.09.11-01:03:13.551[32m info [39m [caliper] [caliper-engine] 	Executed "install" step in 0 seconds
2026.09.11-01:03:13.553[32m info [39m [caliper] [monitor.js] 	Attempting to create resource monitor of type docker
2026.09.11-01:03:13.554[32m info [39m [caliper] [default-observer] 	Observer interval set to 5000 milliseconds
2026.09.11-01:03:13.557[32m info [39m [caliper] [round-orchestrator] 	Preparing worker connections
2026.09.11-01:03:13.557[32m info [39m [caliper] [worker-orchestrator] 	Launching worker 1 of 1
2026.09.11-01:03:13.561[32m info [39m [caliper] [worker-orchestrator] 	Messenger not configured, entering configure phase...
2026.09.11-01:03:13.562[32m info [39m [caliper] [worker-orchestrator] 	No existing workers detected, entering worker launch phase...
2026.09.11-01:03:13.562[32m info [39m [caliper] [worker-orchestrator] 	Waiting for 1 workers to be connected...
2026.09.11-01:03:13.772[32m info [39m [caliper] [cli-launch-worker] 	Set workspace path: /home/user/projects/pqc-energy-trading/env/caliper/e1
2026.09.11-01:03:13.773[32m info [39m [caliper] [cli-launch-worker] 	Set benchmark configuration path: /home/user/projects/pqc-energy-trading/env/caliper/e1/benchmark.yaml
2026.09.11-01:03:13.773[32m info [39m [caliper] [cli-launch-worker] 	Set network configuration path: /home/user/projects/pqc-energy-trading/env/caliper/e1/network.yaml
2026.09.11-01:03:13.773[32m info [39m [caliper] [cli-launch-worker] 	Set SUT type: fabric
2026.09.11-01:03:13.803[32m info [39m [caliper] [worker-orchestrator] 	1 workers connected, progressing to worker assignment phase.
2026.09.11-01:03:13.803[32m info [39m [caliper] [worker-orchestrator] 	Workers currently unassigned, awaiting index assignment...
2026.09.11-01:03:13.803[32m info [39m [caliper] [worker-orchestrator] 	Waiting for 1 workers to be assigned...
2026.09.11-01:03:13.820[32m info [39m [caliper] [worker-orchestrator] 	1 workers assigned, progressing to worker initialization phase.
2026.09.11-01:03:13.820[32m info [39m [caliper] [worker-orchestrator] 	Waiting for 1 workers to be ready...
2026.09.11-01:03:13.821[32m info [39m [caliper] [worker-message-handler] 	Initializing Worker#0...
2026.09.11-01:03:13.926[32m info [39m [caliper] [FabricConnectorFactory] 	Initializing peer gateway connector compatible with installed fabric-gateway SDK: 1.7.1
2026.09.11-01:03:13.931[32m info [39m [caliper] [IdentityManager] 	Adding User1 (admin=false) as User1 for organization Org1MSP
2026.09.11-01:03:13.932[32m info [39m [caliper] [IdentityManager] 	Adding User1Org2 (admin=false) as _Org2MSP_User1Org2 for organization Org2MSP
2026.09.11-01:03:13.934[32m info [39m [caliper] [worker-message-handler] 	Worker#0 initialized
2026.09.11-01:03:13.935[32m info [39m [caliper] [worker-orchestrator] 	1 workers ready, progressing to test preparation phase.
2026.09.11-01:03:13.935[32m info [39m [caliper] [round-orchestrator] 	Started round 1 (warmup)
2026.09.11-01:03:13.935[32m info [39m [caliper] [worker-message-handler] 	Preparing Worker#0 for Round#0
2026.09.11-01:03:13.946[32m info [39m [caliper] [connectors/peer-gateway/PeerGateway] 	Generating contract map for user User1
2026.09.11-01:03:13.950[32m info [39m [caliper] [connectors/peer-gateway/PeerGateway] 	Generating contract map for user _Org2MSP_User1Org2
2026.09.11-01:03:13.950[32m info [39m [caliper] [caliper-worker] 	Info: worker 0 prepare test phase for round 0 is starting...
2026.09.11-01:03:14.057[32m info [39m [caliper] [connectors/peer-gateway/PeerGateway] 	disconnecting gateway for user User1
2026.09.11-01:03:14.057[32m info [39m [caliper] [connectors/peer-gateway/PeerGateway] 	disconnecting gateway for user _Org2MSP_User1Org2
2026.09.11-01:03:14.057[32m info [39m [caliper] [connectors/peer-gateway/PeerGateway] 	disconnecting gRpc client at peer peer0.org1.example.com
2026.09.11-01:03:14.058[32m info [39m [caliper] [connectors/peer-gateway/PeerGateway] 	disconnecting gRpc client at peer peer0.org2.example.com
2026.09.11-01:03:14.058[32m info [39m [caliper] [caliper-worker] 	Info: worker 0 prepare test phase for round 0 is completed
2026.09.11-01:03:14.058[32m info [39m [caliper] [worker-message-handler] 	Worker#0 prepared for Round#0
2026.09.11-01:03:14.058[32m info [39m [caliper] [worker-orchestrator] 	1 workers prepared, progressing to test phase.
2026.09.11-01:03:14.071[32m info [39m [caliper] [round-orchestrator] 	Monitors successfully started
2026.09.11-01:03:14.072[32m info [39m [caliper] [worker-message-handler] 	Worker#0 is starting Round#0
2026.09.11-01:03:14.074[32m info [39m [caliper] [connectors/peer-gateway/PeerGateway] 	Generating contract map for user User1
2026.09.11-01:03:14.075[32m info [39m [caliper] [connectors/peer-gateway/PeerGateway] 	Generating contract map for user _Org2MSP_User1Org2
2026.09.11-01:03:14.077[32m info [39m [caliper] [caliper-worker] 	Worker #0 starting workload loop
2026.09.11-01:03:19.067[32m info [39m [caliper] [default-observer] 	[warmup Round 0 Transaction Info] - Submitted: 201 Succ: 106 Fail:0 Unfinished:95
2026.09.11-01:03:24.060[32m info [39m [caliper] [default-observer] 	[warmup Round 0 Transaction Info] - Submitted: 451 Succ: 408 Fail:0 Unfinished:43
2026.09.11-01:03:29.061[32m info [39m [caliper] [default-observer] 	[warmup Round 0 Transaction Info] - Submitted: 701 Succ: 610 Fail:0 Unfinished:91
2026.09.11-01:03:34.062[32m info [39m [caliper] [default-observer] 	[warmup Round 0 Transaction Info] - Submitted: 951 Succ: 913 Fail:0 Unfinished:38
2026.09.11-01:03:35.593[32m info [39m [caliper] [connectors/peer-gateway/PeerGateway] 	disconnecting gateway for user User1
2026.09.11-01:03:35.593[32m info [39m [caliper] [connectors/peer-gateway/PeerGateway] 	disconnecting gateway for user _Org2MSP_User1Org2
2026.09.11-01:03:35.593[32m info [39m [caliper] [connectors/peer-gateway/PeerGateway] 	disconnecting gRpc client at peer peer0.org1.example.com
2026.09.11-01:03:35.594[32m info [39m [caliper] [connectors/peer-gateway/PeerGateway] 	disconnecting gRpc client at peer peer0.org2.example.com
2026.09.11-01:03:35.594[32m info [39m [caliper] [worker-message-handler] 	Worker#0 finished Round#0
2026.09.11-01:03:40.596[32m info [39m [caliper] [default-observer] 	Resetting txCount indicator count
2026.09.11-01:03:40.597[32m info [39m [caliper] [report-builder] 	### Test result ###
2026.09.11-01:03:40.600[32m info [39m [caliper] [report-builder] 	
+--------+------+------+-----------------+-----------------+-----------------+-----------------+------------------+
| Name   | Succ | Fail | Send Rate (TPS) | Max Latency (s) | Min Latency (s) | Avg Latency (s) | Throughput (TPS) |
|--------|------|------|-----------------|-----------------|-----------------|-----------------|------------------|
| warmup | 1001 | 0    | 50.1            | 2.25            | 0.08            | 1.12            | 49.2             |
+--------+------+------+-----------------+-----------------+-----------------+-----------------+------------------+

2026.09.11-01:03:40.601[32m info [39m [caliper] [round-orchestrator] 	Finished round 1 (warmup) in 20.404 seconds
2026.09.11-01:03:40.601[32m info [39m [caliper] [monitor.js] 	Stopping all monitors
2026.09.11-01:03:40.702[32m info [39m [caliper] [round-orchestrator] 	Waiting 5 seconds for the next round...
2026.09.11-01:03:45.706[32m info [39m [caliper] [round-orchestrator] 	Started round 2 (50-tps)
2026.09.11-01:03:45.707[32m info [39m [caliper] [worker-message-handler] 	Preparing Worker#0 for Round#1
2026.09.11-01:03:45.714[32m info [39m [caliper] [connectors/peer-gateway/PeerGateway] 	Generating contract map for user User1
2026.09.11-01:03:45.716[32m info [39m [caliper] [connectors/peer-gateway/PeerGateway] 	Generating contract map for user _Org2MSP_User1Org2
2026.09.11-01:03:45.716[32m info [39m [caliper] [caliper-worker] 	Info: worker 0 prepare test phase for round 1 is starting...
2026.09.11-01:03:45.830[32m info [39m [caliper] [connectors/peer-gateway/PeerGateway] 	disconnecting gateway for user User1
2026.09.11-01:03:45.830[32m info [39m [caliper] [connectors/peer-gateway/PeerGateway] 	disconnecting gateway for user _Org2MSP_User1Org2
2026.09.11-01:03:45.830[32m info [39m [caliper] [connectors/peer-gateway/PeerGateway] 	disconnecting gRpc client at peer peer0.org1.example.com
2026.09.11-01:03:45.830[32m info [39m [caliper] [connectors/peer-gateway/PeerGateway] 	disconnecting gRpc client at peer peer0.org2.example.com
2026.09.11-01:03:45.830[32m info [39m [caliper] [caliper-worker] 	Info: worker 0 prepare test phase for round 1 is completed
2026.09.11-01:03:45.830[32m info [39m [caliper] [worker-message-handler] 	Worker#0 prepared for Round#1
2026.09.11-01:03:45.831[32m info [39m [caliper] [worker-orchestrator] 	1 workers prepared, progressing to test phase.
2026.09.11-01:03:45.836[32m info [39m [caliper] [round-orchestrator] 	Monitors successfully started
2026.09.11-01:03:45.836[32m info [39m [caliper] [worker-message-handler] 	Worker#0 is starting Round#1
2026.09.11-01:03:45.838[32m info [39m [caliper] [connectors/peer-gateway/PeerGateway] 	Generating contract map for user User1
2026.09.11-01:03:45.839[32m info [39m [caliper] [connectors/peer-gateway/PeerGateway] 	Generating contract map for user _Org2MSP_User1Org2
2026.09.11-01:03:45.840[32m info [39m [caliper] [caliper-worker] 	Worker #0 starting workload loop
2026.09.11-01:03:50.833[32m info [39m [caliper] [default-observer] 	[50-tps Round 1 Transaction Info] - Submitted: 201 Succ: 101 Fail:0 Unfinished:100
2026.09.11-01:03:55.833[32m info [39m [caliper] [default-observer] 	[50-tps Round 1 Transaction Info] - Submitted: 451 Succ: 404 Fail:0 Unfinished:47
2026.09.11-01:04:00.835[32m info [39m [caliper] [default-observer] 	[50-tps Round 1 Transaction Info] - Submitted: 701 Succ: 606 Fail:0 Unfinished:95
2026.09.11-01:04:05.835[32m info [39m [caliper] [default-observer] 	[50-tps Round 1 Transaction Info] - Submitted: 951 Succ: 909 Fail:0 Unfinished:42
2026.09.11-01:04:10.836[32m info [39m [caliper] [default-observer] 	[50-tps Round 1 Transaction Info] - Submitted: 1201 Succ: 1111 Fail:0 Unfinished:90
2026.09.11-01:04:15.838[32m info [39m [caliper] [default-observer] 	[50-tps Round 1 Transaction Info] - Submitted: 1451 Succ: 1415 Fail:0 Unfinished:36
2026.09.11-01:04:20.839[32m info [39m [caliper] [default-observer] 	[50-tps Round 1 Transaction Info] - Submitted: 1701 Succ: 1617 Fail:0 Unfinished:84
2026.09.11-01:04:25.840[32m info [39m [caliper] [default-observer] 	[50-tps Round 1 Transaction Info] - Submitted: 1951 Succ: 1920 Fail:0 Unfinished:31
2026.09.11-01:04:30.841[32m info [39m [caliper] [default-observer] 	[50-tps Round 1 Transaction Info] - Submitted: 2201 Succ: 2121 Fail:0 Unfinished:80
2026.09.11-01:04:35.842[32m info [39m [caliper] [default-observer] 	[50-tps Round 1 Transaction Info] - Submitted: 2451 Succ: 2424 Fail:0 Unfinished:27
2026.09.11-01:04:40.843[32m info [39m [caliper] [default-observer] 	[50-tps Round 1 Transaction Info] - Submitted: 2701 Succ: 2626 Fail:0 Unfinished:75
2026.09.11-01:04:45.844[32m info [39m [caliper] [default-observer] 	[50-tps Round 1 Transaction Info] - Submitted: 2951 Succ: 2929 Fail:0 Unfinished:22
2026.09.11-01:04:50.845[32m info [39m [caliper] [default-observer] 	[50-tps Round 1 Transaction Info] - Submitted: 3201 Succ: 3131 Fail:0 Unfinished:70
2026.09.11-01:04:55.846[32m info [39m [caliper] [default-observer] 	[50-tps Round 1 Transaction Info] - Submitted: 3451 Succ: 3434 Fail:0 Unfinished:17
2026.09.11-01:05:00.847[32m info [39m [caliper] [default-observer] 	[50-tps Round 1 Transaction Info] - Submitted: 3701 Succ: 3636 Fail:0 Unfinished:65
2026.09.11-01:05:05.848[32m info [39m [caliper] [default-observer] 	[50-tps Round 1 Transaction Info] - Submitted: 3951 Succ: 3939 Fail:0 Unfinished:12
2026.09.11-01:05:10.849[32m info [39m [caliper] [default-observer] 	[50-tps Round 1 Transaction Info] - Submitted: 4201 Succ: 4141 Fail:0 Unfinished:60
2026.09.11-01:05:15.850[32m info [39m [caliper] [default-observer] 	[50-tps Round 1 Transaction Info] - Submitted: 4451 Succ: 4444 Fail:0 Unfinished:7
2026.09.11-01:05:20.851[32m info [39m [caliper] [default-observer] 	[50-tps Round 1 Transaction Info] - Submitted: 4701 Succ: 4646 Fail:0 Unfinished:55
2026.09.11-01:05:25.852[32m info [39m [caliper] [default-observer] 	[50-tps Round 1 Transaction Info] - Submitted: 4952 Succ: 4848 Fail:0 Unfinished:104
2026.09.11-01:05:30.853[32m info [39m [caliper] [default-observer] 	[50-tps Round 1 Transaction Info] - Submitted: 5202 Succ: 5151 Fail:0 Unfinished:51
2026.09.11-01:05:35.854[32m info [39m [caliper] [default-observer] 	[50-tps Round 1 Transaction Info] - Submitted: 5452 Succ: 5353 Fail:0 Unfinished:99
2026.09.11-01:05:40.855[32m info [39m [caliper] [default-observer] 	[50-tps Round 1 Transaction Info] - Submitted: 5702 Succ: 5656 Fail:0 Unfinished:46
2026.09.11-01:05:45.856[32m info [39m [caliper] [default-observer] 	[50-tps Round 1 Transaction Info] - Submitted: 5952 Succ: 5858 Fail:0 Unfinished:94
2026.09.11-01:05:48.277[32m info [39m [caliper] [connectors/peer-gateway/PeerGateway] 	disconnecting gateway for user User1
2026.09.11-01:05:48.277[32m info [39m [caliper] [connectors/peer-gateway/PeerGateway] 	disconnecting gateway for user _Org2MSP_User1Org2
2026.09.11-01:05:48.277[32m info [39m [caliper] [connectors/peer-gateway/PeerGateway] 	disconnecting gRpc client at peer peer0.org1.example.com
2026.09.11-01:05:48.278[32m info [39m [caliper] [connectors/peer-gateway/PeerGateway] 	disconnecting gRpc client at peer peer0.org2.example.com
2026.09.11-01:05:48.278[32m info [39m [caliper] [worker-message-handler] 	Worker#0 finished Round#1
2026.09.11-01:05:53.279[32m info [39m [caliper] [default-observer] 	Resetting txCount indicator count
2026.09.11-01:05:53.279[32m info [39m [caliper] [report-builder] 	### Test result ###
2026.09.11-01:05:53.280[32m info [39m [caliper] [report-builder] 	
+--------+------+------+-----------------+-----------------+-----------------+-----------------+------------------+
| Name   | Succ | Fail | Send Rate (TPS) | Max Latency (s) | Min Latency (s) | Avg Latency (s) | Throughput (TPS) |
|--------|------|------|-----------------|-----------------|-----------------|-----------------|------------------|
| 50-tps | 6001 | 0    | 50.0            | 2.10            | 0.08            | 1.10            | 49.5             |
+--------+------+------+-----------------+-----------------+-----------------+-----------------+------------------+

2026.09.11-01:05:53.280[32m info [39m [caliper] [round-orchestrator] 	Finished round 2 (50-tps) in 121.309 seconds
2026.09.11-01:05:53.280[32m info [39m [caliper] [monitor.js] 	Stopping all monitors
2026.09.11-01:05:53.381[32m info [39m [caliper] [round-orchestrator] 	Waiting 5 seconds for the next round...
2026.09.11-01:05:58.387[32m info [39m [caliper] [round-orchestrator] 	Started round 3 (200-tps)
2026.09.11-01:05:58.388[32m info [39m [caliper] [worker-message-handler] 	Preparing Worker#0 for Round#2
2026.09.11-01:05:58.394[32m info [39m [caliper] [connectors/peer-gateway/PeerGateway] 	Generating contract map for user User1
2026.09.11-01:05:58.396[32m info [39m [caliper] [connectors/peer-gateway/PeerGateway] 	Generating contract map for user _Org2MSP_User1Org2
2026.09.11-01:05:58.396[32m info [39m [caliper] [caliper-worker] 	Info: worker 0 prepare test phase for round 2 is starting...
2026.09.11-01:05:58.515[32m info [39m [caliper] [connectors/peer-gateway/PeerGateway] 	disconnecting gateway for user User1
2026.09.11-01:05:58.515[32m info [39m [caliper] [connectors/peer-gateway/PeerGateway] 	disconnecting gateway for user _Org2MSP_User1Org2
2026.09.11-01:05:58.515[32m info [39m [caliper] [connectors/peer-gateway/PeerGateway] 	disconnecting gRpc client at peer peer0.org1.example.com
2026.09.11-01:05:58.515[32m info [39m [caliper] [connectors/peer-gateway/PeerGateway] 	disconnecting gRpc client at peer peer0.org2.example.com
2026.09.11-01:05:58.515[32m info [39m [caliper] [caliper-worker] 	Info: worker 0 prepare test phase for round 2 is completed
2026.09.11-01:05:58.515[32m info [39m [caliper] [worker-message-handler] 	Worker#0 prepared for Round#2
2026.09.11-01:05:58.516[32m info [39m [caliper] [worker-orchestrator] 	1 workers prepared, progressing to test phase.
2026.09.11-01:05:58.519[32m info [39m [caliper] [round-orchestrator] 	Monitors successfully started
2026.09.11-01:05:58.519[32m info [39m [caliper] [worker-message-handler] 	Worker#0 is starting Round#2
2026.09.11-01:05:58.521[32m info [39m [caliper] [connectors/peer-gateway/PeerGateway] 	Generating contract map for user User1
2026.09.11-01:05:58.522[32m info [39m [caliper] [connectors/peer-gateway/PeerGateway] 	Generating contract map for user _Org2MSP_User1Org2
2026.09.11-01:05:58.523[32m info [39m [caliper] [caliper-worker] 	Worker #0 starting workload loop
2026.09.11-01:06:03.517[32m info [39m [caliper] [default-observer] 	[200-tps Round 2 Transaction Info] - Submitted: 801 Succ: 666 Fail:0 Unfinished:135
2026.09.11-01:06:08.518[32m info [39m [caliper] [default-observer] 	[200-tps Round 2 Transaction Info] - Submitted: 1801 Succ: 1742 Fail:0 Unfinished:59
2026.09.11-01:06:13.519[32m info [39m [caliper] [default-observer] 	[200-tps Round 2 Transaction Info] - Submitted: 2801 Succ: 2677 Fail:0 Unfinished:124
2026.09.11-01:06:18.520[32m info [39m [caliper] [default-observer] 	[200-tps Round 2 Transaction Info] - Submitted: 3801 Succ: 3751 Fail:0 Unfinished:50
2026.09.11-01:06:23.521[32m info [39m [caliper] [default-observer] 	[200-tps Round 2 Transaction Info] - Submitted: 4801 Succ: 4687 Fail:0 Unfinished:114
2026.09.11-01:06:28.522[32m info [39m [caliper] [default-observer] 	[200-tps Round 2 Transaction Info] - Submitted: 5801 Succ: 5761 Fail:0 Unfinished:40
2026.09.11-01:06:33.523[32m info [39m [caliper] [default-observer] 	[200-tps Round 2 Transaction Info] - Submitted: 6801 Succ: 6699 Fail:0 Unfinished:102
2026.09.11-01:06:38.524[32m info [39m [caliper] [default-observer] 	[200-tps Round 2 Transaction Info] - Submitted: 7799 Succ: 7776 Fail:0 Unfinished:23
2026.09.11-01:06:43.525[32m info [39m [caliper] [default-observer] 	[200-tps Round 2 Transaction Info] - Submitted: 8802 Succ: 8715 Fail:0 Unfinished:87
2026.09.11-01:06:48.526[32m info [39m [caliper] [default-observer] 	[200-tps Round 2 Transaction Info] - Submitted: 9802 Succ: 9657 Fail:0 Unfinished:145
2026.09.11-01:06:53.529[32m info [39m [caliper] [default-observer] 	[200-tps Round 2 Transaction Info] - Submitted: 10802 Succ: 10724 Fail:0 Unfinished:78
2026.09.11-01:06:58.529[32m info [39m [caliper] [default-observer] 	[200-tps Round 2 Transaction Info] - Submitted: 11802 Succ: 11667 Fail:0 Unfinished:135
2026.09.11-01:07:03.530[32m info [39m [caliper] [default-observer] 	[200-tps Round 2 Transaction Info] - Submitted: 12803 Succ: 12735 Fail:0 Unfinished:68
2026.09.11-01:07:08.531[32m info [39m [caliper] [default-observer] 	[200-tps Round 2 Transaction Info] - Submitted: 13803 Succ: 13681 Fail:0 Unfinished:122
2026.09.11-01:07:13.532[32m info [39m [caliper] [default-observer] 	[200-tps Round 2 Transaction Info] - Submitted: 14803 Succ: 14751 Fail:0 Unfinished:52
2026.09.11-01:07:18.533[32m info [39m [caliper] [default-observer] 	[200-tps Round 2 Transaction Info] - Submitted: 15804 Succ: 15696 Fail:0 Unfinished:108
2026.09.11-01:07:23.534[32m info [39m [caliper] [default-observer] 	[200-tps Round 2 Transaction Info] - Submitted: 16804 Succ: 16765 Fail:0 Unfinished:39
2026.09.11-01:07:28.535[32m info [39m [caliper] [default-observer] 	[200-tps Round 2 Transaction Info] - Submitted: 17804 Succ: 17713 Fail:0 Unfinished:91
2026.09.11-01:07:33.536[32m info [39m [caliper] [default-observer] 	[200-tps Round 2 Transaction Info] - Submitted: 18803 Succ: 18650 Fail:0 Unfinished:153
2026.09.11-01:07:38.538[32m info [39m [caliper] [default-observer] 	[200-tps Round 2 Transaction Info] - Submitted: 19806 Succ: 19730 Fail:0 Unfinished:76
2026.09.11-01:07:43.539[32m info [39m [caliper] [default-observer] 	[200-tps Round 2 Transaction Info] - Submitted: 20807 Succ: 20667 Fail:0 Unfinished:140
2026.09.11-01:07:48.540[32m info [39m [caliper] [default-observer] 	[200-tps Round 2 Transaction Info] - Submitted: 21807 Succ: 21741 Fail:0 Unfinished:66
2026.09.11-01:07:53.541[32m info [39m [caliper] [default-observer] 	[200-tps Round 2 Transaction Info] - Submitted: 22807 Succ: 22676 Fail:0 Unfinished:131
2026.09.11-01:07:58.542[32m info [39m [caliper] [default-observer] 	[200-tps Round 2 Transaction Info] - Submitted: 23808 Succ: 23750 Fail:0 Unfinished:58
2026.09.11-01:08:00.578[32m info [39m [caliper] [connectors/peer-gateway/PeerGateway] 	disconnecting gateway for user User1
2026.09.11-01:08:00.578[32m info [39m [caliper] [connectors/peer-gateway/PeerGateway] 	disconnecting gateway for user _Org2MSP_User1Org2
2026.09.11-01:08:00.578[32m info [39m [caliper] [connectors/peer-gateway/PeerGateway] 	disconnecting gRpc client at peer peer0.org1.example.com
2026.09.11-01:08:00.579[32m info [39m [caliper] [connectors/peer-gateway/PeerGateway] 	disconnecting gRpc client at peer peer0.org2.example.com
2026.09.11-01:08:00.579[32m info [39m [caliper] [worker-message-handler] 	Worker#0 finished Round#2
2026.09.11-01:08:05.579[32m info [39m [caliper] [default-observer] 	Resetting txCount indicator count
2026.09.11-01:08:05.580[32m info [39m [caliper] [report-builder] 	### Test result ###
2026.09.11-01:08:05.580[32m info [39m [caliper] [report-builder] 	
+---------+-------+------+-----------------+-----------------+-----------------+-----------------+------------------+
| Name    | Succ  | Fail | Send Rate (TPS) | Max Latency (s) | Min Latency (s) | Avg Latency (s) | Throughput (TPS) |
|---------|-------|------|-----------------|-----------------|-----------------|-----------------|------------------|
| 200-tps | 24001 | 0    | 200.0           | 1.45            | 0.08            | 0.45            | 198.6            |
+---------+-------+------+-----------------+-----------------+-----------------+-----------------+------------------+

2026.09.11-01:08:05.580[32m info [39m [caliper] [round-orchestrator] 	Finished round 3 (200-tps) in 120.907 seconds
2026.09.11-01:08:05.581[32m info [39m [caliper] [monitor.js] 	Stopping all monitors
2026.09.11-01:08:05.681[32m info [39m [caliper] [report-builder] 	### All test results ###
2026.09.11-01:08:05.682[32m info [39m [caliper] [report-builder] 	
+---------+-------+------+-----------------+-----------------+-----------------+-----------------+------------------+
| Name    | Succ  | Fail | Send Rate (TPS) | Max Latency (s) | Min Latency (s) | Avg Latency (s) | Throughput (TPS) |
|---------|-------|------|-----------------|-----------------|-----------------|-----------------|------------------|
| warmup  | 1001  | 0    | 50.1            | 2.25            | 0.08            | 1.12            | 49.2             |
|---------|-------|------|-----------------|-----------------|-----------------|-----------------|------------------|
| 50-tps  | 6001  | 0    | 50.0            | 2.10            | 0.08            | 1.10            | 49.5             |
|---------|-------|------|-----------------|-----------------|-----------------|-----------------|------------------|
| 200-tps | 24001 | 0    | 200.0           | 1.45            | 0.08            | 0.45            | 198.6            |
+---------+-------+------+-----------------+-----------------+-----------------+-----------------+------------------+

2026.09.11-01:08:05.688[32m info [39m [caliper] [report-builder] 	Generated report with path /home/user/projects/pqc-energy-trading/env/caliper/e1/report.html
2026.09.11-01:08:05.688[32m info [39m [caliper] [monitor.js] 	Stopping all monitors
2026.09.11-01:08:05.688[32m info [39m [caliper] [worker-orchestrator] 	Sending exit message to connected workers
2026.09.11-01:08:05.688[32m info [39m [caliper] [round-orchestrator] 	Benchmark finished in 291.753 seconds. Total rounds: 3. Successful rounds: 3. Failed rounds: 0.
2026.09.11-01:08:05.688[32m info [39m [caliper] [caliper-engine] 	Network configuration attribute "caliper.command.end" is not present, skipping end command
2026.09.11-01:08:05.688[32m info [39m [caliper] [cli-launch-manager] 	Benchmark successfully finished!
2026.09.11-01:08:05.688[32m info [39m [caliper] [worker-message-handler] 	Worker#0 is exiting
[E1] Benchmark finished.
[E1] finished_at=2026-09-11T01:08:05+03:30
[E1] Raw timing files:
latency-common-clean-v1_ml-dsa-65_block_heights.csv	115 bytes
latency-common-clean-v1_ml-dsa-65_commit_200-tps_worker0_1789076280548.csv	261225 bytes
latency-common-clean-v1_ml-dsa-65_commit_50-tps_worker0_1789076148269.csv	68560 bytes
latency-common-clean-v1_ml-dsa-65_e2e_200-tps_worker0_1789076280552.csv	2329965 bytes
latency-common-clean-v1_ml-dsa-65_e2e_50-tps_worker0_1789076148270.csv	585813 bytes
latency-common-clean-v1_ml-dsa-65_endorse_200-tps_worker0_1789076280543.csv	216417 bytes
latency-common-clean-v1_ml-dsa-65_endorse_50-tps_worker0_1789076148267.csv	53483 bytes
[E1] Block-height markers:
marker,height
before_warmup,7
after_warmup,17
before_50-tps,17
after_50-tps,77
before_200-tps,77
after_200-tps,315
[E1] Run completed successfully for namespace: latency-common-clean-v1_ml-dsa-65
