[E1] Run provenance
[E1] started_at=2026-09-06T13:36:02+03:30
[E1] configuration=sphincs
[E1] run_type=sweep
[E1] run_label=sphincs-boundary-22-v1
[E1] run_namespace=sphincs-boundary-22-v1_sphincs
[E1] benchmark_config=env/caliper/e1/benchmark_sphincs_boundary_22.yaml
[E1] benchmark_config_sha256=9207e1eaab94f30ecf794cfc5bedaccba969f15c004d0de1cc147dd4e956569d
[E1] project_git_commit=4a3a30077aef9dc3ca5990a98bc344110a527e5b
[E1] project_git_state_before_log_creation=dirty
[E1] project_git_status_sha256_before_log_creation=5337e5d1f13cfa399a57991399dcb890e12b0430218e9675101be5ef6ed14dc2
[E1] project_tracked_state_before_log_creation=clean
[E1] project_tracked_status_sha256_before_log_creation=e3b0c44298fc1c149afbf4c8996fb92427ae41e4649b934ca495991b7852b855
[E1] project_untracked_paths_sha256_before_log_creation=b148d66d776f84db43a1474c1e9f79c8572a92452cca70ecd24d7ca8dc738dc0
[E1] host_kernel=7.0.0-30-generic
[E1] docker_server_version=29.1.3
[E1] fixed_cpu_set=2-15
[E1] Verifying CPU measurement state...
[E1] cpu2_state=governor:performance,min_khz:3201000,max_khz:3201000
[E1] cpu3_state=governor:performance,min_khz:3201000,max_khz:3201000
[E1] cpu4_state=governor:performance,min_khz:3201000,max_khz:3201000
[E1] cpu5_state=governor:performance,min_khz:3201000,max_khz:3201000
[E1] cpu6_state=governor:performance,min_khz:3201000,max_khz:3201000
[E1] cpu7_state=governor:performance,min_khz:3201000,max_khz:3201000
[E1] cpu8_state=governor:performance,min_khz:3201000,max_khz:3201000
[E1] cpu9_state=governor:performance,min_khz:3201000,max_khz:3201000
[E1] cpu10_state=governor:performance,min_khz:3201000,max_khz:3201000
[E1] cpu11_state=governor:performance,min_khz:3201000,max_khz:3201000
[E1] cpu12_state=governor:performance,min_khz:3201000,max_khz:3201000
[E1] cpu13_state=governor:performance,min_khz:3201000,max_khz:3201000
[E1] cpu14_state=governor:performance,min_khz:3201000,max_khz:3201000
[E1] cpu15_state=governor:performance,min_khz:3201000,max_khz:3201000
[E1] CPU state verified.
[E1] amd_pstate_mode=passive
[E1] boost_state=0
[E1] Frequency lock verified: 3201000 kHz on CPUs 2-15.
[E1] fabric_source_tag=v2.5.16
[E1] fabric_source_commit=f871cf92a026aba7b12e6f06d71ded3e6e659d71
[E1] fabric_source_state=clean
[E1] fabric_peer_image_id=sha256:6fe74f12e91ab73a07b13d4a7d2954df8a2ad5a6e00ea2665cfffed7f34f5448
[E1] fabric_orderer_image_id=sha256:b56ec95ae9168725b8c8e1dc4bc4126f30f2b661e3dc99dd72225dc87b1f3d1f
[E1] configtx_sha256=87022050421db9821be46266cfe68b9789c3fe125d089e31d368a01ffe27b384
[E1] crypto_config_sha256=6b7208daa343bf57296dcbe8152484c5062fe410824105fd374d46dcf2a0336c
[E1] docker_compose_sha256=0c3f145d34c1f06a0b84c4f94fd7f8817f0b37a2bd6ce5dce52ec1851cedc026
[E1] fabric_setup_sha256=b69af762feee33e800bc26ef5af9e0a45301ba0c2172f580de6fc90b25ac2831
[E1] fabric_build_sha256=28758546c3bd0add2e67a8330c84591c49d6b5cf2d6eb308d3b0f7061bb1f219
[E1] fabric_pq_patch_sha256=2eeee5582fabd90bb9e675e98bce3daf94a087d2d6848ccfa720f7216e23550f
[E1] chaincode_sha256=64973916cfe23691d2bc715b5b257f8ed2db8e08731720e750a2240c5cd0f8e1
[E1] pq_identity_generator_sha256=b4d8e0515fd4898f221a3618bc41971fcf35778175ae4e6e7c94ccd8f0ca9e48
[E1] caliper_package_lock_sha256=b45f505c22bcc63537590f39f748d7145a617cf9a83e2ac07fb4b48c48322355
[E1] caliper_network_sha256=7f3882ef30fc5bf532f2484ef55ebac5ce720290a6cd0f1e79b24f512cfa62fb
[E1] caliper_connection_org1_sha256=1a6c60a78e642181dcbebddd86537a7015063f3d00badb6dca4a35c8d9b30b6d
[E1] caliper_connection_org2_sha256=a7f68c912cb9b975cac96c0435e1e311dbdc87e903a9e29eb6ec0c5b9d3b0da8
[E1] caliper_workload_sha256=28a48fd0ce5ec7e883d3dd2b43d44797a2edc3eb9da01ade14d97a2965bffc65
[E1] caliper_timing_patch_sha256=7d3eaab0e3ce1a7713f09761ea2353b5d280cb51588f2ddb1098a9d50f17c578
[E1] e1_runner_sha256=bed31d4d50ba8971c759a12d2a2e7d0a195ce99e8ee694dbee16e7c18f5e2c41
[E1] Setting up Fabric network for configuration: sphincs
[E1] Fabric setup starting...
[E1] Fabric binaries: /home/user/projects/fabric-samples/bin
[E1] Channel: energychannel
[E1] Chaincode: simplekv
[E1] Configuration: sphincs
[E1] Running preflight checks...
[E1] Hyperledger Fabric version: 2.5.16
[E1] Preflight checks passed.
[E1] Removing previous E1 containers and generated artifacts...
 Container orderer.example.com  Stopping
 Container peer0.org1.example.com  Stopping
 Container peer0.org2.example.com  Stopping
 Container peer1.org1.example.com  Stopping
 Container peer1.org2.example.com  Stopping
 Container orderer.example.com  Stopped
 Container orderer.example.com  Removing
 Container orderer.example.com  Removed
 Container peer1.org2.example.com  Stopped
 Container peer1.org2.example.com  Removing
 Container peer1.org2.example.com  Removed
 Container peer0.org1.example.com  Stopped
 Container peer0.org1.example.com  Removing
 Container peer0.org1.example.com  Removed
 Container peer0.org2.example.com  Stopped
 Container peer0.org2.example.com  Removing
 Container peer0.org2.example.com  Removed
 Container peer1.org1.example.com  Stopped
 Container peer1.org1.example.com  Removing
 Container peer1.org1.example.com  Removed
 Network e1net  Removing
 Network e1net  Removed
[E1] Previous generated state removed.
[E1] Generating cryptographic material...
org1.example.com
org2.example.com
[E1] Generating PQ peer identities using SPHINCS+-SHA2-128s-simple...
peer0.org1.example.com: algorithm=SPHINCS+-SHA2-128s-simple public_key_bytes=32 certificate_bytes=916
peer1.org1.example.com: algorithm=SPHINCS+-SHA2-128s-simple public_key_bytes=32 certificate_bytes=916
peer0.org2.example.com: algorithm=SPHINCS+-SHA2-128s-simple public_key_bytes=32 certificate_bytes=916
peer1.org2.example.com: algorithm=SPHINCS+-SHA2-128s-simple public_key_bytes=32 certificate_bytes=916
PQ identities generated successfully using SPHINCS+-SHA2-128s-simple
[E1] Generating orderer genesis block...
[34m2026-09-06 13:36:04.145 +0330 0001 INFO[0m [common.tools.configtxgen] [34;1mmain[0m -> Loading configuration
[34m2026-09-06 13:36:04.150 +0330 0002 INFO[0m [common.tools.configtxgen.localconfig] [34;1mcompleteInitialization[0m -> orderer type: etcdraft
[34m2026-09-06 13:36:04.150 +0330 0003 INFO[0m [common.tools.configtxgen.localconfig] [34;1mcompleteInitialization[0m -> Orderer.EtcdRaft.Options unset, setting to tick_interval:"500ms" election_tick:10 heartbeat_tick:1 max_inflight_blocks:5 snapshot_interval_size:16777216 
[34m2026-09-06 13:36:04.150 +0330 0004 INFO[0m [common.tools.configtxgen.localconfig] [34;1mLoad[0m -> Loaded configuration: /home/user/projects/pqc-energy-trading/env/fabric/e1/configtx.yaml
[34m2026-09-06 13:36:04.151 +0330 0005 INFO[0m [common.tools.configtxgen] [34;1mdoOutputBlock[0m -> Generating genesis block
[34m2026-09-06 13:36:04.151 +0330 0006 INFO[0m [common.tools.configtxgen] [34;1mdoOutputBlock[0m -> Creating system channel genesis block
[34m2026-09-06 13:36:04.152 +0330 0007 INFO[0m [common.tools.configtxgen] [34;1mdoOutputBlock[0m -> Writing genesis block
[E1] Generating channel creation transaction...
[34m2026-09-06 13:36:04.189 +0330 0001 INFO[0m [common.tools.configtxgen] [34;1mmain[0m -> Loading configuration
[34m2026-09-06 13:36:04.194 +0330 0002 INFO[0m [common.tools.configtxgen.localconfig] [34;1mLoad[0m -> Loaded configuration: /home/user/projects/pqc-energy-trading/env/fabric/e1/configtx.yaml
[34m2026-09-06 13:36:04.194 +0330 0003 INFO[0m [common.tools.configtxgen] [34;1mdoOutputChannelCreateTx[0m -> Generating new channel configtx
[34m2026-09-06 13:36:04.196 +0330 0004 INFO[0m [common.tools.configtxgen] [34;1mdoOutputChannelCreateTx[0m -> Writing new channel tx
[E1] Generating anchor peer updates...
[34m2026-09-06 13:36:04.243 +0330 0001 INFO[0m [common.tools.configtxgen] [34;1mmain[0m -> Loading configuration
[34m2026-09-06 13:36:04.248 +0330 0002 INFO[0m [common.tools.configtxgen.localconfig] [34;1mLoad[0m -> Loaded configuration: /home/user/projects/pqc-energy-trading/env/fabric/e1/configtx.yaml
[34m2026-09-06 13:36:04.248 +0330 0003 INFO[0m [common.tools.configtxgen] [34;1mdoOutputAnchorPeersUpdate[0m -> Generating anchor peer update
[34m2026-09-06 13:36:04.250 +0330 0004 INFO[0m [common.tools.configtxgen] [34;1mdoOutputAnchorPeersUpdate[0m -> Writing anchor peer update
[34m2026-09-06 13:36:04.285 +0330 0001 INFO[0m [common.tools.configtxgen] [34;1mmain[0m -> Loading configuration
[34m2026-09-06 13:36:04.290 +0330 0002 INFO[0m [common.tools.configtxgen.localconfig] [34;1mLoad[0m -> Loaded configuration: /home/user/projects/pqc-energy-trading/env/fabric/e1/configtx.yaml
[34m2026-09-06 13:36:04.290 +0330 0003 INFO[0m [common.tools.configtxgen] [34;1mdoOutputAnchorPeersUpdate[0m -> Generating anchor peer update
[34m2026-09-06 13:36:04.292 +0330 0004 INFO[0m [common.tools.configtxgen] [34;1mdoOutputAnchorPeersUpdate[0m -> Writing anchor peer update
[E1] Fabric cryptographic and channel artifacts generated.
[E1] Starting Fabric network...
 Network e1net  Creating
 Network e1net  Created
 Container peer0.org2.example.com  Creating
 Container peer1.org1.example.com  Creating
 Container peer1.org2.example.com  Creating
 Container peer0.org1.example.com  Creating
 Container orderer.example.com  Creating
 Container peer1.org1.example.com  Created
 Container peer0.org1.example.com  Created
 Container orderer.example.com  Created
 Container peer1.org2.example.com  Created
 Container peer0.org2.example.com  Created
 Container orderer.example.com  Starting
 Container peer1.org1.example.com  Starting
 Container peer0.org1.example.com  Starting
 Container peer0.org2.example.com  Starting
 Container peer1.org2.example.com  Starting
 Container peer1.org2.example.com  Started
 Container peer1.org1.example.com  Started
 Container peer0.org2.example.com  Started
 Container peer0.org1.example.com  Started
 Container orderer.example.com  Started
[E1] orderer.example.com is running.
[E1] peer0.org1.example.com is running.
[E1] peer1.org1.example.com is running.
[E1] peer0.org2.example.com is running.
[E1] peer1.org2.example.com is running.
[E1] Fabric containers are running.
[E1] Waiting for Raft leader...
[E1] Raft leader is ready.
[E1] Waiting for peers to become ready...
[E1] peer0.org1.example.com:7051 is ready.
[E1] peer1.org1.example.com:8051 is ready.
[E1] peer0.org2.example.com:9051 is ready.
[E1] peer1.org2.example.com:10051 is ready.
[E1] All peers are ready.
[E1] Creating channel energychannel...
[34m2026-09-06 13:36:06.071 +0330 0001 INFO[0m [channelCmd] [34;1mInitCmdFactory[0m -> Endorser and orderer connections initialized
[34m2026-09-06 13:36:06.083 +0330 0002 INFO[0m [cli.common] [34;1mreadBlock[0m -> Expect block, but got status: &{NOT_FOUND}
[34m2026-09-06 13:36:06.086 +0330 0003 INFO[0m [channelCmd] [34;1mInitCmdFactory[0m -> Endorser and orderer connections initialized
[34m2026-09-06 13:36:06.287 +0330 0004 INFO[0m [cli.common] [34;1mreadBlock[0m -> Expect block, but got status: &{SERVICE_UNAVAILABLE}
[34m2026-09-06 13:36:06.289 +0330 0005 INFO[0m [channelCmd] [34;1mInitCmdFactory[0m -> Endorser and orderer connections initialized
[34m2026-09-06 13:36:06.490 +0330 0006 INFO[0m [cli.common] [34;1mreadBlock[0m -> Expect block, but got status: &{SERVICE_UNAVAILABLE}
[34m2026-09-06 13:36:06.493 +0330 0007 INFO[0m [channelCmd] [34;1mInitCmdFactory[0m -> Endorser and orderer connections initialized
[34m2026-09-06 13:36:06.695 +0330 0008 INFO[0m [cli.common] [34;1mreadBlock[0m -> Expect block, but got status: &{SERVICE_UNAVAILABLE}
[34m2026-09-06 13:36:06.697 +0330 0009 INFO[0m [channelCmd] [34;1mInitCmdFactory[0m -> Endorser and orderer connections initialized
[34m2026-09-06 13:36:06.898 +0330 000a INFO[0m [cli.common] [34;1mreadBlock[0m -> Expect block, but got status: &{SERVICE_UNAVAILABLE}
[34m2026-09-06 13:36:06.900 +0330 000b INFO[0m [channelCmd] [34;1mInitCmdFactory[0m -> Endorser and orderer connections initialized
[34m2026-09-06 13:36:07.102 +0330 000c INFO[0m [cli.common] [34;1mreadBlock[0m -> Received block: 0
[E1] Joining peer0.org1...
[34m2026-09-06 13:36:07.151 +0330 0001 INFO[0m [channelCmd] [34;1mInitCmdFactory[0m -> Endorser and orderer connections initialized
[34m2026-09-06 13:36:07.668 +0330 0002 INFO[0m [channelCmd] [34;1mexecuteJoin[0m -> Successfully submitted proposal to join channel
[E1] Joining peer1.org1...
[34m2026-09-06 13:36:07.718 +0330 0001 INFO[0m [channelCmd] [34;1mInitCmdFactory[0m -> Endorser and orderer connections initialized
[34m2026-09-06 13:36:08.234 +0330 0002 INFO[0m [channelCmd] [34;1mexecuteJoin[0m -> Successfully submitted proposal to join channel
[E1] Joining peer0.org2...
[34m2026-09-06 13:36:08.283 +0330 0001 INFO[0m [channelCmd] [34;1mInitCmdFactory[0m -> Endorser and orderer connections initialized
[34m2026-09-06 13:36:08.800 +0330 0002 INFO[0m [channelCmd] [34;1mexecuteJoin[0m -> Successfully submitted proposal to join channel
[E1] Joining peer1.org2...
[34m2026-09-06 13:36:08.848 +0330 0001 INFO[0m [channelCmd] [34;1mInitCmdFactory[0m -> Endorser and orderer connections initialized
[34m2026-09-06 13:36:09.362 +0330 0002 INFO[0m [channelCmd] [34;1mexecuteJoin[0m -> Successfully submitted proposal to join channel
[E1] All four peers joined energychannel.
[E1] Applying Org1 anchor peer update...
[34m2026-09-06 13:36:09.409 +0330 0001 INFO[0m [channelCmd] [34;1mInitCmdFactory[0m -> Endorser and orderer connections initialized
[34m2026-09-06 13:36:09.420 +0330 0002 INFO[0m [channelCmd] [34;1mupdate[0m -> Successfully submitted channel update
[E1] Applying Org2 anchor peer update...
[34m2026-09-06 13:36:09.468 +0330 0001 INFO[0m [channelCmd] [34;1mInitCmdFactory[0m -> Endorser and orderer connections initialized
[34m2026-09-06 13:36:09.482 +0330 0002 INFO[0m [channelCmd] [34;1mupdate[0m -> Successfully submitted channel update
[E1] Anchor peer updates applied.
[E1] Packaging chaincode...
[E1] Installing chaincode on all four peers...
[34m2026-09-06 13:36:10.018 +0330 0001 INFO[0m [cli.lifecycle.chaincode] [34;1msubmitInstallProposal[0m -> Installed remotely: response:<status:200 payload:"\nKsimplekv_1:c806deb2b025ac0d6e7758647d40416e68a179e25ff760a00f1a8b3e0a192b0b\022\nsimplekv_1" > 
[34m2026-09-06 13:36:10.018 +0330 0002 INFO[0m [cli.lifecycle.chaincode] [34;1msubmitInstallProposal[0m -> Chaincode code package identifier: simplekv_1:c806deb2b025ac0d6e7758647d40416e68a179e25ff760a00f1a8b3e0a192b0b
[34m2026-09-06 13:36:10.100 +0330 0001 INFO[0m [cli.lifecycle.chaincode] [34;1msubmitInstallProposal[0m -> Installed remotely: response:<status:200 payload:"\nKsimplekv_1:c806deb2b025ac0d6e7758647d40416e68a179e25ff760a00f1a8b3e0a192b0b\022\nsimplekv_1" > 
[34m2026-09-06 13:36:10.100 +0330 0002 INFO[0m [cli.lifecycle.chaincode] [34;1msubmitInstallProposal[0m -> Chaincode code package identifier: simplekv_1:c806deb2b025ac0d6e7758647d40416e68a179e25ff760a00f1a8b3e0a192b0b
[34m2026-09-06 13:36:10.183 +0330 0001 INFO[0m [cli.lifecycle.chaincode] [34;1msubmitInstallProposal[0m -> Installed remotely: response:<status:200 payload:"\nKsimplekv_1:c806deb2b025ac0d6e7758647d40416e68a179e25ff760a00f1a8b3e0a192b0b\022\nsimplekv_1" > 
[34m2026-09-06 13:36:10.183 +0330 0002 INFO[0m [cli.lifecycle.chaincode] [34;1msubmitInstallProposal[0m -> Chaincode code package identifier: simplekv_1:c806deb2b025ac0d6e7758647d40416e68a179e25ff760a00f1a8b3e0a192b0b
[34m2026-09-06 13:36:10.256 +0330 0001 INFO[0m [cli.lifecycle.chaincode] [34;1msubmitInstallProposal[0m -> Installed remotely: response:<status:200 payload:"\nKsimplekv_1:c806deb2b025ac0d6e7758647d40416e68a179e25ff760a00f1a8b3e0a192b0b\022\nsimplekv_1" > 
[34m2026-09-06 13:36:10.256 +0330 0002 INFO[0m [cli.lifecycle.chaincode] [34;1msubmitInstallProposal[0m -> Chaincode code package identifier: simplekv_1:c806deb2b025ac0d6e7758647d40416e68a179e25ff760a00f1a8b3e0a192b0b
[E1] Chaincode package ID: simplekv_1:c806deb2b025ac0d6e7758647d40416e68a179e25ff760a00f1a8b3e0a192b0b
[E1] Approving chaincode for Org1...
[34m2026-09-06 13:36:12.838 +0330 0001 INFO[0m [chaincodeCmd] [34;1mClientWait[0m -> txid [760943a0ee5a149a0db211f66dfc670466d83be94e8da9a707b62ac078e8341f] committed with status (VALID) at peer0.org1.example.com:7051
[E1] Approving chaincode for Org2...
[34m2026-09-06 13:36:15.273 +0330 0001 INFO[0m [chaincodeCmd] [34;1mClientWait[0m -> txid [e85411abdf2f85590d75c3c47a454077d4fffac3a812727f7b664df1ab19124d] committed with status (VALID) at peer0.org2.example.com:9051
[E1] Checking chaincode commit readiness...
{
	"approvals": {
		"Org1MSP": true,
		"Org2MSP": true
	}
}
[E1] Committing chaincode definition...
[34m2026-09-06 13:36:18.151 +0330 0001 INFO[0m [chaincodeCmd] [34;1mClientWait[0m -> txid [2ff2965d3af022312c45c257e55e96e47b033ad2cac737e1fbfbe136ac679f21] committed with status (VALID) at peer0.org1.example.com:7051
[34m2026-09-06 13:36:18.219 +0330 0002 INFO[0m [chaincodeCmd] [34;1mClientWait[0m -> txid [2ff2965d3af022312c45c257e55e96e47b033ad2cac737e1fbfbe136ac679f21] committed with status (VALID) at peer0.org2.example.com:9051
[E1] Chaincode committed.
[E1] Running chaincode smoke test...
[34m2026-09-06 13:36:18.447 +0330 0001 INFO[0m [chaincodeCmd] [34;1mchaincodeInvokeOrQuery[0m -> Chaincode invoke successful. result: status:200 
[E1] Chaincode smoke test passed.
[E1] Verifying cross-organization discovery...
[E1] Discovery check passed: all four peers visible.
[E1] Fabric E1 setup completed successfully.
[E1] Fabric network ready for configuration: sphincs
[E1] effective_BatchTimeout=2s
[E1] effective_MaxMessageCount=500
[E1] effective_PreferredMaxBytes=2097152
[E1] effective_AbsoluteMaxBytes=10485760
[E1] Starting Caliper benchmark...
[E1] Log: /home/user/projects/pqc-energy-trading/raw/e1/sphincs-boundary-22-v1_sphincs_caliper_run.log
npm notice run e1@1.0.0 npx
npm notice run 'caliper' launch manager --caliper-workspace . --caliper-benchconfig /home/user/projects/pqc-energy-trading/env/caliper/e1/benchmark_sphincs_boundary_22.yaml --caliper-networkconfig network.yaml
2026.09.06-13:36:21.234[32m info [39m [caliper] [cli-launch-manager] 	Set workspace path: /home/user/projects/pqc-energy-trading/env/caliper/e1
2026.09.06-13:36:21.235[32m info [39m [caliper] [cli-launch-manager] 	Set benchmark configuration path: /home/user/projects/pqc-energy-trading/env/caliper/e1/benchmark_sphincs_boundary_22.yaml
2026.09.06-13:36:21.235[32m info [39m [caliper] [cli-launch-manager] 	Set network configuration path: /home/user/projects/pqc-energy-trading/env/caliper/e1/network.yaml
2026.09.06-13:36:21.235[32m info [39m [caliper] [cli-launch-manager] 	Set SUT type: fabric
2026.09.06-13:36:21.254[32m info [39m [caliper] [benchmark-validator] 	No observer specified, will default to `none`
2026.09.06-13:36:21.254[32m info [39m [caliper] [caliper-engine] 	Starting benchmark flow
2026.09.06-13:36:21.255[32m info [39m [caliper] [caliper-engine] 	Network configuration attribute "caliper.command.start" is not present, skipping start command
2026.09.06-13:36:21.367[32m info [39m [caliper] [FabricConnectorFactory] 	Initializing peer gateway connector compatible with installed fabric-gateway SDK: 1.7.1
2026.09.06-13:36:21.374[32m info [39m [caliper] [IdentityManager] 	Adding User1 (admin=false) as User1 for organization Org1MSP
2026.09.06-13:36:21.375[32m info [39m [caliper] [IdentityManager] 	Adding User1Org2 (admin=false) as _Org2MSP_User1Org2 for organization Org2MSP
2026.09.06-13:36:21.376[32m info [39m [caliper] [connectors/peer-gateway/PeerGateway] 	Fabric-Gateway SDK version: 1.7.1 for Peer-Gateway connector; TLS based on Org1MSP: server
2026.09.06-13:36:21.376[32m info [39m [caliper] [caliper-engine] 	Executed "init" step in 0 seconds
2026.09.06-13:36:21.376[33m warn [39m [caliper] [connectors/peer-gateway/PeerGateway] 	Install smart contract not available for the Fabric Peer Gateway connector
2026.09.06-13:36:21.376[32m info [39m [caliper] [caliper-engine] 	Executed "install" step in 0 seconds
2026.09.06-13:36:21.378[32m info [39m [caliper] [monitor.js] 	Attempting to create resource monitor of type docker
2026.09.06-13:36:21.379[32m info [39m [caliper] [default-observer] 	Observer interval set to 5000 milliseconds
2026.09.06-13:36:21.382[32m info [39m [caliper] [round-orchestrator] 	Preparing worker connections
2026.09.06-13:36:21.382[32m info [39m [caliper] [worker-orchestrator] 	Launching worker 1 of 1
2026.09.06-13:36:21.386[32m info [39m [caliper] [worker-orchestrator] 	Messenger not configured, entering configure phase...
2026.09.06-13:36:21.386[32m info [39m [caliper] [worker-orchestrator] 	No existing workers detected, entering worker launch phase...
2026.09.06-13:36:21.387[32m info [39m [caliper] [worker-orchestrator] 	Waiting for 1 workers to be connected...
2026.09.06-13:36:21.598[32m info [39m [caliper] [cli-launch-worker] 	Set workspace path: /home/user/projects/pqc-energy-trading/env/caliper/e1
2026.09.06-13:36:21.599[32m info [39m [caliper] [cli-launch-worker] 	Set benchmark configuration path: /home/user/projects/pqc-energy-trading/env/caliper/e1/benchmark_sphincs_boundary_22.yaml
2026.09.06-13:36:21.599[32m info [39m [caliper] [cli-launch-worker] 	Set network configuration path: /home/user/projects/pqc-energy-trading/env/caliper/e1/network.yaml
2026.09.06-13:36:21.599[32m info [39m [caliper] [cli-launch-worker] 	Set SUT type: fabric
2026.09.06-13:36:21.628[32m info [39m [caliper] [worker-orchestrator] 	1 workers connected, progressing to worker assignment phase.
2026.09.06-13:36:21.629[32m info [39m [caliper] [worker-orchestrator] 	Workers currently unassigned, awaiting index assignment...
2026.09.06-13:36:21.629[32m info [39m [caliper] [worker-orchestrator] 	Waiting for 1 workers to be assigned...
2026.09.06-13:36:21.646[32m info [39m [caliper] [worker-orchestrator] 	1 workers assigned, progressing to worker initialization phase.
2026.09.06-13:36:21.646[32m info [39m [caliper] [worker-orchestrator] 	Waiting for 1 workers to be ready...
2026.09.06-13:36:21.646[32m info [39m [caliper] [worker-message-handler] 	Initializing Worker#0...
2026.09.06-13:36:21.752[32m info [39m [caliper] [FabricConnectorFactory] 	Initializing peer gateway connector compatible with installed fabric-gateway SDK: 1.7.1
2026.09.06-13:36:21.756[32m info [39m [caliper] [IdentityManager] 	Adding User1 (admin=false) as User1 for organization Org1MSP
2026.09.06-13:36:21.757[32m info [39m [caliper] [IdentityManager] 	Adding User1Org2 (admin=false) as _Org2MSP_User1Org2 for organization Org2MSP
2026.09.06-13:36:21.758[32m info [39m [caliper] [worker-message-handler] 	Worker#0 initialized
2026.09.06-13:36:21.759[32m info [39m [caliper] [worker-orchestrator] 	1 workers ready, progressing to test preparation phase.
2026.09.06-13:36:21.759[32m info [39m [caliper] [round-orchestrator] 	Started round 1 (warmup)
2026.09.06-13:36:21.760[32m info [39m [caliper] [worker-message-handler] 	Preparing Worker#0 for Round#0
2026.09.06-13:36:21.771[32m info [39m [caliper] [connectors/peer-gateway/PeerGateway] 	Generating contract map for user User1
2026.09.06-13:36:21.774[32m info [39m [caliper] [connectors/peer-gateway/PeerGateway] 	Generating contract map for user _Org2MSP_User1Org2
2026.09.06-13:36:21.774[32m info [39m [caliper] [caliper-worker] 	Info: worker 0 prepare test phase for round 0 is starting...
2026.09.06-13:36:22.052[32m info [39m [caliper] [connectors/peer-gateway/PeerGateway] 	disconnecting gateway for user User1
2026.09.06-13:36:22.052[32m info [39m [caliper] [connectors/peer-gateway/PeerGateway] 	disconnecting gateway for user _Org2MSP_User1Org2
2026.09.06-13:36:22.052[32m info [39m [caliper] [connectors/peer-gateway/PeerGateway] 	disconnecting gRpc client at peer peer0.org1.example.com
2026.09.06-13:36:22.053[32m info [39m [caliper] [connectors/peer-gateway/PeerGateway] 	disconnecting gRpc client at peer peer0.org2.example.com
2026.09.06-13:36:22.053[32m info [39m [caliper] [caliper-worker] 	Info: worker 0 prepare test phase for round 0 is completed
2026.09.06-13:36:22.053[32m info [39m [caliper] [worker-message-handler] 	Worker#0 prepared for Round#0
2026.09.06-13:36:22.054[32m info [39m [caliper] [worker-orchestrator] 	1 workers prepared, progressing to test phase.
2026.09.06-13:36:22.066[32m info [39m [caliper] [round-orchestrator] 	Monitors successfully started
2026.09.06-13:36:22.067[32m info [39m [caliper] [worker-message-handler] 	Worker#0 is starting Round#0
2026.09.06-13:36:22.069[32m info [39m [caliper] [connectors/peer-gateway/PeerGateway] 	Generating contract map for user User1
2026.09.06-13:36:22.071[32m info [39m [caliper] [connectors/peer-gateway/PeerGateway] 	Generating contract map for user _Org2MSP_User1Org2
2026.09.06-13:36:22.072[32m info [39m [caliper] [caliper-worker] 	Worker #0 starting workload loop
2026.09.06-13:36:27.064[32m info [39m [caliper] [default-observer] 	[warmup Round 0 Transaction Info] - Submitted: 5 Succ: 3 Fail:0 Unfinished:2
2026.09.06-13:36:32.057[32m info [39m [caliper] [default-observer] 	[warmup Round 0 Transaction Info] - Submitted: 10 Succ: 9 Fail:0 Unfinished:1
2026.09.06-13:36:37.058[32m info [39m [caliper] [default-observer] 	[warmup Round 0 Transaction Info] - Submitted: 15 Succ: 12 Fail:0 Unfinished:3
2026.09.06-13:36:42.059[32m info [39m [caliper] [default-observer] 	[warmup Round 0 Transaction Info] - Submitted: 20 Succ: 19 Fail:0 Unfinished:1
2026.09.06-13:36:44.759[32m info [39m [caliper] [connectors/peer-gateway/PeerGateway] 	disconnecting gateway for user User1
2026.09.06-13:36:44.760[32m info [39m [caliper] [connectors/peer-gateway/PeerGateway] 	disconnecting gateway for user _Org2MSP_User1Org2
2026.09.06-13:36:44.760[32m info [39m [caliper] [connectors/peer-gateway/PeerGateway] 	disconnecting gRpc client at peer peer0.org1.example.com
2026.09.06-13:36:44.760[32m info [39m [caliper] [connectors/peer-gateway/PeerGateway] 	disconnecting gRpc client at peer peer0.org2.example.com
2026.09.06-13:36:44.760[32m info [39m [caliper] [worker-message-handler] 	Worker#0 finished Round#0
2026.09.06-13:36:49.762[32m info [39m [caliper] [default-observer] 	Resetting txCount indicator count
2026.09.06-13:36:49.763[32m info [39m [caliper] [report-builder] 	### Test result ###
2026.09.06-13:36:49.766[32m info [39m [caliper] [report-builder] 	
+--------+------+------+-----------------+-----------------+-----------------+-----------------+------------------+
| Name   | Succ | Fail | Send Rate (TPS) | Max Latency (s) | Min Latency (s) | Avg Latency (s) | Throughput (TPS) |
|--------|------|------|-----------------|-----------------|-----------------|-----------------|------------------|
| warmup | 21   | 0    | 1.1             | 2.48            | 0.36            | 1.53            | 1.0              |
+--------+------+------+-----------------+-----------------+-----------------+-----------------+------------------+

2026.09.06-13:36:49.767[32m info [39m [caliper] [round-orchestrator] 	Finished round 1 (warmup) in 21.407 seconds
2026.09.06-13:36:49.767[32m info [39m [caliper] [monitor.js] 	Stopping all monitors
2026.09.06-13:36:49.868[32m info [39m [caliper] [round-orchestrator] 	Waiting 5 seconds for the next round...
2026.09.06-13:36:54.873[32m info [39m [caliper] [round-orchestrator] 	Started round 2 (sphincs-22-tps)
2026.09.06-13:36:54.874[32m info [39m [caliper] [worker-message-handler] 	Preparing Worker#0 for Round#1
2026.09.06-13:36:54.877[32m info [39m [caliper] [connectors/peer-gateway/PeerGateway] 	Generating contract map for user User1
2026.09.06-13:36:54.879[32m info [39m [caliper] [connectors/peer-gateway/PeerGateway] 	Generating contract map for user _Org2MSP_User1Org2
2026.09.06-13:36:54.879[32m info [39m [caliper] [caliper-worker] 	Info: worker 0 prepare test phase for round 1 is starting...
2026.09.06-13:36:55.158[32m info [39m [caliper] [connectors/peer-gateway/PeerGateway] 	disconnecting gateway for user User1
2026.09.06-13:36:55.158[32m info [39m [caliper] [connectors/peer-gateway/PeerGateway] 	disconnecting gateway for user _Org2MSP_User1Org2
2026.09.06-13:36:55.158[32m info [39m [caliper] [connectors/peer-gateway/PeerGateway] 	disconnecting gRpc client at peer peer0.org1.example.com
2026.09.06-13:36:55.158[32m info [39m [caliper] [connectors/peer-gateway/PeerGateway] 	disconnecting gRpc client at peer peer0.org2.example.com
2026.09.06-13:36:55.158[32m info [39m [caliper] [caliper-worker] 	Info: worker 0 prepare test phase for round 1 is completed
2026.09.06-13:36:55.158[32m info [39m [caliper] [worker-message-handler] 	Worker#0 prepared for Round#1
2026.09.06-13:36:55.159[32m info [39m [caliper] [worker-orchestrator] 	1 workers prepared, progressing to test phase.
2026.09.06-13:36:55.163[32m info [39m [caliper] [round-orchestrator] 	Monitors successfully started
2026.09.06-13:36:55.163[32m info [39m [caliper] [worker-message-handler] 	Worker#0 is starting Round#1
2026.09.06-13:36:55.165[32m info [39m [caliper] [connectors/peer-gateway/PeerGateway] 	Generating contract map for user User1
2026.09.06-13:36:55.167[32m info [39m [caliper] [connectors/peer-gateway/PeerGateway] 	Generating contract map for user _Org2MSP_User1Org2
2026.09.06-13:36:55.167[32m info [39m [caliper] [caliper-worker] 	Worker #0 starting workload loop
2026.09.06-13:37:00.160[32m info [39m [caliper] [default-observer] 	[sphincs-22-tps Round 1 Transaction Info] - Submitted: 89 Succ: 38 Fail:0 Unfinished:51
2026.09.06-13:37:05.161[32m info [39m [caliper] [default-observer] 	[sphincs-22-tps Round 1 Transaction Info] - Submitted: 199 Succ: 166 Fail:0 Unfinished:33
2026.09.06-13:37:10.162[32m info [39m [caliper] [default-observer] 	[sphincs-22-tps Round 1 Transaction Info] - Submitted: 309 Succ: 248 Fail:0 Unfinished:61
2026.09.06-13:37:15.163[32m info [39m [caliper] [default-observer] 	[sphincs-22-tps Round 1 Transaction Info] - Submitted: 419 Succ: 373 Fail:0 Unfinished:46
2026.09.06-13:37:20.164[32m info [39m [caliper] [default-observer] 	[sphincs-22-tps Round 1 Transaction Info] - Submitted: 529 Succ: 457 Fail:0 Unfinished:72
2026.09.06-13:37:25.165[32m info [39m [caliper] [default-observer] 	[sphincs-22-tps Round 1 Transaction Info] - Submitted: 639 Succ: 542 Fail:0 Unfinished:97
2026.09.06-13:37:30.165[32m info [39m [caliper] [default-observer] 	[sphincs-22-tps Round 1 Transaction Info] - Submitted: 749 Succ: 680 Fail:0 Unfinished:69
2026.09.06-13:37:35.166[32m info [39m [caliper] [default-observer] 	[sphincs-22-tps Round 1 Transaction Info] - Submitted: 859 Succ: 769 Fail:0 Unfinished:90
2026.09.06-13:37:40.170[32m info [39m [caliper] [default-observer] 	[sphincs-22-tps Round 1 Transaction Info] - Submitted: 969 Succ: 855 Fail:0 Unfinished:114
2026.09.06-13:37:45.170[32m info [39m [caliper] [default-observer] 	[sphincs-22-tps Round 1 Transaction Info] - Submitted: 1079 Succ: 989 Fail:0 Unfinished:90
2026.09.06-13:37:50.174[32m info [39m [caliper] [default-observer] 	[sphincs-22-tps Round 1 Transaction Info] - Submitted: 1189 Succ: 1077 Fail:0 Unfinished:112
2026.09.06-13:37:55.174[32m info [39m [caliper] [default-observer] 	[sphincs-22-tps Round 1 Transaction Info] - Submitted: 1299 Succ: 1216 Fail:0 Unfinished:83
2026.09.06-13:37:59.151[32m info [39m [caliper] [connectors/peer-gateway/PeerGateway] 	disconnecting gateway for user User1
2026.09.06-13:37:59.151[32m info [39m [caliper] [connectors/peer-gateway/PeerGateway] 	disconnecting gateway for user _Org2MSP_User1Org2
2026.09.06-13:37:59.151[32m info [39m [caliper] [connectors/peer-gateway/PeerGateway] 	disconnecting gRpc client at peer peer0.org1.example.com
2026.09.06-13:37:59.152[32m info [39m [caliper] [connectors/peer-gateway/PeerGateway] 	disconnecting gRpc client at peer peer0.org2.example.com
2026.09.06-13:37:59.152[32m info [39m [caliper] [worker-message-handler] 	Worker#0 finished Round#1
2026.09.06-13:38:04.154[32m info [39m [caliper] [default-observer] 	Resetting txCount indicator count
2026.09.06-13:38:04.154[32m info [39m [caliper] [report-builder] 	### Test result ###
2026.09.06-13:38:04.155[32m info [39m [caliper] [report-builder] 	
+----------------+------+------+-----------------+-----------------+-----------------+-----------------+------------------+
| Name           | Succ | Fail | Send Rate (TPS) | Max Latency (s) | Min Latency (s) | Avg Latency (s) | Throughput (TPS) |
|----------------|------|------|-----------------|-----------------|-----------------|-----------------|------------------|
| sphincs-22-tps | 1321 | 0    | 22.0            | 7.28            | 0.81            | 3.56            | 21.1             |
+----------------+------+------+-----------------+-----------------+-----------------+-----------------+------------------+

2026.09.06-13:38:04.156[32m info [39m [caliper] [round-orchestrator] 	Finished round 2 (sphincs-22-tps) in 62.709 seconds
2026.09.06-13:38:04.156[32m info [39m [caliper] [monitor.js] 	Stopping all monitors
2026.09.06-13:38:04.256[32m info [39m [caliper] [report-builder] 	### All test results ###
2026.09.06-13:38:04.257[32m info [39m [caliper] [report-builder] 	
+----------------+------+------+-----------------+-----------------+-----------------+-----------------+------------------+
| Name           | Succ | Fail | Send Rate (TPS) | Max Latency (s) | Min Latency (s) | Avg Latency (s) | Throughput (TPS) |
|----------------|------|------|-----------------|-----------------|-----------------|-----------------|------------------|
| warmup         | 21   | 0    | 1.1             | 2.48            | 0.36            | 1.53            | 1.0              |
|----------------|------|------|-----------------|-----------------|-----------------|-----------------|------------------|
| sphincs-22-tps | 1321 | 0    | 22.0            | 7.28            | 0.81            | 3.56            | 21.1             |
+----------------+------+------+-----------------+-----------------+-----------------+-----------------+------------------+

2026.09.06-13:38:04.263[32m info [39m [caliper] [report-builder] 	Generated report with path /home/user/projects/pqc-energy-trading/env/caliper/e1/report.html
2026.09.06-13:38:04.263[32m info [39m [caliper] [monitor.js] 	Stopping all monitors
2026.09.06-13:38:04.263[32m info [39m [caliper] [worker-orchestrator] 	Sending exit message to connected workers
2026.09.06-13:38:04.264[32m info [39m [caliper] [round-orchestrator] 	Benchmark finished in 102.504 seconds. Total rounds: 2. Successful rounds: 2. Failed rounds: 0.
2026.09.06-13:38:04.264[32m info [39m [caliper] [caliper-engine] 	Network configuration attribute "caliper.command.end" is not present, skipping end command
2026.09.06-13:38:04.264[32m info [39m [caliper] [cli-launch-manager] 	Benchmark successfully finished!
2026.09.06-13:38:04.264[32m info [39m [caliper] [worker-message-handler] 	Worker#0 is exiting
[E1] Benchmark finished.
[E1] finished_at=2026-09-06T13:38:04+03:30
[E1] Raw timing files:
sphincs-boundary-22-v1_sphincs_block_heights.csv	95 bytes
sphincs-boundary-22-v1_sphincs_commit_sphincs-22-tps_worker0_1788689279149.csv	15307 bytes
sphincs-boundary-22-v1_sphincs_e2e_sphincs-22-tps_worker0_1788689279150.csv	129246 bytes
sphincs-boundary-22-v1_sphincs_endorse_sphincs-22-tps_worker0_1788689279149.csv	15489 bytes
[E1] Block-height markers:
marker,height
before_warmup,7
after_warmup,15
before_sphincs-22-tps,15
after_sphincs-22-tps,45
[E1] Run completed successfully for namespace: sphincs-boundary-22-v1_sphincs
