[E1] Run provenance
[E1] started_at=2026-09-12T00:25:01+03:30
[E1] configuration=ml-dsa-44
[E1] run_type=sustainability
[E1] run_label=sustained-350-v1
[E1] run_namespace=sustained-350-v1_ml-dsa-44
[E1] benchmark_config=env/caliper/e1/benchmark_ml_dsa_sustained_350.yaml
[E1] benchmark_config_sha256=75eff4810b2f3cdfad42fa7dcecf92a4a593913284cf64e44aeb485d46bd4538
[E1] project_git_commit=fa1e59d92b97232e981ab89a5fd358da7b81d5e7
[E1] project_git_state_before_log_creation=dirty
[E1] project_git_status_sha256_before_log_creation=bea4f5e57e14de0facd4cc1e98b4ad2502d685c58aafd8225c9ae9547d14c0d8
[E1] project_tracked_state_before_log_creation=clean
[E1] project_tracked_status_sha256_before_log_creation=e3b0c44298fc1c149afbf4c8996fb92427ae41e4649b934ca495991b7852b855
[E1] project_untracked_paths_sha256_before_log_creation=3cbc1447234f007d3968794ef9df9e07878ffe80b11402bd90294db8117f89b6
[E1] host_kernel=7.0.0-31-generic
[E1] docker_server_version=29.1.3
[E1] fixed_cpu_set=2-15
[E1] Verifying CPU measurement state...
[E1] cpu2_state=governor:performance,min_khz:3201000,max_khz:3201000
[E1] cpu3_state=governor:performance,min_khz:3201000,max_khz:3201000
[E1] cpu4_state=governor:performance,min_khz:3201000,max_khz:3201000
[E1] cpu5_state=governor:performance,min_khz:3201000,max_khz:3201000
[E1] cpu6_state=governor:performance,min_khz:3201000,max_khz:3201000
[E1] cpu7_state=governor:performance,min_khz:3201000,max_khz:3201000
[E1] cpu8_state=governor:performance,min_khz:3201000,max_khz:3201000
[E1] cpu9_state=governor:performance,min_khz:3201000,max_khz:3201000
[E1] cpu10_state=governor:performance,min_khz:3201000,max_khz:3201000
[E1] cpu11_state=governor:powersave,min_khz:3201000,max_khz:3201000
ERROR: CPU 11 is not in the required controlled state.
  scaling_governor=powersave
  scaling_min_freq=3201000
  scaling_max_freq=3201000
Run: /home/user/projects/pqc-energy-trading/env/caliper/e1/setup_cpu_e1.sh
