[E1] Run provenance
[E1] started_at=2026-09-12T00:53:28+03:30
[E1] configuration=ml-dsa-44
[E1] run_type=sustainability
[E1] run_label=sustained-375-v1
[E1] run_namespace=sustained-375-v1_ml-dsa-44
[E1] benchmark_config=env/caliper/e1/benchmark_ml_dsa_sustained_375.yaml
[E1] benchmark_config_sha256=0a805602f029ceb34348b067d3a78fdd6f85526ddaf16ba832c481c553e66927
[E1] project_git_commit=68b4bac5c3e6deb9f8f52030ee2614223f0dec55
[E1] project_git_state_before_log_creation=dirty
[E1] project_git_status_sha256_before_log_creation=318262757148640b669698f5a6c023103b45543c6ce70c8dfd1d3991e6b75ff4
[E1] project_tracked_state_before_log_creation=clean
[E1] project_tracked_status_sha256_before_log_creation=e3b0c44298fc1c149afbf4c8996fb92427ae41e4649b934ca495991b7852b855
[E1] project_untracked_paths_sha256_before_log_creation=96f5ae5fa3fe41acb27404d9686db4c5e83ef2ec38db43333faf875bcc7a6e36
[E1] host_kernel=7.0.0-31-generic
[E1] docker_server_version=29.1.3
[E1] fixed_cpu_set=2-15
[E1] Verifying CPU measurement state...
[E1] cpu2_state=governor:performance,min_khz:3201000,max_khz:3201000
[E1] cpu3_state=governor:performance,min_khz:3201000,max_khz:3201000
[E1] cpu4_state=governor:performance,min_khz:3201000,max_khz:3201000
[E1] cpu5_state=governor:performance,min_khz:3201000,max_khz:3201000
[E1] cpu6_state=governor:performance,min_khz:3201000,max_khz:3201000
[E1] cpu7_state=governor:performance,min_khz:3201000,max_khz:3201000
[E1] cpu8_state=governor:performance,min_khz:3201000,max_khz:3201000
[E1] cpu9_state=governor:performance,min_khz:3201000,max_khz:3201000
[E1] cpu10_state=governor:performance,min_khz:3201000,max_khz:3201000
[E1] cpu11_state=governor:performance,min_khz:3201000,max_khz:3201000
[E1] cpu12_state=governor:performance,min_khz:3201000,max_khz:3201000
[E1] cpu13_state=governor:performance,min_khz:3201000,max_khz:3201000
[E1] cpu14_state=governor:performance,min_khz:3201000,max_khz:3201000
[E1] cpu15_state=governor:performance,min_khz:3201000,max_khz:3201000
[E1] CPU state verified.
[E1] amd_pstate_mode=passive
[E1] boost_state=0
[E1] Frequency lock verified: 3201000 kHz on CPUs 2-15.
[E1] fabric_source_tag=v2.5.16
[E1] fabric_source_commit=f871cf92a026aba7b12e6f06d71ded3e6e659d71
[E1] fabric_source_state=clean
[E1] fabric_peer_image_id=sha256:3d71da5ac46b179c981527b69ac832cb7905bd3bc428ee6b2620bc580e3c944e
[E1] fabric_orderer_image_id=sha256:4ec6f0287e3fda35a874357bfe9c9f2ef8b9fbb427a42457de3b6b1b98290058
[E1] fabric_image_label_fabric_commit=f871cf92a026aba7b12e6f06d71ded3e6e659d71
[E1] fabric_image_label_liboqs_commit=97f6b86b1b6d109cfd43cf276ae39c2e776aed80
[E1] fabric_image_label_patch_sha256=5268f9f67656233d7e7b9ac7c449f20f05fc8a8257fb91eb0de63698a72d1293
[E1] pq_verify_trace=0
[E1] configtx_sha256=87022050421db9821be46266cfe68b9789c3fe125d089e31d368a01ffe27b384
[E1] crypto_config_sha256=6b7208daa343bf57296dcbe8152484c5062fe410824105fd374d46dcf2a0336c
[E1] docker_compose_sha256=0ae1009ed9c0f2d009100bbfb793b3b39e339bae86517df753114e26047102d4
[E1] fabric_setup_sha256=b69af762feee33e800bc26ef5af9e0a45301ba0c2172f580de6fc90b25ac2831
[E1] fabric_build_sha256=b17a4db58b1acf8ce94bb5b8cd895dcacfa06ae98dbcbef4e67152894d3c9281
[E1] fabric_pq_patch_sha256=5268f9f67656233d7e7b9ac7c449f20f05fc8a8257fb91eb0de63698a72d1293
[E1] chaincode_sha256=64973916cfe23691d2bc715b5b257f8ed2db8e08731720e750a2240c5cd0f8e1
[E1] pq_identity_generator_sha256=b4d8e0515fd4898f221a3618bc41971fcf35778175ae4e6e7c94ccd8f0ca9e48
[E1] caliper_package_lock_sha256=b45f505c22bcc63537590f39f748d7145a617cf9a83e2ac07fb4b48c48322355
[E1] caliper_network_sha256=7f3882ef30fc5bf532f2484ef55ebac5ce720290a6cd0f1e79b24f512cfa62fb
[E1] caliper_connection_org1_sha256=1a6c60a78e642181dcbebddd86537a7015063f3d00badb6dca4a35c8d9b30b6d
[E1] caliper_connection_org2_sha256=a7f68c912cb9b975cac96c0435e1e311dbdc87e903a9e29eb6ec0c5b9d3b0da8
[E1] caliper_workload_sha256=28a48fd0ce5ec7e883d3dd2b43d44797a2edc3eb9da01ade14d97a2965bffc65
[E1] caliper_timing_patch_sha256=7d3eaab0e3ce1a7713f09761ea2353b5d280cb51588f2ddb1098a9d50f17c578
[E1] e1_run_policy_sha256=a886dff71528cbaaaa6c718d973d8eb97e325c1223f881a8202f3a63a96fd12d
[E1] e1_runner_sha256=6247ec72dcb6d6eee4996addbf5b65cefe62d716318e2d478ff4c6ff2c860b65
[E1] Setting up Fabric network for configuration: ml-dsa-44
[E1] Fabric setup starting...
[E1] Fabric binaries: /home/user/projects/fabric-samples/bin
[E1] Channel: energychannel
[E1] Chaincode: simplekv
[E1] Configuration: ml-dsa-44
[E1] Running preflight checks...
[E1] Hyperledger Fabric version: 2.5.16
[E1] Preflight checks passed.
[E1] Removing previous E1 containers and generated artifacts...
 Container orderer.example.com  Stopping
 Container peer0.org1.example.com  Stopping
 Container peer0.org2.example.com  Stopping
 Container peer1.org1.example.com  Stopping
 Container peer1.org2.example.com  Stopping
 Container orderer.example.com  Stopped
 Container orderer.example.com  Removing
 Container orderer.example.com  Removed
 Container peer0.org2.example.com  Stopped
 Container peer0.org2.example.com  Removing
 Container peer0.org2.example.com  Removed
 Container peer1.org1.example.com  Stopped
 Container peer1.org1.example.com  Removing
 Container peer1.org1.example.com  Removed
 Container peer1.org2.example.com  Stopped
 Container peer1.org2.example.com  Removing
 Container peer1.org2.example.com  Removed
 Container peer0.org1.example.com  Stopped
 Container peer0.org1.example.com  Removing
 Container peer0.org1.example.com  Removed
 Network e1net  Removing
 Network e1net  Removed
[E1] Previous generated state removed.
[E1] Generating cryptographic material...
org1.example.com
org2.example.com
[E1] Generating PQ peer identities using ML-DSA-44...
peer0.org1.example.com: algorithm=ML-DSA-44 public_key_bytes=1312 certificate_bytes=2638
peer1.org1.example.com: algorithm=ML-DSA-44 public_key_bytes=1312 certificate_bytes=2638
peer0.org2.example.com: algorithm=ML-DSA-44 public_key_bytes=1312 certificate_bytes=2642
peer1.org2.example.com: algorithm=ML-DSA-44 public_key_bytes=1312 certificate_bytes=2642
PQ identities generated successfully using ML-DSA-44
[E1] Generating orderer genesis block...
[34m2026-09-12 00:53:30.509 +0330 0001 INFO[0m [common.tools.configtxgen] [34;1mmain[0m -> Loading configuration
[34m2026-09-12 00:53:30.514 +0330 0002 INFO[0m [common.tools.configtxgen.localconfig] [34;1mcompleteInitialization[0m -> orderer type: etcdraft
[34m2026-09-12 00:53:30.514 +0330 0003 INFO[0m [common.tools.configtxgen.localconfig] [34;1mcompleteInitialization[0m -> Orderer.EtcdRaft.Options unset, setting to tick_interval:"500ms" election_tick:10 heartbeat_tick:1 max_inflight_blocks:5 snapshot_interval_size:16777216 
[34m2026-09-12 00:53:30.514 +0330 0004 INFO[0m [common.tools.configtxgen.localconfig] [34;1mLoad[0m -> Loaded configuration: /home/user/projects/pqc-energy-trading/env/fabric/e1/configtx.yaml
[34m2026-09-12 00:53:30.515 +0330 0005 INFO[0m [common.tools.configtxgen] [34;1mdoOutputBlock[0m -> Generating genesis block
[34m2026-09-12 00:53:30.515 +0330 0006 INFO[0m [common.tools.configtxgen] [34;1mdoOutputBlock[0m -> Creating system channel genesis block
[34m2026-09-12 00:53:30.516 +0330 0007 INFO[0m [common.tools.configtxgen] [34;1mdoOutputBlock[0m -> Writing genesis block
[E1] Generating channel creation transaction...
[34m2026-09-12 00:53:30.550 +0330 0001 INFO[0m [common.tools.configtxgen] [34;1mmain[0m -> Loading configuration
[34m2026-09-12 00:53:30.555 +0330 0002 INFO[0m [common.tools.configtxgen.localconfig] [34;1mLoad[0m -> Loaded configuration: /home/user/projects/pqc-energy-trading/env/fabric/e1/configtx.yaml
[34m2026-09-12 00:53:30.555 +0330 0003 INFO[0m [common.tools.configtxgen] [34;1mdoOutputChannelCreateTx[0m -> Generating new channel configtx
[34m2026-09-12 00:53:30.558 +0330 0004 INFO[0m [common.tools.configtxgen] [34;1mdoOutputChannelCreateTx[0m -> Writing new channel tx
[E1] Generating anchor peer updates...
[34m2026-09-12 00:53:30.594 +0330 0001 INFO[0m [common.tools.configtxgen] [34;1mmain[0m -> Loading configuration
[34m2026-09-12 00:53:30.599 +0330 0002 INFO[0m [common.tools.configtxgen.localconfig] [34;1mLoad[0m -> Loaded configuration: /home/user/projects/pqc-energy-trading/env/fabric/e1/configtx.yaml
[34m2026-09-12 00:53:30.599 +0330 0003 INFO[0m [common.tools.configtxgen] [34;1mdoOutputAnchorPeersUpdate[0m -> Generating anchor peer update
[34m2026-09-12 00:53:30.601 +0330 0004 INFO[0m [common.tools.configtxgen] [34;1mdoOutputAnchorPeersUpdate[0m -> Writing anchor peer update
[34m2026-09-12 00:53:30.647 +0330 0001 INFO[0m [common.tools.configtxgen] [34;1mmain[0m -> Loading configuration
[34m2026-09-12 00:53:30.652 +0330 0002 INFO[0m [common.tools.configtxgen.localconfig] [34;1mLoad[0m -> Loaded configuration: /home/user/projects/pqc-energy-trading/env/fabric/e1/configtx.yaml
[34m2026-09-12 00:53:30.652 +0330 0003 INFO[0m [common.tools.configtxgen] [34;1mdoOutputAnchorPeersUpdate[0m -> Generating anchor peer update
[34m2026-09-12 00:53:30.654 +0330 0004 INFO[0m [common.tools.configtxgen] [34;1mdoOutputAnchorPeersUpdate[0m -> Writing anchor peer update
[E1] Fabric cryptographic and channel artifacts generated.
[E1] Starting Fabric network...
 Network e1net  Creating
 Network e1net  Created
 Container peer0.org1.example.com  Creating
 Container peer1.org2.example.com  Creating
 Container peer1.org1.example.com  Creating
 Container orderer.example.com  Creating
 Container peer0.org2.example.com  Creating
 Container peer1.org2.example.com  Created
 Container orderer.example.com  Created
 Container peer0.org1.example.com  Created
 Container peer0.org2.example.com  Created
 Container peer1.org1.example.com  Created
 Container peer0.org1.example.com  Starting
 Container peer1.org1.example.com  Starting
 Container orderer.example.com  Starting
 Container peer1.org2.example.com  Starting
 Container peer0.org2.example.com  Starting
 Container peer1.org2.example.com  Started
 Container peer0.org1.example.com  Started
 Container orderer.example.com  Started
 Container peer0.org2.example.com  Started
 Container peer1.org1.example.com  Started
[E1] orderer.example.com is running.
[E1] peer0.org1.example.com is running.
[E1] peer1.org1.example.com is running.
[E1] peer0.org2.example.com is running.
[E1] peer1.org2.example.com is running.
[E1] Fabric containers are running.
[E1] Waiting for Raft leader...
[E1] Raft leader is ready.
[E1] Waiting for peers to become ready...
[E1] peer0.org1.example.com:7051 is ready.
[E1] peer1.org1.example.com:8051 is ready.
[E1] peer0.org2.example.com:9051 is ready.
[E1] peer1.org2.example.com:10051 is ready.
[E1] All peers are ready.
[E1] Creating channel energychannel...
[34m2026-09-12 00:53:32.422 +0330 0001 INFO[0m [channelCmd] [34;1mInitCmdFactory[0m -> Endorser and orderer connections initialized
[34m2026-09-12 00:53:32.434 +0330 0002 INFO[0m [cli.common] [34;1mreadBlock[0m -> Expect block, but got status: &{NOT_FOUND}
[34m2026-09-12 00:53:32.436 +0330 0003 INFO[0m [channelCmd] [34;1mInitCmdFactory[0m -> Endorser and orderer connections initialized
[34m2026-09-12 00:53:32.638 +0330 0004 INFO[0m [cli.common] [34;1mreadBlock[0m -> Expect block, but got status: &{SERVICE_UNAVAILABLE}
[34m2026-09-12 00:53:32.640 +0330 0005 INFO[0m [channelCmd] [34;1mInitCmdFactory[0m -> Endorser and orderer connections initialized
[34m2026-09-12 00:53:32.842 +0330 0006 INFO[0m [cli.common] [34;1mreadBlock[0m -> Expect block, but got status: &{SERVICE_UNAVAILABLE}
[34m2026-09-12 00:53:32.844 +0330 0007 INFO[0m [channelCmd] [34;1mInitCmdFactory[0m -> Endorser and orderer connections initialized
[34m2026-09-12 00:53:33.045 +0330 0008 INFO[0m [cli.common] [34;1mreadBlock[0m -> Expect block, but got status: &{SERVICE_UNAVAILABLE}
[34m2026-09-12 00:53:33.048 +0330 0009 INFO[0m [channelCmd] [34;1mInitCmdFactory[0m -> Endorser and orderer connections initialized
[34m2026-09-12 00:53:33.249 +0330 000a INFO[0m [cli.common] [34;1mreadBlock[0m -> Expect block, but got status: &{SERVICE_UNAVAILABLE}
[34m2026-09-12 00:53:33.252 +0330 000b INFO[0m [channelCmd] [34;1mInitCmdFactory[0m -> Endorser and orderer connections initialized
[34m2026-09-12 00:53:33.454 +0330 000c INFO[0m [cli.common] [34;1mreadBlock[0m -> Received block: 0
[E1] Joining peer0.org1...
[34m2026-09-12 00:53:33.502 +0330 0001 INFO[0m [channelCmd] [34;1mInitCmdFactory[0m -> Endorser and orderer connections initialized
[34m2026-09-12 00:53:33.517 +0330 0002 INFO[0m [channelCmd] [34;1mexecuteJoin[0m -> Successfully submitted proposal to join channel
[E1] Joining peer1.org1...
[34m2026-09-12 00:53:33.567 +0330 0001 INFO[0m [channelCmd] [34;1mInitCmdFactory[0m -> Endorser and orderer connections initialized
[34m2026-09-12 00:53:33.582 +0330 0002 INFO[0m [channelCmd] [34;1mexecuteJoin[0m -> Successfully submitted proposal to join channel
[E1] Joining peer0.org2...
[34m2026-09-12 00:53:33.632 +0330 0001 INFO[0m [channelCmd] [34;1mInitCmdFactory[0m -> Endorser and orderer connections initialized
[34m2026-09-12 00:53:33.648 +0330 0002 INFO[0m [channelCmd] [34;1mexecuteJoin[0m -> Successfully submitted proposal to join channel
[E1] Joining peer1.org2...
[34m2026-09-12 00:53:33.697 +0330 0001 INFO[0m [channelCmd] [34;1mInitCmdFactory[0m -> Endorser and orderer connections initialized
[34m2026-09-12 00:53:33.712 +0330 0002 INFO[0m [channelCmd] [34;1mexecuteJoin[0m -> Successfully submitted proposal to join channel
[E1] All four peers joined energychannel.
[E1] Applying Org1 anchor peer update...
[34m2026-09-12 00:53:33.759 +0330 0001 INFO[0m [channelCmd] [34;1mInitCmdFactory[0m -> Endorser and orderer connections initialized
[34m2026-09-12 00:53:33.768 +0330 0002 INFO[0m [channelCmd] [34;1mupdate[0m -> Successfully submitted channel update
[E1] Applying Org2 anchor peer update...
[34m2026-09-12 00:53:33.818 +0330 0001 INFO[0m [channelCmd] [34;1mInitCmdFactory[0m -> Endorser and orderer connections initialized
[34m2026-09-12 00:53:33.828 +0330 0002 INFO[0m [channelCmd] [34;1mupdate[0m -> Successfully submitted channel update
[E1] Anchor peer updates applied.
[E1] Packaging chaincode...
[E1] Installing chaincode on all four peers...
[34m2026-09-12 00:53:34.125 +0330 0001 INFO[0m [cli.lifecycle.chaincode] [34;1msubmitInstallProposal[0m -> Installed remotely: response:<status:200 payload:"\nKsimplekv_1:c806deb2b025ac0d6e7758647d40416e68a179e25ff760a00f1a8b3e0a192b0b\022\nsimplekv_1" > 
[34m2026-09-12 00:53:34.125 +0330 0002 INFO[0m [cli.lifecycle.chaincode] [34;1msubmitInstallProposal[0m -> Chaincode code package identifier: simplekv_1:c806deb2b025ac0d6e7758647d40416e68a179e25ff760a00f1a8b3e0a192b0b
[34m2026-09-12 00:53:34.183 +0330 0001 INFO[0m [cli.lifecycle.chaincode] [34;1msubmitInstallProposal[0m -> Installed remotely: response:<status:200 payload:"\nKsimplekv_1:c806deb2b025ac0d6e7758647d40416e68a179e25ff760a00f1a8b3e0a192b0b\022\nsimplekv_1" > 
[34m2026-09-12 00:53:34.184 +0330 0002 INFO[0m [cli.lifecycle.chaincode] [34;1msubmitInstallProposal[0m -> Chaincode code package identifier: simplekv_1:c806deb2b025ac0d6e7758647d40416e68a179e25ff760a00f1a8b3e0a192b0b
[34m2026-09-12 00:53:34.241 +0330 0001 INFO[0m [cli.lifecycle.chaincode] [34;1msubmitInstallProposal[0m -> Installed remotely: response:<status:200 payload:"\nKsimplekv_1:c806deb2b025ac0d6e7758647d40416e68a179e25ff760a00f1a8b3e0a192b0b\022\nsimplekv_1" > 
[34m2026-09-12 00:53:34.241 +0330 0002 INFO[0m [cli.lifecycle.chaincode] [34;1msubmitInstallProposal[0m -> Chaincode code package identifier: simplekv_1:c806deb2b025ac0d6e7758647d40416e68a179e25ff760a00f1a8b3e0a192b0b
[34m2026-09-12 00:53:34.300 +0330 0001 INFO[0m [cli.lifecycle.chaincode] [34;1msubmitInstallProposal[0m -> Installed remotely: response:<status:200 payload:"\nKsimplekv_1:c806deb2b025ac0d6e7758647d40416e68a179e25ff760a00f1a8b3e0a192b0b\022\nsimplekv_1" > 
[34m2026-09-12 00:53:34.300 +0330 0002 INFO[0m [cli.lifecycle.chaincode] [34;1msubmitInstallProposal[0m -> Chaincode code package identifier: simplekv_1:c806deb2b025ac0d6e7758647d40416e68a179e25ff760a00f1a8b3e0a192b0b
[E1] Chaincode package ID: simplekv_1:c806deb2b025ac0d6e7758647d40416e68a179e25ff760a00f1a8b3e0a192b0b
[E1] Approving chaincode for Org1...
[34m2026-09-12 00:53:36.423 +0330 0001 INFO[0m [chaincodeCmd] [34;1mClientWait[0m -> txid [2e6280a51c6ffbae9f3937dca30a0f4e7a3f1a67543d832160ce0a57b0f03028] committed with status (VALID) at peer0.org1.example.com:7051
[E1] Approving chaincode for Org2...
[34m2026-09-12 00:53:38.494 +0330 0001 INFO[0m [chaincodeCmd] [34;1mClientWait[0m -> txid [e83fe5cb3d575774f6d9d358af64f8a8425bb921a25f4cea6cd4e64fe5ab62d8] committed with status (VALID) at peer0.org2.example.com:9051
[E1] Checking chaincode commit readiness...
{
	"approvals": {
		"Org1MSP": true,
		"Org2MSP": true
	}
}
[E1] Committing chaincode definition...
[34m2026-09-12 00:53:40.646 +0330 0001 INFO[0m [chaincodeCmd] [34;1mClientWait[0m -> txid [1cc1a7b0322d548f76ae1a7294e69723e453b638900d57a2250b4dfc1fc9385c] committed with status (VALID) at peer0.org1.example.com:7051
[34m2026-09-12 00:53:40.646 +0330 0002 INFO[0m [chaincodeCmd] [34;1mClientWait[0m -> txid [1cc1a7b0322d548f76ae1a7294e69723e453b638900d57a2250b4dfc1fc9385c] committed with status (VALID) at peer0.org2.example.com:9051
[E1] Chaincode committed.
[E1] Running chaincode smoke test...
[34m2026-09-12 00:53:40.860 +0330 0001 INFO[0m [chaincodeCmd] [34;1mchaincodeInvokeOrQuery[0m -> Chaincode invoke successful. result: status:200 
[E1] Chaincode smoke test passed.
[E1] Verifying cross-organization discovery...
[E1] Discovery check passed: all four peers visible.
[E1] Fabric E1 setup completed successfully.
[E1] Fabric network ready for configuration: ml-dsa-44
[E1] effective_BatchTimeout=2s
[E1] effective_MaxMessageCount=500
[E1] effective_PreferredMaxBytes=2097152
[E1] effective_AbsoluteMaxBytes=10485760
[E1] Starting Caliper benchmark...
[E1] Log: /home/user/projects/pqc-energy-trading/raw/e1/sustained-375-v1_ml-dsa-44_caliper_run.log
npm notice run e1@1.0.0 npx
npm notice run 'caliper' launch manager --caliper-workspace . --caliper-benchconfig /home/user/projects/pqc-energy-trading/env/caliper/e1/benchmark_ml_dsa_sustained_375.yaml --caliper-networkconfig network.yaml
2026.09.12-00:53:43.483[32m info [39m [caliper] [cli-launch-manager] 	Set workspace path: /home/user/projects/pqc-energy-trading/env/caliper/e1
2026.09.12-00:53:43.484[32m info [39m [caliper] [cli-launch-manager] 	Set benchmark configuration path: /home/user/projects/pqc-energy-trading/env/caliper/e1/benchmark_ml_dsa_sustained_375.yaml
2026.09.12-00:53:43.484[32m info [39m [caliper] [cli-launch-manager] 	Set network configuration path: /home/user/projects/pqc-energy-trading/env/caliper/e1/network.yaml
2026.09.12-00:53:43.484[32m info [39m [caliper] [cli-launch-manager] 	Set SUT type: fabric
2026.09.12-00:53:43.503[32m info [39m [caliper] [benchmark-validator] 	No observer specified, will default to `none`
2026.09.12-00:53:43.503[32m info [39m [caliper] [caliper-engine] 	Starting benchmark flow
2026.09.12-00:53:43.503[32m info [39m [caliper] [caliper-engine] 	Network configuration attribute "caliper.command.start" is not present, skipping start command
2026.09.12-00:53:43.616[32m info [39m [caliper] [FabricConnectorFactory] 	Initializing peer gateway connector compatible with installed fabric-gateway SDK: 1.7.1
2026.09.12-00:53:43.623[32m info [39m [caliper] [IdentityManager] 	Adding User1 (admin=false) as User1 for organization Org1MSP
2026.09.12-00:53:43.624[32m info [39m [caliper] [IdentityManager] 	Adding User1Org2 (admin=false) as _Org2MSP_User1Org2 for organization Org2MSP
2026.09.12-00:53:43.625[32m info [39m [caliper] [connectors/peer-gateway/PeerGateway] 	Fabric-Gateway SDK version: 1.7.1 for Peer-Gateway connector; TLS based on Org1MSP: server
2026.09.12-00:53:43.625[32m info [39m [caliper] [caliper-engine] 	Executed "init" step in 0.001 seconds
2026.09.12-00:53:43.625[33m warn [39m [caliper] [connectors/peer-gateway/PeerGateway] 	Install smart contract not available for the Fabric Peer Gateway connector
2026.09.12-00:53:43.625[32m info [39m [caliper] [caliper-engine] 	Executed "install" step in 0 seconds
2026.09.12-00:53:43.627[32m info [39m [caliper] [monitor.js] 	Attempting to create resource monitor of type docker
2026.09.12-00:53:43.628[32m info [39m [caliper] [default-observer] 	Observer interval set to 5000 milliseconds
2026.09.12-00:53:43.630[32m info [39m [caliper] [round-orchestrator] 	Preparing worker connections
2026.09.12-00:53:43.630[32m info [39m [caliper] [worker-orchestrator] 	Launching worker 1 of 1
2026.09.12-00:53:43.634[32m info [39m [caliper] [worker-orchestrator] 	Messenger not configured, entering configure phase...
2026.09.12-00:53:43.635[32m info [39m [caliper] [worker-orchestrator] 	No existing workers detected, entering worker launch phase...
2026.09.12-00:53:43.635[32m info [39m [caliper] [worker-orchestrator] 	Waiting for 1 workers to be connected...
2026.09.12-00:53:43.848[32m info [39m [caliper] [cli-launch-worker] 	Set workspace path: /home/user/projects/pqc-energy-trading/env/caliper/e1
2026.09.12-00:53:43.849[32m info [39m [caliper] [cli-launch-worker] 	Set benchmark configuration path: /home/user/projects/pqc-energy-trading/env/caliper/e1/benchmark_ml_dsa_sustained_375.yaml
2026.09.12-00:53:43.849[32m info [39m [caliper] [cli-launch-worker] 	Set network configuration path: /home/user/projects/pqc-energy-trading/env/caliper/e1/network.yaml
2026.09.12-00:53:43.849[32m info [39m [caliper] [cli-launch-worker] 	Set SUT type: fabric
2026.09.12-00:53:43.879[32m info [39m [caliper] [worker-orchestrator] 	1 workers connected, progressing to worker assignment phase.
2026.09.12-00:53:43.879[32m info [39m [caliper] [worker-orchestrator] 	Workers currently unassigned, awaiting index assignment...
2026.09.12-00:53:43.879[32m info [39m [caliper] [worker-orchestrator] 	Waiting for 1 workers to be assigned...
2026.09.12-00:53:43.898[32m info [39m [caliper] [worker-orchestrator] 	1 workers assigned, progressing to worker initialization phase.
2026.09.12-00:53:43.898[32m info [39m [caliper] [worker-orchestrator] 	Waiting for 1 workers to be ready...
2026.09.12-00:53:43.898[32m info [39m [caliper] [worker-message-handler] 	Initializing Worker#0...
2026.09.12-00:53:44.004[32m info [39m [caliper] [FabricConnectorFactory] 	Initializing peer gateway connector compatible with installed fabric-gateway SDK: 1.7.1
2026.09.12-00:53:44.009[32m info [39m [caliper] [IdentityManager] 	Adding User1 (admin=false) as User1 for organization Org1MSP
2026.09.12-00:53:44.009[32m info [39m [caliper] [IdentityManager] 	Adding User1Org2 (admin=false) as _Org2MSP_User1Org2 for organization Org2MSP
2026.09.12-00:53:44.011[32m info [39m [caliper] [worker-message-handler] 	Worker#0 initialized
2026.09.12-00:53:44.012[32m info [39m [caliper] [worker-orchestrator] 	1 workers ready, progressing to test preparation phase.
2026.09.12-00:53:44.012[32m info [39m [caliper] [round-orchestrator] 	Started round 1 (warmup)
2026.09.12-00:53:44.013[32m info [39m [caliper] [worker-message-handler] 	Preparing Worker#0 for Round#0
2026.09.12-00:53:44.024[32m info [39m [caliper] [connectors/peer-gateway/PeerGateway] 	Generating contract map for user User1
2026.09.12-00:53:44.028[32m info [39m [caliper] [connectors/peer-gateway/PeerGateway] 	Generating contract map for user _Org2MSP_User1Org2
2026.09.12-00:53:44.028[32m info [39m [caliper] [caliper-worker] 	Info: worker 0 prepare test phase for round 0 is starting...
2026.09.12-00:53:44.140[32m info [39m [caliper] [connectors/peer-gateway/PeerGateway] 	disconnecting gateway for user User1
2026.09.12-00:53:44.140[32m info [39m [caliper] [connectors/peer-gateway/PeerGateway] 	disconnecting gateway for user _Org2MSP_User1Org2
2026.09.12-00:53:44.140[32m info [39m [caliper] [connectors/peer-gateway/PeerGateway] 	disconnecting gRpc client at peer peer0.org1.example.com
2026.09.12-00:53:44.140[32m info [39m [caliper] [connectors/peer-gateway/PeerGateway] 	disconnecting gRpc client at peer peer0.org2.example.com
2026.09.12-00:53:44.140[32m info [39m [caliper] [caliper-worker] 	Info: worker 0 prepare test phase for round 0 is completed
2026.09.12-00:53:44.141[32m info [39m [caliper] [worker-message-handler] 	Worker#0 prepared for Round#0
2026.09.12-00:53:44.141[32m info [39m [caliper] [worker-orchestrator] 	1 workers prepared, progressing to test phase.
2026.09.12-00:53:44.154[32m info [39m [caliper] [round-orchestrator] 	Monitors successfully started
2026.09.12-00:53:44.154[32m info [39m [caliper] [worker-message-handler] 	Worker#0 is starting Round#0
2026.09.12-00:53:44.157[32m info [39m [caliper] [connectors/peer-gateway/PeerGateway] 	Generating contract map for user User1
2026.09.12-00:53:44.158[32m info [39m [caliper] [connectors/peer-gateway/PeerGateway] 	Generating contract map for user _Org2MSP_User1Org2
2026.09.12-00:53:44.159[32m info [39m [caliper] [caliper-worker] 	Worker #0 starting workload loop
2026.09.12-00:53:49.151[32m info [39m [caliper] [default-observer] 	[warmup Round 0 Transaction Info] - Submitted: 201 Succ: 106 Fail:0 Unfinished:95
2026.09.12-00:53:54.143[32m info [39m [caliper] [default-observer] 	[warmup Round 0 Transaction Info] - Submitted: 451 Succ: 409 Fail:0 Unfinished:42
2026.09.12-00:53:59.144[32m info [39m [caliper] [default-observer] 	[warmup Round 0 Transaction Info] - Submitted: 701 Succ: 611 Fail:0 Unfinished:90
2026.09.12-00:54:04.145[32m info [39m [caliper] [default-observer] 	[warmup Round 0 Transaction Info] - Submitted: 951 Succ: 914 Fail:0 Unfinished:37
2026.09.12-00:54:05.670[32m info [39m [caliper] [connectors/peer-gateway/PeerGateway] 	disconnecting gateway for user User1
2026.09.12-00:54:05.670[32m info [39m [caliper] [connectors/peer-gateway/PeerGateway] 	disconnecting gateway for user _Org2MSP_User1Org2
2026.09.12-00:54:05.670[32m info [39m [caliper] [connectors/peer-gateway/PeerGateway] 	disconnecting gRpc client at peer peer0.org1.example.com
2026.09.12-00:54:05.671[32m info [39m [caliper] [connectors/peer-gateway/PeerGateway] 	disconnecting gRpc client at peer peer0.org2.example.com
2026.09.12-00:54:05.671[32m info [39m [caliper] [worker-message-handler] 	Worker#0 finished Round#0
2026.09.12-00:54:10.673[32m info [39m [caliper] [default-observer] 	Resetting txCount indicator count
2026.09.12-00:54:10.673[32m info [39m [caliper] [report-builder] 	### Test result ###
2026.09.12-00:54:10.677[32m info [39m [caliper] [report-builder] 	
+--------+------+------+-----------------+-----------------+-----------------+-----------------+------------------+
| Name   | Succ | Fail | Send Rate (TPS) | Max Latency (s) | Min Latency (s) | Avg Latency (s) | Throughput (TPS) |
|--------|------|------|-----------------|-----------------|-----------------|-----------------|------------------|
| warmup | 1001 | 0    | 50.1            | 2.20            | 0.07            | 1.10            | 49.2             |
+--------+------+------+-----------------+-----------------+-----------------+-----------------+------------------+

2026.09.12-00:54:10.678[32m info [39m [caliper] [round-orchestrator] 	Finished round 1 (warmup) in 20.403 seconds
2026.09.12-00:54:10.678[32m info [39m [caliper] [monitor.js] 	Stopping all monitors
2026.09.12-00:54:10.779[32m info [39m [caliper] [round-orchestrator] 	Waiting 5 seconds for the next round...
2026.09.12-00:54:15.784[32m info [39m [caliper] [round-orchestrator] 	Started round 2 (sustained-375-tps)
2026.09.12-00:54:15.786[32m info [39m [caliper] [worker-message-handler] 	Preparing Worker#0 for Round#1
2026.09.12-00:54:15.792[32m info [39m [caliper] [connectors/peer-gateway/PeerGateway] 	Generating contract map for user User1
2026.09.12-00:54:15.795[32m info [39m [caliper] [connectors/peer-gateway/PeerGateway] 	Generating contract map for user _Org2MSP_User1Org2
2026.09.12-00:54:15.795[32m info [39m [caliper] [caliper-worker] 	Info: worker 0 prepare test phase for round 1 is starting...
2026.09.12-00:54:15.906[32m info [39m [caliper] [connectors/peer-gateway/PeerGateway] 	disconnecting gateway for user User1
2026.09.12-00:54:15.906[32m info [39m [caliper] [connectors/peer-gateway/PeerGateway] 	disconnecting gateway for user _Org2MSP_User1Org2
2026.09.12-00:54:15.906[32m info [39m [caliper] [connectors/peer-gateway/PeerGateway] 	disconnecting gRpc client at peer peer0.org1.example.com
2026.09.12-00:54:15.906[32m info [39m [caliper] [connectors/peer-gateway/PeerGateway] 	disconnecting gRpc client at peer peer0.org2.example.com
2026.09.12-00:54:15.906[32m info [39m [caliper] [caliper-worker] 	Info: worker 0 prepare test phase for round 1 is completed
2026.09.12-00:54:15.906[32m info [39m [caliper] [worker-message-handler] 	Worker#0 prepared for Round#1
2026.09.12-00:54:15.907[32m info [39m [caliper] [worker-orchestrator] 	1 workers prepared, progressing to test phase.
2026.09.12-00:54:15.911[32m info [39m [caliper] [round-orchestrator] 	Monitors successfully started
2026.09.12-00:54:15.912[32m info [39m [caliper] [worker-message-handler] 	Worker#0 is starting Round#1
2026.09.12-00:54:15.914[32m info [39m [caliper] [connectors/peer-gateway/PeerGateway] 	Generating contract map for user User1
2026.09.12-00:54:15.916[32m info [39m [caliper] [connectors/peer-gateway/PeerGateway] 	Generating contract map for user _Org2MSP_User1Org2
2026.09.12-00:54:15.916[32m info [39m [caliper] [caliper-worker] 	Worker #0 starting workload loop
2026.09.12-00:54:20.908[32m info [39m [caliper] [default-observer] 	[sustained-375-tps Round 1 Transaction Info] - Submitted: 1236 Succ: 1112 Fail:0 Unfinished:124
2026.09.12-00:54:25.909[32m info [39m [caliper] [default-observer] 	[sustained-375-tps Round 1 Transaction Info] - Submitted: 2910 Succ: 2752 Fail:0 Unfinished:158
2026.09.12-00:54:30.910[32m info [39m [caliper] [default-observer] 	[sustained-375-tps Round 1 Transaction Info] - Submitted: 4619 Succ: 4452 Fail:0 Unfinished:167
2026.09.12-00:54:35.911[32m info [39m [caliper] [default-observer] 	[sustained-375-tps Round 1 Transaction Info] - Submitted: 6333 Succ: 6170 Fail:0 Unfinished:163
2026.09.12-00:54:40.912[32m info [39m [caliper] [default-observer] 	[sustained-375-tps Round 1 Transaction Info] - Submitted: 8058 Succ: 7890 Fail:0 Unfinished:168
2026.09.12-00:54:45.913[32m info [39m [caliper] [default-observer] 	[sustained-375-tps Round 1 Transaction Info] - Submitted: 9783 Succ: 9619 Fail:0 Unfinished:164
2026.09.12-00:54:50.914[32m info [39m [caliper] [default-observer] 	[sustained-375-tps Round 1 Transaction Info] - Submitted: 11511 Succ: 11345 Fail:0 Unfinished:166
2026.09.12-00:54:55.915[32m info [39m [caliper] [default-observer] 	[sustained-375-tps Round 1 Transaction Info] - Submitted: 13231 Succ: 13079 Fail:0 Unfinished:152
2026.09.12-00:55:00.916[32m info [39m [caliper] [default-observer] 	[sustained-375-tps Round 1 Transaction Info] - Submitted: 14953 Succ: 14804 Fail:0 Unfinished:149
2026.09.12-00:55:05.917[32m info [39m [caliper] [default-observer] 	[sustained-375-tps Round 1 Transaction Info] - Submitted: 16671 Succ: 16539 Fail:0 Unfinished:132
2026.09.12-00:55:10.918[32m info [39m [caliper] [default-observer] 	[sustained-375-tps Round 1 Transaction Info] - Submitted: 18390 Succ: 18260 Fail:0 Unfinished:130
2026.09.12-00:55:15.919[32m info [39m [caliper] [default-observer] 	[sustained-375-tps Round 1 Transaction Info] - Submitted: 20121 Succ: 19997 Fail:0 Unfinished:124
2026.09.12-00:55:17.366[32m info [39m [caliper] [connectors/peer-gateway/PeerGateway] 	disconnecting gateway for user User1
2026.09.12-00:55:17.366[32m info [39m [caliper] [connectors/peer-gateway/PeerGateway] 	disconnecting gateway for user _Org2MSP_User1Org2
2026.09.12-00:55:17.366[32m info [39m [caliper] [connectors/peer-gateway/PeerGateway] 	disconnecting gRpc client at peer peer0.org1.example.com
2026.09.12-00:55:17.367[32m info [39m [caliper] [connectors/peer-gateway/PeerGateway] 	disconnecting gRpc client at peer peer0.org2.example.com
2026.09.12-00:55:17.367[32m info [39m [caliper] [worker-message-handler] 	Worker#0 finished Round#1
2026.09.12-00:55:22.369[32m info [39m [caliper] [default-observer] 	Resetting txCount indicator count
2026.09.12-00:55:22.369[32m info [39m [caliper] [report-builder] 	### Test result ###
2026.09.12-00:55:22.370[32m info [39m [caliper] [report-builder] 	
+-------------------+-------+------+-----------------+-----------------+-----------------+-----------------+------------------+
| Name              | Succ  | Fail | Send Rate (TPS) | Max Latency (s) | Min Latency (s) | Avg Latency (s) | Throughput (TPS) |
|-------------------|-------|------|-----------------|-----------------|-----------------|-----------------|------------------|
| sustained-375-tps | 20459 | 0    | 341.0           | 0.70            | 0.07            | 0.36            | 339.4            |
+-------------------+-------+------+-----------------+-----------------+-----------------+-----------------+------------------+

2026.09.12-00:55:22.371[32m info [39m [caliper] [round-orchestrator] 	Finished round 2 (sustained-375-tps) in 60.303 seconds
2026.09.12-00:55:22.371[32m info [39m [caliper] [monitor.js] 	Stopping all monitors
2026.09.12-00:55:22.472[32m info [39m [caliper] [report-builder] 	### All test results ###
2026.09.12-00:55:22.472[32m info [39m [caliper] [report-builder] 	
+-------------------+-------+------+-----------------+-----------------+-----------------+-----------------+------------------+
| Name              | Succ  | Fail | Send Rate (TPS) | Max Latency (s) | Min Latency (s) | Avg Latency (s) | Throughput (TPS) |
|-------------------|-------|------|-----------------|-----------------|-----------------|-----------------|------------------|
| warmup            | 1001  | 0    | 50.1            | 2.20            | 0.07            | 1.10            | 49.2             |
|-------------------|-------|------|-----------------|-----------------|-----------------|-----------------|------------------|
| sustained-375-tps | 20459 | 0    | 341.0           | 0.70            | 0.07            | 0.36            | 339.4            |
+-------------------+-------+------+-----------------+-----------------+-----------------+-----------------+------------------+

2026.09.12-00:55:22.478[32m info [39m [caliper] [report-builder] 	Generated report with path /home/user/projects/pqc-energy-trading/env/caliper/e1/report.html
2026.09.12-00:55:22.479[32m info [39m [caliper] [monitor.js] 	Stopping all monitors
2026.09.12-00:55:22.479[32m info [39m [caliper] [worker-orchestrator] 	Sending exit message to connected workers
2026.09.12-00:55:22.479[32m info [39m [caliper] [round-orchestrator] 	Benchmark finished in 98.467 seconds. Total rounds: 2. Successful rounds: 2. Failed rounds: 0.
2026.09.12-00:55:22.479[32m info [39m [caliper] [caliper-engine] 	Network configuration attribute "caliper.command.end" is not present, skipping end command
2026.09.12-00:55:22.479[32m info [39m [caliper] [cli-launch-manager] 	Benchmark successfully finished!
2026.09.12-00:55:22.479[32m info [39m [caliper] [worker-message-handler] 	Worker#0 is exiting
[E1] Benchmark finished.
[E1] finished_at=2026-09-12T00:55:22+03:30
[E1] Raw timing files:
sustained-375-v1_ml-dsa-44_block_heights.csv	102 bytes
sustained-375-v1_ml-dsa-44_commit_sustained-375-tps_worker0_1789161917342.csv	222757 bytes
sustained-375-v1_ml-dsa-44_e2e_sustained-375-tps_worker0_1789161917346.csv	1980971 bytes
sustained-375-v1_ml-dsa-44_endorse_sustained-375-tps_worker0_1789161917338.csv	184545 bytes
[E1] Block-height markers:
marker,height
before_warmup,7
after_warmup,17
before_sustained-375-tps,17
after_sustained-375-tps,160
[E1] Run completed successfully for namespace: sustained-375-v1_ml-dsa-44
