[E1] Run provenance
[E1] started_at=2026-09-06T17:01:16+03:30
[E1] configuration=ecdsa
[E1] run_type=sustainability
[E1] run_label=sustained-228-v1
[E1] run_namespace=sustained-228-v1_ecdsa
[E1] benchmark_config=env/caliper/e1/benchmark_ecdsa_sustained_228.yaml
[E1] benchmark_config_sha256=74793dce5084be705c1cc49648f92f3dee5e690e59b891c42cf8399b2bf2394e
[E1] project_git_commit=47a625647b4bfb8b76c370d1b3f05eebf3910d31
[E1] project_git_state_before_log_creation=dirty
[E1] project_git_status_sha256_before_log_creation=5337e5d1f13cfa399a57991399dcb890e12b0430218e9675101be5ef6ed14dc2
[E1] project_tracked_state_before_log_creation=clean
[E1] project_tracked_status_sha256_before_log_creation=e3b0c44298fc1c149afbf4c8996fb92427ae41e4649b934ca495991b7852b855
[E1] project_untracked_paths_sha256_before_log_creation=54f6bfabf637edd6a60b6de88162e46b0dcd883a367b09ce8f4643cf6d021b0f
[E1] host_kernel=7.0.0-30-generic
[E1] docker_server_version=29.1.3
[E1] fixed_cpu_set=2-15
[E1] Verifying CPU measurement state...
[E1] cpu2_state=governor:performance,min_khz:3201000,max_khz:3201000
[E1] cpu3_state=governor:performance,min_khz:3201000,max_khz:3201000
[E1] cpu4_state=governor:performance,min_khz:3201000,max_khz:3201000
[E1] cpu5_state=governor:performance,min_khz:3201000,max_khz:3201000
[E1] cpu6_state=governor:performance,min_khz:3201000,max_khz:3201000
[E1] cpu7_state=governor:performance,min_khz:3201000,max_khz:3201000
[E1] cpu8_state=governor:performance,min_khz:3201000,max_khz:3201000
[E1] cpu9_state=governor:performance,min_khz:3201000,max_khz:3201000
[E1] cpu10_state=governor:performance,min_khz:3201000,max_khz:3201000
[E1] cpu11_state=governor:performance,min_khz:3201000,max_khz:3201000
[E1] cpu12_state=governor:performance,min_khz:3201000,max_khz:3201000
[E1] cpu13_state=governor:performance,min_khz:3201000,max_khz:3201000
[E1] cpu14_state=governor:performance,min_khz:3201000,max_khz:3201000
[E1] cpu15_state=governor:performance,min_khz:3201000,max_khz:3201000
[E1] CPU state verified.
[E1] amd_pstate_mode=passive
[E1] boost_state=0
[E1] Frequency lock verified: 3201000 kHz on CPUs 2-15.
[E1] fabric_source_tag=v2.5.16
[E1] fabric_source_commit=f871cf92a026aba7b12e6f06d71ded3e6e659d71
[E1] fabric_source_state=clean
[E1] fabric_peer_image_id=sha256:6fe74f12e91ab73a07b13d4a7d2954df8a2ad5a6e00ea2665cfffed7f34f5448
[E1] fabric_orderer_image_id=sha256:b56ec95ae9168725b8c8e1dc4bc4126f30f2b661e3dc99dd72225dc87b1f3d1f
[E1] configtx_sha256=87022050421db9821be46266cfe68b9789c3fe125d089e31d368a01ffe27b384
[E1] crypto_config_sha256=6b7208daa343bf57296dcbe8152484c5062fe410824105fd374d46dcf2a0336c
[E1] docker_compose_sha256=0c3f145d34c1f06a0b84c4f94fd7f8817f0b37a2bd6ce5dce52ec1851cedc026
[E1] fabric_setup_sha256=b69af762feee33e800bc26ef5af9e0a45301ba0c2172f580de6fc90b25ac2831
[E1] fabric_build_sha256=28758546c3bd0add2e67a8330c84591c49d6b5cf2d6eb308d3b0f7061bb1f219
[E1] fabric_pq_patch_sha256=2eeee5582fabd90bb9e675e98bce3daf94a087d2d6848ccfa720f7216e23550f
[E1] chaincode_sha256=64973916cfe23691d2bc715b5b257f8ed2db8e08731720e750a2240c5cd0f8e1
[E1] pq_identity_generator_sha256=b4d8e0515fd4898f221a3618bc41971fcf35778175ae4e6e7c94ccd8f0ca9e48
[E1] caliper_package_lock_sha256=b45f505c22bcc63537590f39f748d7145a617cf9a83e2ac07fb4b48c48322355
[E1] caliper_network_sha256=7f3882ef30fc5bf532f2484ef55ebac5ce720290a6cd0f1e79b24f512cfa62fb
[E1] caliper_connection_org1_sha256=1a6c60a78e642181dcbebddd86537a7015063f3d00badb6dca4a35c8d9b30b6d
[E1] caliper_connection_org2_sha256=a7f68c912cb9b975cac96c0435e1e311dbdc87e903a9e29eb6ec0c5b9d3b0da8
[E1] caliper_workload_sha256=28a48fd0ce5ec7e883d3dd2b43d44797a2edc3eb9da01ade14d97a2965bffc65
[E1] caliper_timing_patch_sha256=7d3eaab0e3ce1a7713f09761ea2353b5d280cb51588f2ddb1098a9d50f17c578
[E1] e1_run_policy_sha256=51eed28a7f799dcf2a5ee7a6d874931323262cee60781ad8a939c239c195e803
[E1] e1_runner_sha256=9d03daf5a7bddd9b192c58438e973c2ae603101d63419c7331e49fc4b2f15ac0
[E1] Setting up Fabric network for configuration: ecdsa
[E1] Fabric setup starting...
[E1] Fabric binaries: /home/user/projects/fabric-samples/bin
[E1] Channel: energychannel
[E1] Chaincode: simplekv
[E1] Configuration: ecdsa
[E1] Running preflight checks...
[E1] Hyperledger Fabric version: 2.5.16
[E1] Preflight checks passed.
[E1] Removing previous E1 containers and generated artifacts...
 Container orderer.example.com  Stopping
 Container peer0.org2.example.com  Stopping
 Container peer0.org1.example.com  Stopping
 Container peer1.org1.example.com  Stopping
 Container peer1.org2.example.com  Stopping
 Container orderer.example.com  Stopped
 Container orderer.example.com  Removing
 Container orderer.example.com  Removed
 Container peer1.org1.example.com  Stopped
 Container peer1.org1.example.com  Removing
 Container peer1.org1.example.com  Removed
 Container peer1.org2.example.com  Stopped
 Container peer1.org2.example.com  Removing
 Container peer1.org2.example.com  Removed
 Container peer0.org1.example.com  Stopped
 Container peer0.org1.example.com  Removing
 Container peer0.org1.example.com  Removed
 Container peer0.org2.example.com  Stopped
 Container peer0.org2.example.com  Removing
 Container peer0.org2.example.com  Removed
 Network e1net  Removing
 Network e1net  Removed
[E1] Previous generated state removed.
[E1] Generating cryptographic material...
org1.example.com
org2.example.com
[E1] Generating orderer genesis block...
[34m2026-09-06 17:01:17.939 +0330 0001 INFO[0m [common.tools.configtxgen] [34;1mmain[0m -> Loading configuration
[34m2026-09-06 17:01:17.944 +0330 0002 INFO[0m [common.tools.configtxgen.localconfig] [34;1mcompleteInitialization[0m -> orderer type: etcdraft
[34m2026-09-06 17:01:17.944 +0330 0003 INFO[0m [common.tools.configtxgen.localconfig] [34;1mcompleteInitialization[0m -> Orderer.EtcdRaft.Options unset, setting to tick_interval:"500ms" election_tick:10 heartbeat_tick:1 max_inflight_blocks:5 snapshot_interval_size:16777216 
[34m2026-09-06 17:01:17.944 +0330 0004 INFO[0m [common.tools.configtxgen.localconfig] [34;1mLoad[0m -> Loaded configuration: /home/user/projects/pqc-energy-trading/env/fabric/e1/configtx.yaml
[34m2026-09-06 17:01:17.946 +0330 0005 INFO[0m [common.tools.configtxgen] [34;1mdoOutputBlock[0m -> Generating genesis block
[34m2026-09-06 17:01:17.946 +0330 0006 INFO[0m [common.tools.configtxgen] [34;1mdoOutputBlock[0m -> Creating system channel genesis block
[34m2026-09-06 17:01:17.946 +0330 0007 INFO[0m [common.tools.configtxgen] [34;1mdoOutputBlock[0m -> Writing genesis block
[E1] Generating channel creation transaction...
[34m2026-09-06 17:01:17.983 +0330 0001 INFO[0m [common.tools.configtxgen] [34;1mmain[0m -> Loading configuration
[34m2026-09-06 17:01:17.987 +0330 0002 INFO[0m [common.tools.configtxgen.localconfig] [34;1mLoad[0m -> Loaded configuration: /home/user/projects/pqc-energy-trading/env/fabric/e1/configtx.yaml
[34m2026-09-06 17:01:17.987 +0330 0003 INFO[0m [common.tools.configtxgen] [34;1mdoOutputChannelCreateTx[0m -> Generating new channel configtx
[34m2026-09-06 17:01:17.989 +0330 0004 INFO[0m [common.tools.configtxgen] [34;1mdoOutputChannelCreateTx[0m -> Writing new channel tx
[E1] Generating anchor peer updates...
[34m2026-09-06 17:01:18.025 +0330 0001 INFO[0m [common.tools.configtxgen] [34;1mmain[0m -> Loading configuration
[34m2026-09-06 17:01:18.030 +0330 0002 INFO[0m [common.tools.configtxgen.localconfig] [34;1mLoad[0m -> Loaded configuration: /home/user/projects/pqc-energy-trading/env/fabric/e1/configtx.yaml
[34m2026-09-06 17:01:18.030 +0330 0003 INFO[0m [common.tools.configtxgen] [34;1mdoOutputAnchorPeersUpdate[0m -> Generating anchor peer update
[34m2026-09-06 17:01:18.032 +0330 0004 INFO[0m [common.tools.configtxgen] [34;1mdoOutputAnchorPeersUpdate[0m -> Writing anchor peer update
[34m2026-09-06 17:01:18.066 +0330 0001 INFO[0m [common.tools.configtxgen] [34;1mmain[0m -> Loading configuration
[34m2026-09-06 17:01:18.071 +0330 0002 INFO[0m [common.tools.configtxgen.localconfig] [34;1mLoad[0m -> Loaded configuration: /home/user/projects/pqc-energy-trading/env/fabric/e1/configtx.yaml
[34m2026-09-06 17:01:18.071 +0330 0003 INFO[0m [common.tools.configtxgen] [34;1mdoOutputAnchorPeersUpdate[0m -> Generating anchor peer update
[34m2026-09-06 17:01:18.072 +0330 0004 INFO[0m [common.tools.configtxgen] [34;1mdoOutputAnchorPeersUpdate[0m -> Writing anchor peer update
[E1] Fabric cryptographic and channel artifacts generated.
[E1] Starting Fabric network...
 Network e1net  Creating
 Network e1net  Created
 Container peer0.org1.example.com  Creating
 Container peer1.org1.example.com  Creating
 Container peer1.org2.example.com  Creating
 Container orderer.example.com  Creating
 Container peer0.org2.example.com  Creating
 Container orderer.example.com  Created
 Container peer0.org1.example.com  Created
 Container peer1.org2.example.com  Created
 Container peer0.org2.example.com  Created
 Container peer1.org1.example.com  Created
 Container peer1.org2.example.com  Starting
 Container orderer.example.com  Starting
 Container peer0.org2.example.com  Starting
 Container peer0.org1.example.com  Starting
 Container peer1.org1.example.com  Starting
 Container peer1.org2.example.com  Started
 Container peer0.org2.example.com  Started
 Container peer0.org1.example.com  Started
 Container peer1.org1.example.com  Started
 Container orderer.example.com  Started
[E1] orderer.example.com is running.
[E1] peer0.org1.example.com is running.
[E1] peer1.org1.example.com is running.
[E1] peer0.org2.example.com is running.
[E1] peer1.org2.example.com is running.
[E1] Fabric containers are running.
[E1] Waiting for Raft leader...
[E1] Raft leader is ready.
[E1] Waiting for peers to become ready...
[E1] peer0.org1.example.com:7051 is ready.
[E1] peer1.org1.example.com:8051 is ready.
[E1] peer0.org2.example.com:9051 is ready.
[E1] peer1.org2.example.com:10051 is ready.
[E1] All peers are ready.
[E1] Creating channel energychannel...
[34m2026-09-06 17:01:19.826 +0330 0001 INFO[0m [channelCmd] [34;1mInitCmdFactory[0m -> Endorser and orderer connections initialized
[34m2026-09-06 17:01:19.839 +0330 0002 INFO[0m [cli.common] [34;1mreadBlock[0m -> Expect block, but got status: &{NOT_FOUND}
[34m2026-09-06 17:01:19.841 +0330 0003 INFO[0m [channelCmd] [34;1mInitCmdFactory[0m -> Endorser and orderer connections initialized
[34m2026-09-06 17:01:20.042 +0330 0004 INFO[0m [cli.common] [34;1mreadBlock[0m -> Expect block, but got status: &{SERVICE_UNAVAILABLE}
[34m2026-09-06 17:01:20.044 +0330 0005 INFO[0m [channelCmd] [34;1mInitCmdFactory[0m -> Endorser and orderer connections initialized
[34m2026-09-06 17:01:20.246 +0330 0006 INFO[0m [cli.common] [34;1mreadBlock[0m -> Expect block, but got status: &{SERVICE_UNAVAILABLE}
[34m2026-09-06 17:01:20.248 +0330 0007 INFO[0m [channelCmd] [34;1mInitCmdFactory[0m -> Endorser and orderer connections initialized
[34m2026-09-06 17:01:20.450 +0330 0008 INFO[0m [cli.common] [34;1mreadBlock[0m -> Expect block, but got status: &{SERVICE_UNAVAILABLE}
[34m2026-09-06 17:01:20.452 +0330 0009 INFO[0m [channelCmd] [34;1mInitCmdFactory[0m -> Endorser and orderer connections initialized
[34m2026-09-06 17:01:20.653 +0330 000a INFO[0m [cli.common] [34;1mreadBlock[0m -> Expect block, but got status: &{SERVICE_UNAVAILABLE}
[34m2026-09-06 17:01:20.655 +0330 000b INFO[0m [channelCmd] [34;1mInitCmdFactory[0m -> Endorser and orderer connections initialized
[34m2026-09-06 17:01:20.857 +0330 000c INFO[0m [cli.common] [34;1mreadBlock[0m -> Received block: 0
[E1] Joining peer0.org1...
[34m2026-09-06 17:01:20.907 +0330 0001 INFO[0m [channelCmd] [34;1mInitCmdFactory[0m -> Endorser and orderer connections initialized
[34m2026-09-06 17:01:20.922 +0330 0002 INFO[0m [channelCmd] [34;1mexecuteJoin[0m -> Successfully submitted proposal to join channel
[E1] Joining peer1.org1...
[34m2026-09-06 17:01:20.971 +0330 0001 INFO[0m [channelCmd] [34;1mInitCmdFactory[0m -> Endorser and orderer connections initialized
[34m2026-09-06 17:01:20.987 +0330 0002 INFO[0m [channelCmd] [34;1mexecuteJoin[0m -> Successfully submitted proposal to join channel
[E1] Joining peer0.org2...
[34m2026-09-06 17:01:21.035 +0330 0001 INFO[0m [channelCmd] [34;1mInitCmdFactory[0m -> Endorser and orderer connections initialized
[34m2026-09-06 17:01:21.051 +0330 0002 INFO[0m [channelCmd] [34;1mexecuteJoin[0m -> Successfully submitted proposal to join channel
[E1] Joining peer1.org2...
[34m2026-09-06 17:01:21.101 +0330 0001 INFO[0m [channelCmd] [34;1mInitCmdFactory[0m -> Endorser and orderer connections initialized
[34m2026-09-06 17:01:21.116 +0330 0002 INFO[0m [channelCmd] [34;1mexecuteJoin[0m -> Successfully submitted proposal to join channel
[E1] All four peers joined energychannel.
[E1] Applying Org1 anchor peer update...
[34m2026-09-06 17:01:21.162 +0330 0001 INFO[0m [channelCmd] [34;1mInitCmdFactory[0m -> Endorser and orderer connections initialized
[34m2026-09-06 17:01:21.172 +0330 0002 INFO[0m [channelCmd] [34;1mupdate[0m -> Successfully submitted channel update
[E1] Applying Org2 anchor peer update...
[34m2026-09-06 17:01:21.223 +0330 0001 INFO[0m [channelCmd] [34;1mInitCmdFactory[0m -> Endorser and orderer connections initialized
[34m2026-09-06 17:01:21.234 +0330 0002 INFO[0m [channelCmd] [34;1mupdate[0m -> Successfully submitted channel update
[E1] Anchor peer updates applied.
[E1] Packaging chaincode...
[E1] Installing chaincode on all four peers...
[34m2026-09-06 17:01:21.518 +0330 0001 INFO[0m [cli.lifecycle.chaincode] [34;1msubmitInstallProposal[0m -> Installed remotely: response:<status:200 payload:"\nKsimplekv_1:c806deb2b025ac0d6e7758647d40416e68a179e25ff760a00f1a8b3e0a192b0b\022\nsimplekv_1" > 
[34m2026-09-06 17:01:21.518 +0330 0002 INFO[0m [cli.lifecycle.chaincode] [34;1msubmitInstallProposal[0m -> Chaincode code package identifier: simplekv_1:c806deb2b025ac0d6e7758647d40416e68a179e25ff760a00f1a8b3e0a192b0b
[34m2026-09-06 17:01:21.576 +0330 0001 INFO[0m [cli.lifecycle.chaincode] [34;1msubmitInstallProposal[0m -> Installed remotely: response:<status:200 payload:"\nKsimplekv_1:c806deb2b025ac0d6e7758647d40416e68a179e25ff760a00f1a8b3e0a192b0b\022\nsimplekv_1" > 
[34m2026-09-06 17:01:21.577 +0330 0002 INFO[0m [cli.lifecycle.chaincode] [34;1msubmitInstallProposal[0m -> Chaincode code package identifier: simplekv_1:c806deb2b025ac0d6e7758647d40416e68a179e25ff760a00f1a8b3e0a192b0b
[34m2026-09-06 17:01:21.635 +0330 0001 INFO[0m [cli.lifecycle.chaincode] [34;1msubmitInstallProposal[0m -> Installed remotely: response:<status:200 payload:"\nKsimplekv_1:c806deb2b025ac0d6e7758647d40416e68a179e25ff760a00f1a8b3e0a192b0b\022\nsimplekv_1" > 
[34m2026-09-06 17:01:21.635 +0330 0002 INFO[0m [cli.lifecycle.chaincode] [34;1msubmitInstallProposal[0m -> Chaincode code package identifier: simplekv_1:c806deb2b025ac0d6e7758647d40416e68a179e25ff760a00f1a8b3e0a192b0b
[34m2026-09-06 17:01:21.694 +0330 0001 INFO[0m [cli.lifecycle.chaincode] [34;1msubmitInstallProposal[0m -> Installed remotely: response:<status:200 payload:"\nKsimplekv_1:c806deb2b025ac0d6e7758647d40416e68a179e25ff760a00f1a8b3e0a192b0b\022\nsimplekv_1" > 
[34m2026-09-06 17:01:21.694 +0330 0002 INFO[0m [cli.lifecycle.chaincode] [34;1msubmitInstallProposal[0m -> Chaincode code package identifier: simplekv_1:c806deb2b025ac0d6e7758647d40416e68a179e25ff760a00f1a8b3e0a192b0b
[E1] Chaincode package ID: simplekv_1:c806deb2b025ac0d6e7758647d40416e68a179e25ff760a00f1a8b3e0a192b0b
[E1] Approving chaincode for Org1...
[34m2026-09-06 17:01:23.820 +0330 0001 INFO[0m [chaincodeCmd] [34;1mClientWait[0m -> txid [6d722f9753d8040d5e4ee74c3087192b0ec7b698b915a6a03d07ccf78bdce45f] committed with status (VALID) at peer0.org1.example.com:7051
[E1] Approving chaincode for Org2...
[34m2026-09-06 17:01:25.891 +0330 0001 INFO[0m [chaincodeCmd] [34;1mClientWait[0m -> txid [2ebc930fe3c931e05a4a96b7d13add18e9eb5ed5b61264bf10c01ad49e2b596a] committed with status (VALID) at peer0.org2.example.com:9051
[E1] Checking chaincode commit readiness...
{
	"approvals": {
		"Org1MSP": true,
		"Org2MSP": true
	}
}
[E1] Committing chaincode definition...
[34m2026-09-06 17:01:28.041 +0330 0001 INFO[0m [chaincodeCmd] [34;1mClientWait[0m -> txid [7d9ee1b58c96dcc8f7fa08a3d30ce8d25c933f446462e1ce60fd0daedd230a02] committed with status (VALID) at peer0.org1.example.com:7051
[34m2026-09-06 17:01:28.041 +0330 0002 INFO[0m [chaincodeCmd] [34;1mClientWait[0m -> txid [7d9ee1b58c96dcc8f7fa08a3d30ce8d25c933f446462e1ce60fd0daedd230a02] committed with status (VALID) at peer0.org2.example.com:9051
[E1] Chaincode committed.
[E1] Running chaincode smoke test...
[34m2026-09-06 17:01:28.234 +0330 0001 INFO[0m [chaincodeCmd] [34;1mchaincodeInvokeOrQuery[0m -> Chaincode invoke successful. result: status:200 
[E1] Chaincode smoke test passed.
[E1] Verifying cross-organization discovery...
[E1] Discovery check passed: all four peers visible.
[E1] Fabric E1 setup completed successfully.
[E1] Fabric network ready for configuration: ecdsa
[E1] effective_BatchTimeout=2s
[E1] effective_MaxMessageCount=500
[E1] effective_PreferredMaxBytes=2097152
[E1] effective_AbsoluteMaxBytes=10485760
[E1] Starting Caliper benchmark...
[E1] Log: /home/user/projects/pqc-energy-trading/raw/e1/sustained-228-v1_ecdsa_caliper_run.log
npm notice run e1@1.0.0 npx
npm notice run 'caliper' launch manager --caliper-workspace . --caliper-benchconfig /home/user/projects/pqc-energy-trading/env/caliper/e1/benchmark_ecdsa_sustained_228.yaml --caliper-networkconfig network.yaml
2026.09.06-17:01:30.853[32m info [39m [caliper] [cli-launch-manager] 	Set workspace path: /home/user/projects/pqc-energy-trading/env/caliper/e1
2026.09.06-17:01:30.853[32m info [39m [caliper] [cli-launch-manager] 	Set benchmark configuration path: /home/user/projects/pqc-energy-trading/env/caliper/e1/benchmark_ecdsa_sustained_228.yaml
2026.09.06-17:01:30.853[32m info [39m [caliper] [cli-launch-manager] 	Set network configuration path: /home/user/projects/pqc-energy-trading/env/caliper/e1/network.yaml
2026.09.06-17:01:30.854[32m info [39m [caliper] [cli-launch-manager] 	Set SUT type: fabric
2026.09.06-17:01:30.872[32m info [39m [caliper] [benchmark-validator] 	No observer specified, will default to `none`
2026.09.06-17:01:30.872[32m info [39m [caliper] [caliper-engine] 	Starting benchmark flow
2026.09.06-17:01:30.872[32m info [39m [caliper] [caliper-engine] 	Network configuration attribute "caliper.command.start" is not present, skipping start command
2026.09.06-17:01:30.985[32m info [39m [caliper] [FabricConnectorFactory] 	Initializing peer gateway connector compatible with installed fabric-gateway SDK: 1.7.1
2026.09.06-17:01:30.992[32m info [39m [caliper] [IdentityManager] 	Adding User1 (admin=false) as User1 for organization Org1MSP
2026.09.06-17:01:30.993[32m info [39m [caliper] [IdentityManager] 	Adding User1Org2 (admin=false) as _Org2MSP_User1Org2 for organization Org2MSP
2026.09.06-17:01:30.994[32m info [39m [caliper] [connectors/peer-gateway/PeerGateway] 	Fabric-Gateway SDK version: 1.7.1 for Peer-Gateway connector; TLS based on Org1MSP: server
2026.09.06-17:01:30.994[32m info [39m [caliper] [caliper-engine] 	Executed "init" step in 0.001 seconds
2026.09.06-17:01:30.994[33m warn [39m [caliper] [connectors/peer-gateway/PeerGateway] 	Install smart contract not available for the Fabric Peer Gateway connector
2026.09.06-17:01:30.994[32m info [39m [caliper] [caliper-engine] 	Executed "install" step in 0 seconds
2026.09.06-17:01:30.996[32m info [39m [caliper] [monitor.js] 	Attempting to create resource monitor of type docker
2026.09.06-17:01:30.997[32m info [39m [caliper] [default-observer] 	Observer interval set to 5000 milliseconds
2026.09.06-17:01:31.000[32m info [39m [caliper] [round-orchestrator] 	Preparing worker connections
2026.09.06-17:01:31.000[32m info [39m [caliper] [worker-orchestrator] 	Launching worker 1 of 1
2026.09.06-17:01:31.004[32m info [39m [caliper] [worker-orchestrator] 	Messenger not configured, entering configure phase...
2026.09.06-17:01:31.004[32m info [39m [caliper] [worker-orchestrator] 	No existing workers detected, entering worker launch phase...
2026.09.06-17:01:31.005[32m info [39m [caliper] [worker-orchestrator] 	Waiting for 1 workers to be connected...
2026.09.06-17:01:31.216[32m info [39m [caliper] [cli-launch-worker] 	Set workspace path: /home/user/projects/pqc-energy-trading/env/caliper/e1
2026.09.06-17:01:31.216[32m info [39m [caliper] [cli-launch-worker] 	Set benchmark configuration path: /home/user/projects/pqc-energy-trading/env/caliper/e1/benchmark_ecdsa_sustained_228.yaml
2026.09.06-17:01:31.217[32m info [39m [caliper] [cli-launch-worker] 	Set network configuration path: /home/user/projects/pqc-energy-trading/env/caliper/e1/network.yaml
2026.09.06-17:01:31.217[32m info [39m [caliper] [cli-launch-worker] 	Set SUT type: fabric
2026.09.06-17:01:31.247[32m info [39m [caliper] [worker-orchestrator] 	1 workers connected, progressing to worker assignment phase.
2026.09.06-17:01:31.247[32m info [39m [caliper] [worker-orchestrator] 	Workers currently unassigned, awaiting index assignment...
2026.09.06-17:01:31.247[32m info [39m [caliper] [worker-orchestrator] 	Waiting for 1 workers to be assigned...
2026.09.06-17:01:31.264[32m info [39m [caliper] [worker-orchestrator] 	1 workers assigned, progressing to worker initialization phase.
2026.09.06-17:01:31.265[32m info [39m [caliper] [worker-orchestrator] 	Waiting for 1 workers to be ready...
2026.09.06-17:01:31.265[32m info [39m [caliper] [worker-message-handler] 	Initializing Worker#0...
2026.09.06-17:01:31.370[32m info [39m [caliper] [FabricConnectorFactory] 	Initializing peer gateway connector compatible with installed fabric-gateway SDK: 1.7.1
2026.09.06-17:01:31.374[32m info [39m [caliper] [IdentityManager] 	Adding User1 (admin=false) as User1 for organization Org1MSP
2026.09.06-17:01:31.375[32m info [39m [caliper] [IdentityManager] 	Adding User1Org2 (admin=false) as _Org2MSP_User1Org2 for organization Org2MSP
2026.09.06-17:01:31.376[32m info [39m [caliper] [worker-message-handler] 	Worker#0 initialized
2026.09.06-17:01:31.377[32m info [39m [caliper] [worker-orchestrator] 	1 workers ready, progressing to test preparation phase.
2026.09.06-17:01:31.377[32m info [39m [caliper] [round-orchestrator] 	Started round 1 (warmup)
2026.09.06-17:01:31.378[32m info [39m [caliper] [worker-message-handler] 	Preparing Worker#0 for Round#0
2026.09.06-17:01:31.389[32m info [39m [caliper] [connectors/peer-gateway/PeerGateway] 	Generating contract map for user User1
2026.09.06-17:01:31.392[32m info [39m [caliper] [connectors/peer-gateway/PeerGateway] 	Generating contract map for user _Org2MSP_User1Org2
2026.09.06-17:01:31.392[32m info [39m [caliper] [caliper-worker] 	Info: worker 0 prepare test phase for round 0 is starting...
2026.09.06-17:01:31.505[32m info [39m [caliper] [connectors/peer-gateway/PeerGateway] 	disconnecting gateway for user User1
2026.09.06-17:01:31.505[32m info [39m [caliper] [connectors/peer-gateway/PeerGateway] 	disconnecting gateway for user _Org2MSP_User1Org2
2026.09.06-17:01:31.505[32m info [39m [caliper] [connectors/peer-gateway/PeerGateway] 	disconnecting gRpc client at peer peer0.org1.example.com
2026.09.06-17:01:31.506[32m info [39m [caliper] [connectors/peer-gateway/PeerGateway] 	disconnecting gRpc client at peer peer0.org2.example.com
2026.09.06-17:01:31.506[32m info [39m [caliper] [caliper-worker] 	Info: worker 0 prepare test phase for round 0 is completed
2026.09.06-17:01:31.506[32m info [39m [caliper] [worker-message-handler] 	Worker#0 prepared for Round#0
2026.09.06-17:01:31.506[32m info [39m [caliper] [worker-orchestrator] 	1 workers prepared, progressing to test phase.
2026.09.06-17:01:31.519[32m info [39m [caliper] [round-orchestrator] 	Monitors successfully started
2026.09.06-17:01:31.520[32m info [39m [caliper] [worker-message-handler] 	Worker#0 is starting Round#0
2026.09.06-17:01:31.522[32m info [39m [caliper] [connectors/peer-gateway/PeerGateway] 	Generating contract map for user User1
2026.09.06-17:01:31.523[32m info [39m [caliper] [connectors/peer-gateway/PeerGateway] 	Generating contract map for user _Org2MSP_User1Org2
2026.09.06-17:01:31.524[32m info [39m [caliper] [caliper-worker] 	Worker #0 starting workload loop
2026.09.06-17:01:36.516[32m info [39m [caliper] [default-observer] 	[warmup Round 0 Transaction Info] - Submitted: 201 Succ: 106 Fail:0 Unfinished:95
2026.09.06-17:01:41.509[32m info [39m [caliper] [default-observer] 	[warmup Round 0 Transaction Info] - Submitted: 451 Succ: 409 Fail:0 Unfinished:42
2026.09.06-17:01:46.509[32m info [39m [caliper] [default-observer] 	[warmup Round 0 Transaction Info] - Submitted: 701 Succ: 611 Fail:0 Unfinished:90
2026.09.06-17:01:51.510[32m info [39m [caliper] [default-observer] 	[warmup Round 0 Transaction Info] - Submitted: 951 Succ: 914 Fail:0 Unfinished:37
2026.09.06-17:01:53.042[32m info [39m [caliper] [connectors/peer-gateway/PeerGateway] 	disconnecting gateway for user User1
2026.09.06-17:01:53.042[32m info [39m [caliper] [connectors/peer-gateway/PeerGateway] 	disconnecting gateway for user _Org2MSP_User1Org2
2026.09.06-17:01:53.042[32m info [39m [caliper] [connectors/peer-gateway/PeerGateway] 	disconnecting gRpc client at peer peer0.org1.example.com
2026.09.06-17:01:53.043[32m info [39m [caliper] [connectors/peer-gateway/PeerGateway] 	disconnecting gRpc client at peer peer0.org2.example.com
2026.09.06-17:01:53.043[32m info [39m [caliper] [worker-message-handler] 	Worker#0 finished Round#0
2026.09.06-17:01:58.045[32m info [39m [caliper] [default-observer] 	Resetting txCount indicator count
2026.09.06-17:01:58.045[32m info [39m [caliper] [report-builder] 	### Test result ###
2026.09.06-17:01:58.049[32m info [39m [caliper] [report-builder] 	
+--------+------+------+-----------------+-----------------+-----------------+-----------------+------------------+
| Name   | Succ | Fail | Send Rate (TPS) | Max Latency (s) | Min Latency (s) | Avg Latency (s) | Throughput (TPS) |
|--------|------|------|-----------------|-----------------|-----------------|-----------------|------------------|
| warmup | 1001 | 0    | 50.1            | 2.19            | 0.06            | 1.09            | 49.2             |
+--------+------+------+-----------------+-----------------+-----------------+-----------------+------------------+

2026.09.06-17:01:58.050[32m info [39m [caliper] [round-orchestrator] 	Finished round 1 (warmup) in 20.403 seconds
2026.09.06-17:01:58.050[32m info [39m [caliper] [monitor.js] 	Stopping all monitors
2026.09.06-17:01:58.151[32m info [39m [caliper] [round-orchestrator] 	Waiting 5 seconds for the next round...
2026.09.06-17:02:03.153[32m info [39m [caliper] [round-orchestrator] 	Started round 2 (sustained-228-tps)
2026.09.06-17:02:03.154[32m info [39m [caliper] [worker-message-handler] 	Preparing Worker#0 for Round#1
2026.09.06-17:02:03.161[32m info [39m [caliper] [connectors/peer-gateway/PeerGateway] 	Generating contract map for user User1
2026.09.06-17:02:03.163[32m info [39m [caliper] [connectors/peer-gateway/PeerGateway] 	Generating contract map for user _Org2MSP_User1Org2
2026.09.06-17:02:03.163[32m info [39m [caliper] [caliper-worker] 	Info: worker 0 prepare test phase for round 1 is starting...
2026.09.06-17:02:03.267[32m info [39m [caliper] [connectors/peer-gateway/PeerGateway] 	disconnecting gateway for user User1
2026.09.06-17:02:03.267[32m info [39m [caliper] [connectors/peer-gateway/PeerGateway] 	disconnecting gateway for user _Org2MSP_User1Org2
2026.09.06-17:02:03.267[32m info [39m [caliper] [connectors/peer-gateway/PeerGateway] 	disconnecting gRpc client at peer peer0.org1.example.com
2026.09.06-17:02:03.267[32m info [39m [caliper] [connectors/peer-gateway/PeerGateway] 	disconnecting gRpc client at peer peer0.org2.example.com
2026.09.06-17:02:03.267[32m info [39m [caliper] [caliper-worker] 	Info: worker 0 prepare test phase for round 1 is completed
2026.09.06-17:02:03.267[32m info [39m [caliper] [worker-message-handler] 	Worker#0 prepared for Round#1
2026.09.06-17:02:03.267[32m info [39m [caliper] [worker-orchestrator] 	1 workers prepared, progressing to test phase.
2026.09.06-17:02:03.272[32m info [39m [caliper] [round-orchestrator] 	Monitors successfully started
2026.09.06-17:02:03.272[32m info [39m [caliper] [worker-message-handler] 	Worker#0 is starting Round#1
2026.09.06-17:02:03.274[32m info [39m [caliper] [connectors/peer-gateway/PeerGateway] 	Generating contract map for user User1
2026.09.06-17:02:03.275[32m info [39m [caliper] [connectors/peer-gateway/PeerGateway] 	Generating contract map for user _Org2MSP_User1Org2
2026.09.06-17:02:03.276[32m info [39m [caliper] [caliper-worker] 	Worker #0 starting workload loop
2026.09.06-17:02:05.510[31m error[39m [caliper] [connectors/peer-gateway/PeerGateway] 	Failed to perform submit transaction [Set] using arguments [key_0_1_500,value_500],  with error: EndorseError: 2 UNKNOWN: too many requests for /gateway.Gateway, exceeding concurrency limit (500)
Details:
2026.09.06-17:02:05.515[31m error[39m [caliper] [connectors/peer-gateway/PeerGateway] 	Failed to perform submit transaction [Set] using arguments [key_0_1_502,value_502],  with error: EndorseError: 2 UNKNOWN: too many requests for /gateway.Gateway, exceeding concurrency limit (500)
Details:
2026.09.06-17:02:05.522[31m error[39m [caliper] [connectors/peer-gateway/PeerGateway] 	Failed to perform submit transaction [Set] using arguments [key_0_1_499,value_499],  with error: CommitStatusError: 2 UNKNOWN: too many requests for /gateway.Gateway, exceeding concurrency limit (500)
Details:
2026.09.06-17:02:05.523[31m error[39m [caliper] [connectors/peer-gateway/PeerGateway] 	Failed to perform submit transaction [Set] using arguments [key_0_1_503,value_503],  with error: EndorseError: 2 UNKNOWN: too many requests for /gateway.Gateway, exceeding concurrency limit (500)
Details:
2026.09.06-17:02:05.523[31m error[39m [caliper] [connectors/peer-gateway/PeerGateway] 	Failed to perform submit transaction [Set] using arguments [key_0_1_504,value_504],  with error: EndorseError: 2 UNKNOWN: too many requests for /gateway.Gateway, exceeding concurrency limit (500)
Details:
2026.09.06-17:02:05.527[31m error[39m [caliper] [connectors/peer-gateway/PeerGateway] 	Failed to perform submit transaction [Set] using arguments [key_0_1_505,value_505],  with error: EndorseError: 2 UNKNOWN: too many requests for /gateway.Gateway, exceeding concurrency limit (500)
Details:
2026.09.06-17:02:05.528[31m error[39m [caliper] [connectors/peer-gateway/PeerGateway] 	Failed to perform submit transaction [Set] using arguments [key_0_1_506,value_506],  with error: EndorseError: 2 UNKNOWN: too many requests for /gateway.Gateway, exceeding concurrency limit (500)
Details:
2026.09.06-17:02:05.530[31m error[39m [caliper] [connectors/peer-gateway/PeerGateway] 	Failed to perform submit transaction [Set] using arguments [key_0_1_507,value_507],  with error: EndorseError: 2 UNKNOWN: too many requests for /gateway.Gateway, exceeding concurrency limit (500)
Details:
2026.09.06-17:02:08.269[32m info [39m [caliper] [default-observer] 	[sustained-228-tps Round 1 Transaction Info] - Submitted: 913 Succ: 460 Fail:8 Unfinished:445
2026.09.06-17:02:09.512[31m error[39m [caliper] [connectors/peer-gateway/PeerGateway] 	Failed to perform submit transaction [Set] using arguments [key_0_1_1417,value_1417],  with error: EndorseError: 2 UNKNOWN: too many requests for /gateway.Gateway, exceeding concurrency limit (500)
Details:
2026.09.06-17:02:09.512[31m error[39m [caliper] [connectors/peer-gateway/PeerGateway] 	Failed to perform submit transaction [Set] using arguments [key_0_1_1418,value_1418],  with error: EndorseError: 2 UNKNOWN: too many requests for /gateway.Gateway, exceeding concurrency limit (500)
Details:
2026.09.06-17:02:09.515[31m error[39m [caliper] [connectors/peer-gateway/PeerGateway] 	Failed to perform submit transaction [Set] using arguments [key_0_1_1419,value_1419],  with error: EndorseError: 2 UNKNOWN: too many requests for /gateway.Gateway, exceeding concurrency limit (500)
Details:
2026.09.06-17:02:09.516[31m error[39m [caliper] [connectors/peer-gateway/PeerGateway] 	Failed to perform submit transaction [Set] using arguments [key_0_1_1420,value_1420],  with error: EndorseError: 2 UNKNOWN: too many requests for /gateway.Gateway, exceeding concurrency limit (500)
Details:
2026.09.06-17:02:09.519[31m error[39m [caliper] [connectors/peer-gateway/PeerGateway] 	Failed to perform submit transaction [Set] using arguments [key_0_1_1421,value_1421],  with error: EndorseError: 2 UNKNOWN: too many requests for /gateway.Gateway, exceeding concurrency limit (500)
Details:
2026.09.06-17:02:09.520[31m error[39m [caliper] [connectors/peer-gateway/PeerGateway] 	Failed to perform submit transaction [Set] using arguments [key_0_1_1422,value_1422],  with error: EndorseError: 2 UNKNOWN: too many requests for /gateway.Gateway, exceeding concurrency limit (500)
Details:
2026.09.06-17:02:11.528[31m error[39m [caliper] [connectors/peer-gateway/PeerGateway] 	Failed to perform submit transaction [Set] using arguments [key_0_1_1880,value_1880],  with error: EndorseError: 2 UNKNOWN: too many requests for /gateway.Gateway, exceeding concurrency limit (500)
Details:
2026.09.06-17:02:11.529[31m error[39m [caliper] [connectors/peer-gateway/PeerGateway] 	Failed to perform submit transaction [Set] using arguments [key_0_1_1881,value_1881],  with error: EndorseError: 2 UNKNOWN: too many requests for /gateway.Gateway, exceeding concurrency limit (500)
Details:
2026.09.06-17:02:11.533[31m error[39m [caliper] [connectors/peer-gateway/PeerGateway] 	Failed to perform submit transaction [Set] using arguments [key_0_1_1882,value_1882],  with error: EndorseError: 2 UNKNOWN: too many requests for /gateway.Gateway, exceeding concurrency limit (500)
Details:
2026.09.06-17:02:11.535[31m error[39m [caliper] [connectors/peer-gateway/PeerGateway] 	Failed to perform submit transaction [Set] using arguments [key_0_1_1883,value_1883],  with error: EndorseError: 2 UNKNOWN: too many requests for /gateway.Gateway, exceeding concurrency limit (500)
Details:
2026.09.06-17:02:13.270[32m info [39m [caliper] [default-observer] 	[sustained-228-tps Round 1 Transaction Info] - Submitted: 2053 Succ: 1816 Fail:18 Unfinished:219
2026.09.06-17:02:13.533[31m error[39m [caliper] [connectors/peer-gateway/PeerGateway] 	Failed to perform submit transaction [Set] using arguments [key_0_1_2324,value_2324],  with error: CommitStatusError: 2 UNKNOWN: too many requests for /gateway.Gateway, exceeding concurrency limit (500)
Details:
2026.09.06-17:02:13.535[31m error[39m [caliper] [connectors/peer-gateway/PeerGateway] 	Failed to perform submit transaction [Set] using arguments [key_0_1_2325,value_2325],  with error: CommitStatusError: 2 UNKNOWN: too many requests for /gateway.Gateway, exceeding concurrency limit (500)
Details:
2026.09.06-17:02:13.536[31m error[39m [caliper] [connectors/peer-gateway/PeerGateway] 	Failed to perform submit transaction [Set] using arguments [key_0_1_2336,value_2336],  with error: EndorseError: 2 UNKNOWN: too many requests for /gateway.Gateway, exceeding concurrency limit (500)
Details:
2026.09.06-17:02:13.536[31m error[39m [caliper] [connectors/peer-gateway/PeerGateway] 	Failed to perform submit transaction [Set] using arguments [key_0_1_2337,value_2337],  with error: EndorseError: 2 UNKNOWN: too many requests for /gateway.Gateway, exceeding concurrency limit (500)
Details:
2026.09.06-17:02:13.538[31m error[39m [caliper] [connectors/peer-gateway/PeerGateway] 	Failed to perform submit transaction [Set] using arguments [key_0_1_2338,value_2338],  with error: EndorseError: 2 UNKNOWN: too many requests for /gateway.Gateway, exceeding concurrency limit (500)
Details:
2026.09.06-17:02:13.539[31m error[39m [caliper] [connectors/peer-gateway/PeerGateway] 	Failed to perform submit transaction [Set] using arguments [key_0_1_2339,value_2339],  with error: EndorseError: 2 UNKNOWN: too many requests for /gateway.Gateway, exceeding concurrency limit (500)
Details:
2026.09.06-17:02:13.540[31m error[39m [caliper] [connectors/peer-gateway/PeerGateway] 	Failed to perform submit transaction [Set] using arguments [key_0_1_2340,value_2340],  with error: EndorseError: 2 UNKNOWN: too many requests for /gateway.Gateway, exceeding concurrency limit (500)
Details:
2026.09.06-17:02:13.546[31m error[39m [caliper] [connectors/peer-gateway/PeerGateway] 	Failed to perform submit transaction [Set] using arguments [key_0_1_2341,value_2341],  with error: EndorseError: 2 UNKNOWN: too many requests for /gateway.Gateway, exceeding concurrency limit (500)
Details:
2026.09.06-17:02:15.543[31m error[39m [caliper] [connectors/peer-gateway/PeerGateway] 	Failed to perform submit transaction [Set] using arguments [key_0_1_2795,value_2795],  with error: EndorseError: 2 UNKNOWN: too many requests for /gateway.Gateway, exceeding concurrency limit (500)
Details:
2026.09.06-17:02:15.545[31m error[39m [caliper] [connectors/peer-gateway/PeerGateway] 	Failed to perform submit transaction [Set] using arguments [key_0_1_2796,value_2796],  with error: EndorseError: 2 UNKNOWN: too many requests for /gateway.Gateway, exceeding concurrency limit (500)
Details:
2026.09.06-17:02:17.538[31m error[39m [caliper] [connectors/peer-gateway/PeerGateway] 	Failed to perform submit transaction [Set] using arguments [key_0_1_3246,value_3246],  with error: EndorseError: 2 UNKNOWN: too many requests for /gateway.Gateway, exceeding concurrency limit (500)
Details:
2026.09.06-17:02:17.539[31m error[39m [caliper] [connectors/peer-gateway/PeerGateway] 	Failed to perform submit transaction [Set] using arguments [key_0_1_3247,value_3247],  with error: EndorseError: 2 UNKNOWN: too many requests for /gateway.Gateway, exceeding concurrency limit (500)
Details:
2026.09.06-17:02:17.543[31m error[39m [caliper] [connectors/peer-gateway/PeerGateway] 	Failed to perform submit transaction [Set] using arguments [key_0_1_3248,value_3248],  with error: EndorseError: 2 UNKNOWN: too many requests for /gateway.Gateway, exceeding concurrency limit (500)
Details:
2026.09.06-17:02:17.544[31m error[39m [caliper] [connectors/peer-gateway/PeerGateway] 	Failed to perform submit transaction [Set] using arguments [key_0_1_3249,value_3249],  with error: EndorseError: 2 UNKNOWN: too many requests for /gateway.Gateway, exceeding concurrency limit (500)
Details:
2026.09.06-17:02:17.544[31m error[39m [caliper] [connectors/peer-gateway/PeerGateway] 	Failed to perform submit transaction [Set] using arguments [key_0_1_3250,value_3250],  with error: EndorseError: 2 UNKNOWN: too many requests for /gateway.Gateway, exceeding concurrency limit (500)
Details:
2026.09.06-17:02:17.546[31m error[39m [caliper] [connectors/peer-gateway/PeerGateway] 	Failed to perform submit transaction [Set] using arguments [key_0_1_3251,value_3251],  with error: EndorseError: 2 UNKNOWN: too many requests for /gateway.Gateway, exceeding concurrency limit (500)
Details:
2026.09.06-17:02:17.547[31m error[39m [caliper] [connectors/peer-gateway/PeerGateway] 	Failed to perform submit transaction [Set] using arguments [key_0_1_3252,value_3252],  with error: EndorseError: 2 UNKNOWN: too many requests for /gateway.Gateway, exceeding concurrency limit (500)
Details:
2026.09.06-17:02:17.549[31m error[39m [caliper] [connectors/peer-gateway/PeerGateway] 	Failed to perform submit transaction [Set] using arguments [key_0_1_3253,value_3253],  with error: EndorseError: 2 UNKNOWN: too many requests for /gateway.Gateway, exceeding concurrency limit (500)
Details:
2026.09.06-17:02:17.549[31m error[39m [caliper] [connectors/peer-gateway/PeerGateway] 	Failed to perform submit transaction [Set] using arguments [key_0_1_3254,value_3254],  with error: EndorseError: 2 UNKNOWN: too many requests for /gateway.Gateway, exceeding concurrency limit (500)
Details:
2026.09.06-17:02:18.271[32m info [39m [caliper] [default-observer] 	[sustained-228-tps Round 1 Transaction Info] - Submitted: 3193 Succ: 2718 Fail:28 Unfinished:447
2026.09.06-17:02:21.539[31m error[39m [caliper] [connectors/peer-gateway/PeerGateway] 	Failed to perform submit transaction [Set] using arguments [key_0_1_4159,value_4159],  with error: EndorseError: 2 UNKNOWN: too many requests for /gateway.Gateway, exceeding concurrency limit (500)
Details:
2026.09.06-17:02:21.539[31m error[39m [caliper] [connectors/peer-gateway/PeerGateway] 	Failed to perform submit transaction [Set] using arguments [key_0_1_4153,value_4153],  with error: CommitStatusError: 2 UNKNOWN: too many requests for /gateway.Gateway, exceeding concurrency limit (500)
Details:
2026.09.06-17:02:21.540[31m error[39m [caliper] [connectors/peer-gateway/PeerGateway] 	Failed to perform submit transaction [Set] using arguments [key_0_1_4160,value_4160],  with error: EndorseError: 2 UNKNOWN: too many requests for /gateway.Gateway, exceeding concurrency limit (500)
Details:
2026.09.06-17:02:21.543[31m error[39m [caliper] [connectors/peer-gateway/PeerGateway] 	Failed to perform submit transaction [Set] using arguments [key_0_1_4161,value_4161],  with error: EndorseError: 2 UNKNOWN: too many requests for /gateway.Gateway, exceeding concurrency limit (500)
Details:
2026.09.06-17:02:21.544[31m error[39m [caliper] [connectors/peer-gateway/PeerGateway] 	Failed to perform submit transaction [Set] using arguments [key_0_1_4162,value_4162],  with error: EndorseError: 2 UNKNOWN: too many requests for /gateway.Gateway, exceeding concurrency limit (500)
Details:
2026.09.06-17:02:21.544[31m error[39m [caliper] [connectors/peer-gateway/PeerGateway] 	Failed to perform submit transaction [Set] using arguments [key_0_1_4163,value_4163],  with error: EndorseError: 2 UNKNOWN: too many requests for /gateway.Gateway, exceeding concurrency limit (500)
Details:
2026.09.06-17:02:21.546[31m error[39m [caliper] [connectors/peer-gateway/PeerGateway] 	Failed to perform submit transaction [Set] using arguments [key_0_1_4164,value_4164],  with error: EndorseError: 2 UNKNOWN: too many requests for /gateway.Gateway, exceeding concurrency limit (500)
Details:
2026.09.06-17:02:21.547[31m error[39m [caliper] [connectors/peer-gateway/PeerGateway] 	Failed to perform submit transaction [Set] using arguments [key_0_1_4165,value_4165],  with error: EndorseError: 2 UNKNOWN: too many requests for /gateway.Gateway, exceeding concurrency limit (500)
Details:
2026.09.06-17:02:21.548[31m error[39m [caliper] [connectors/peer-gateway/PeerGateway] 	Failed to perform submit transaction [Set] using arguments [key_0_1_4166,value_4166],  with error: EndorseError: 2 UNKNOWN: too many requests for /gateway.Gateway, exceeding concurrency limit (500)
Details:
2026.09.06-17:02:23.272[32m info [39m [caliper] [default-observer] 	[sustained-228-tps Round 1 Transaction Info] - Submitted: 4333 Succ: 4077 Fail:46 Unfinished:210
2026.09.06-17:02:23.553[31m error[39m [caliper] [connectors/peer-gateway/PeerGateway] 	Failed to perform submit transaction [Set] using arguments [key_0_1_4623,value_4623],  with error: EndorseError: 2 UNKNOWN: too many requests for /gateway.Gateway, exceeding concurrency limit (500)
Details:
2026.09.06-17:02:25.532[31m error[39m [caliper] [connectors/peer-gateway/PeerGateway] 	Failed to perform submit transaction [Set] using arguments [key_0_1_5072,value_5072],  with error: EndorseError: 2 UNKNOWN: too many requests for /gateway.Gateway, exceeding concurrency limit (500)
Details:
2026.09.06-17:02:25.533[31m error[39m [caliper] [connectors/peer-gateway/PeerGateway] 	Failed to perform submit transaction [Set] using arguments [key_0_1_5073,value_5073],  with error: EndorseError: 2 UNKNOWN: too many requests for /gateway.Gateway, exceeding concurrency limit (500)
Details:
2026.09.06-17:02:25.534[31m error[39m [caliper] [connectors/peer-gateway/PeerGateway] 	Failed to perform submit transaction [Set] using arguments [key_0_1_5074,value_5074],  with error: EndorseError: 2 UNKNOWN: too many requests for /gateway.Gateway, exceeding concurrency limit (500)
Details:
2026.09.06-17:02:25.535[31m error[39m [caliper] [connectors/peer-gateway/PeerGateway] 	Failed to perform submit transaction [Set] using arguments [key_0_1_5075,value_5075],  with error: EndorseError: 2 UNKNOWN: too many requests for /gateway.Gateway, exceeding concurrency limit (500)
Details:
2026.09.06-17:02:25.544[31m error[39m [caliper] [connectors/peer-gateway/PeerGateway] 	Failed to perform submit transaction [Set] using arguments [key_0_1_5068,value_5068],  with error: CommitStatusError: 2 UNKNOWN: too many requests for /gateway.Gateway, exceeding concurrency limit (500)
Details:
2026.09.06-17:02:25.545[31m error[39m [caliper] [connectors/peer-gateway/PeerGateway] 	Failed to perform submit transaction [Set] using arguments [key_0_1_5077,value_5077],  with error: EndorseError: 2 UNKNOWN: too many requests for /gateway.Gateway, exceeding concurrency limit (500)
Details:
2026.09.06-17:02:27.548[31m error[39m [caliper] [connectors/peer-gateway/PeerGateway] 	Failed to perform submit transaction [Set] using arguments [key_0_1_5534,value_5534],  with error: EndorseError: 2 UNKNOWN: too many requests for /gateway.Gateway, exceeding concurrency limit (500)
Details:
2026.09.06-17:02:27.554[31m error[39m [caliper] [connectors/peer-gateway/PeerGateway] 	Failed to perform submit transaction [Set] using arguments [key_0_1_5535,value_5535],  with error: EndorseError: 2 UNKNOWN: too many requests for /gateway.Gateway, exceeding concurrency limit (500)
Details:
2026.09.06-17:02:28.272[32m info [39m [caliper] [default-observer] 	[sustained-228-tps Round 1 Transaction Info] - Submitted: 5474 Succ: 4981 Fail:53 Unfinished:440
2026.09.06-17:02:29.550[31m error[39m [caliper] [connectors/peer-gateway/PeerGateway] 	Failed to perform submit transaction [Set] using arguments [key_0_1_5987,value_5987],  with error: EndorseError: 2 UNKNOWN: too many requests for /gateway.Gateway, exceeding concurrency limit (500)
Details:
2026.09.06-17:02:29.552[31m error[39m [caliper] [connectors/peer-gateway/PeerGateway] 	Failed to perform submit transaction [Set] using arguments [key_0_1_5988,value_5988],  with error: EndorseError: 2 UNKNOWN: too many requests for /gateway.Gateway, exceeding concurrency limit (500)
Details:
2026.09.06-17:02:29.553[31m error[39m [caliper] [connectors/peer-gateway/PeerGateway] 	Failed to perform submit transaction [Set] using arguments [key_0_1_5989,value_5989],  with error: EndorseError: 2 UNKNOWN: too many requests for /gateway.Gateway, exceeding concurrency limit (500)
Details:
2026.09.06-17:02:29.553[31m error[39m [caliper] [connectors/peer-gateway/PeerGateway] 	Failed to perform submit transaction [Set] using arguments [key_0_1_5990,value_5990],  with error: EndorseError: 2 UNKNOWN: too many requests for /gateway.Gateway, exceeding concurrency limit (500)
Details:
2026.09.06-17:02:31.556[31m error[39m [caliper] [connectors/peer-gateway/PeerGateway] 	Failed to perform submit transaction [Set] using arguments [key_0_1_6446,value_6446],  with error: EndorseError: 2 UNKNOWN: too many requests for /gateway.Gateway, exceeding concurrency limit (500)
Details:
2026.09.06-17:02:31.557[31m error[39m [caliper] [connectors/peer-gateway/PeerGateway] 	Failed to perform submit transaction [Set] using arguments [key_0_1_6447,value_6447],  with error: EndorseError: 2 UNKNOWN: too many requests for /gateway.Gateway, exceeding concurrency limit (500)
Details:
2026.09.06-17:02:31.559[31m error[39m [caliper] [connectors/peer-gateway/PeerGateway] 	Failed to perform submit transaction [Set] using arguments [key_0_1_6448,value_6448],  with error: EndorseError: 2 UNKNOWN: too many requests for /gateway.Gateway, exceeding concurrency limit (500)
Details:
2026.09.06-17:02:31.564[31m error[39m [caliper] [connectors/peer-gateway/PeerGateway] 	Failed to perform submit transaction [Set] using arguments [key_0_1_6449,value_6449],  with error: EndorseError: 2 UNKNOWN: too many requests for /gateway.Gateway, exceeding concurrency limit (500)
Details:
2026.09.06-17:02:31.566[31m error[39m [caliper] [connectors/peer-gateway/PeerGateway] 	Failed to perform submit transaction [Set] using arguments [key_0_1_6450,value_6450],  with error: EndorseError: 2 UNKNOWN: too many requests for /gateway.Gateway, exceeding concurrency limit (500)
Details:
2026.09.06-17:02:31.571[31m error[39m [caliper] [connectors/peer-gateway/PeerGateway] 	Failed to perform submit transaction [Set] using arguments [key_0_1_6451,value_6451],  with error: EndorseError: 2 UNKNOWN: too many requests for /gateway.Gateway, exceeding concurrency limit (500)
Details:
2026.09.06-17:02:33.274[32m info [39m [caliper] [default-observer] 	[sustained-228-tps Round 1 Transaction Info] - Submitted: 6614 Succ: 6340 Fail:65 Unfinished:209
2026.09.06-17:02:33.568[31m error[39m [caliper] [connectors/peer-gateway/PeerGateway] 	Failed to perform submit transaction [Set] using arguments [key_0_1_6905,value_6905],  with error: EndorseError: 2 UNKNOWN: too many requests for /gateway.Gateway, exceeding concurrency limit (500)
Details:
2026.09.06-17:02:33.571[31m error[39m [caliper] [connectors/peer-gateway/PeerGateway] 	Failed to perform submit transaction [Set] using arguments [key_0_1_6906,value_6906],  with error: EndorseError: 2 UNKNOWN: too many requests for /gateway.Gateway, exceeding concurrency limit (500)
Details:
2026.09.06-17:02:33.571[31m error[39m [caliper] [connectors/peer-gateway/PeerGateway] 	Failed to perform submit transaction [Set] using arguments [key_0_1_6907,value_6907],  with error: EndorseError: 2 UNKNOWN: too many requests for /gateway.Gateway, exceeding concurrency limit (500)
Details:
2026.09.06-17:02:35.557[31m error[39m [caliper] [connectors/peer-gateway/PeerGateway] 	Failed to perform submit transaction [Set] using arguments [key_0_1_7359,value_7359],  with error: EndorseError: 2 UNKNOWN: too many requests for /gateway.Gateway, exceeding concurrency limit (500)
Details:
2026.09.06-17:02:35.558[31m error[39m [caliper] [connectors/peer-gateway/PeerGateway] 	Failed to perform submit transaction [Set] using arguments [key_0_1_7360,value_7360],  with error: EndorseError: 2 UNKNOWN: too many requests for /gateway.Gateway, exceeding concurrency limit (500)
Details:
2026.09.06-17:02:35.564[31m error[39m [caliper] [connectors/peer-gateway/PeerGateway] 	Failed to perform submit transaction [Set] using arguments [key_0_1_7361,value_7361],  with error: EndorseError: 2 UNKNOWN: too many requests for /gateway.Gateway, exceeding concurrency limit (500)
Details:
2026.09.06-17:02:35.567[31m error[39m [caliper] [connectors/peer-gateway/PeerGateway] 	Failed to perform submit transaction [Set] using arguments [key_0_1_7362,value_7362],  with error: EndorseError: 2 UNKNOWN: too many requests for /gateway.Gateway, exceeding concurrency limit (500)
Details:
2026.09.06-17:02:38.274[32m info [39m [caliper] [default-observer] 	[sustained-228-tps Round 1 Transaction Info] - Submitted: 7753 Succ: 7245 Fail:72 Unfinished:436
2026.09.06-17:02:41.564[31m error[39m [caliper] [connectors/peer-gateway/PeerGateway] 	Failed to perform submit transaction [Set] using arguments [key_0_1_8726,value_8726],  with error: EndorseError: 2 UNKNOWN: too many requests for /gateway.Gateway, exceeding concurrency limit (500)
Details:
2026.09.06-17:02:41.566[31m error[39m [caliper] [connectors/peer-gateway/PeerGateway] 	Failed to perform submit transaction [Set] using arguments [key_0_1_8727,value_8727],  with error: EndorseError: 2 UNKNOWN: too many requests for /gateway.Gateway, exceeding concurrency limit (500)
Details:
2026.09.06-17:02:41.566[31m error[39m [caliper] [connectors/peer-gateway/PeerGateway] 	Failed to perform submit transaction [Set] using arguments [key_0_1_8728,value_8728],  with error: EndorseError: 2 UNKNOWN: too many requests for /gateway.Gateway, exceeding concurrency limit (500)
Details:
2026.09.06-17:02:41.570[31m error[39m [caliper] [connectors/peer-gateway/PeerGateway] 	Failed to perform submit transaction [Set] using arguments [key_0_1_8729,value_8729],  with error: EndorseError: 2 UNKNOWN: too many requests for /gateway.Gateway, exceeding concurrency limit (500)
Details:
2026.09.06-17:02:41.571[31m error[39m [caliper] [connectors/peer-gateway/PeerGateway] 	Failed to perform submit transaction [Set] using arguments [key_0_1_8730,value_8730],  with error: EndorseError: 2 UNKNOWN: too many requests for /gateway.Gateway, exceeding concurrency limit (500)
Details:
2026.09.06-17:02:41.571[31m error[39m [caliper] [connectors/peer-gateway/PeerGateway] 	Failed to perform submit transaction [Set] using arguments [key_0_1_8731,value_8731],  with error: EndorseError: 2 UNKNOWN: too many requests for /gateway.Gateway, exceeding concurrency limit (500)
Details:
2026.09.06-17:02:41.577[31m error[39m [caliper] [connectors/peer-gateway/PeerGateway] 	Failed to perform submit transaction [Set] using arguments [key_0_1_8732,value_8732],  with error: EndorseError: 2 UNKNOWN: too many requests for /gateway.Gateway, exceeding concurrency limit (500)
Details:
2026.09.06-17:02:43.275[32m info [39m [caliper] [default-observer] 	[sustained-228-tps Round 1 Transaction Info] - Submitted: 8893 Succ: 8611 Fail:79 Unfinished:203
2026.09.06-17:02:43.595[31m error[39m [caliper] [connectors/peer-gateway/PeerGateway] 	Failed to perform submit transaction [Set] using arguments [key_0_1_9190,value_9190],  with error: EndorseError: 2 UNKNOWN: too many requests for /gateway.Gateway, exceeding concurrency limit (500)
Details:
2026.09.06-17:02:43.597[31m error[39m [caliper] [connectors/peer-gateway/PeerGateway] 	Failed to perform submit transaction [Set] using arguments [key_0_1_9191,value_9191],  with error: EndorseError: 2 UNKNOWN: too many requests for /gateway.Gateway, exceeding concurrency limit (500)
Details:
2026.09.06-17:02:43.597[31m error[39m [caliper] [connectors/peer-gateway/PeerGateway] 	Failed to perform submit transaction [Set] using arguments [key_0_1_9192,value_9192],  with error: EndorseError: 2 UNKNOWN: too many requests for /gateway.Gateway, exceeding concurrency limit (500)
Details:
2026.09.06-17:02:43.599[31m error[39m [caliper] [connectors/peer-gateway/PeerGateway] 	Failed to perform submit transaction [Set] using arguments [key_0_1_9193,value_9193],  with error: EndorseError: 2 UNKNOWN: too many requests for /gateway.Gateway, exceeding concurrency limit (500)
Details:
2026.09.06-17:02:45.592[31m error[39m [caliper] [connectors/peer-gateway/PeerGateway] 	Failed to perform submit transaction [Set] using arguments [key_0_1_9644,value_9644],  with error: EndorseError: 2 UNKNOWN: too many requests for /gateway.Gateway, exceeding concurrency limit (500)
Details:
2026.09.06-17:02:45.594[31m error[39m [caliper] [connectors/peer-gateway/PeerGateway] 	Failed to perform submit transaction [Set] using arguments [key_0_1_9645,value_9645],  with error: EndorseError: 2 UNKNOWN: too many requests for /gateway.Gateway, exceeding concurrency limit (500)
Details:
2026.09.06-17:02:47.601[31m error[39m [caliper] [connectors/peer-gateway/PeerGateway] 	Failed to perform submit transaction [Set] using arguments [key_0_1_10101,value_10101],  with error: EndorseError: 2 UNKNOWN: too many requests for /gateway.Gateway, exceeding concurrency limit (500)
Details:
2026.09.06-17:02:47.601[31m error[39m [caliper] [connectors/peer-gateway/PeerGateway] 	Failed to perform submit transaction [Set] using arguments [key_0_1_10098,value_10098],  with error: CommitStatusError: 2 UNKNOWN: too many requests for /gateway.Gateway, exceeding concurrency limit (500)
Details:
2026.09.06-17:02:47.602[31m error[39m [caliper] [connectors/peer-gateway/PeerGateway] 	Failed to perform submit transaction [Set] using arguments [key_0_1_10095,value_10095],  with error: SubmitError: 2 UNKNOWN: too many requests for /gateway.Gateway, exceeding concurrency limit (500)
Details:
2026.09.06-17:02:47.603[31m error[39m [caliper] [connectors/peer-gateway/PeerGateway] 	Failed to perform submit transaction [Set] using arguments [key_0_1_10102,value_10102],  with error: EndorseError: 2 UNKNOWN: too many requests for /gateway.Gateway, exceeding concurrency limit (500)
Details:
2026.09.06-17:02:47.604[31m error[39m [caliper] [connectors/peer-gateway/PeerGateway] 	Failed to perform submit transaction [Set] using arguments [key_0_1_10103,value_10103],  with error: EndorseError: 2 UNKNOWN: too many requests for /gateway.Gateway, exceeding concurrency limit (500)
Details:
2026.09.06-17:02:47.605[31m error[39m [caliper] [connectors/peer-gateway/PeerGateway] 	Failed to perform submit transaction [Set] using arguments [key_0_1_10104,value_10104],  with error: EndorseError: 2 UNKNOWN: too many requests for /gateway.Gateway, exceeding concurrency limit (500)
Details:
2026.09.06-17:02:47.606[31m error[39m [caliper] [connectors/peer-gateway/PeerGateway] 	Failed to perform submit transaction [Set] using arguments [key_0_1_10105,value_10105],  with error: EndorseError: 2 UNKNOWN: too many requests for /gateway.Gateway, exceeding concurrency limit (500)
Details:
2026.09.06-17:02:47.607[31m error[39m [caliper] [connectors/peer-gateway/PeerGateway] 	Failed to perform submit transaction [Set] using arguments [key_0_1_10106,value_10106],  with error: EndorseError: 2 UNKNOWN: too many requests for /gateway.Gateway, exceeding concurrency limit (500)
Details:
2026.09.06-17:02:48.276[32m info [39m [caliper] [default-observer] 	[sustained-228-tps Round 1 Transaction Info] - Submitted: 10034 Succ: 9514 Fail:85 Unfinished:435
2026.09.06-17:02:53.277[32m info [39m [caliper] [default-observer] 	[sustained-228-tps Round 1 Transaction Info] - Submitted: 11174 Succ: 10875 Fail:93 Unfinished:206
2026.09.06-17:02:53.594[31m error[39m [caliper] [connectors/peer-gateway/PeerGateway] 	Failed to perform submit transaction [Set] using arguments [key_0_1_11466,value_11466],  with error: CommitStatusError: 2 UNKNOWN: too many requests for /gateway.Gateway, exceeding concurrency limit (500)
Details:
2026.09.06-17:02:53.594[31m error[39m [caliper] [connectors/peer-gateway/PeerGateway] 	Failed to perform submit transaction [Set] using arguments [key_0_1_11469,value_11469],  with error: EndorseError: 2 UNKNOWN: too many requests for /gateway.Gateway, exceeding concurrency limit (500)
Details:
2026.09.06-17:02:53.597[31m error[39m [caliper] [connectors/peer-gateway/PeerGateway] 	Failed to perform submit transaction [Set] using arguments [key_0_1_11470,value_11470],  with error: EndorseError: 2 UNKNOWN: too many requests for /gateway.Gateway, exceeding concurrency limit (500)
Details:
2026.09.06-17:02:53.598[31m error[39m [caliper] [connectors/peer-gateway/PeerGateway] 	Failed to perform submit transaction [Set] using arguments [key_0_1_11471,value_11471],  with error: EndorseError: 2 UNKNOWN: too many requests for /gateway.Gateway, exceeding concurrency limit (500)
Details:
2026.09.06-17:02:53.598[31m error[39m [caliper] [connectors/peer-gateway/PeerGateway] 	Failed to perform submit transaction [Set] using arguments [key_0_1_11472,value_11472],  with error: EndorseError: 2 UNKNOWN: too many requests for /gateway.Gateway, exceeding concurrency limit (500)
Details:
2026.09.06-17:02:53.604[31m error[39m [caliper] [connectors/peer-gateway/PeerGateway] 	Failed to perform submit transaction [Set] using arguments [key_0_1_11474,value_11474],  with error: EndorseError: 2 UNKNOWN: too many requests for /gateway.Gateway, exceeding concurrency limit (500)
Details:
2026.09.06-17:02:53.608[31m error[39m [caliper] [connectors/peer-gateway/PeerGateway] 	Failed to perform submit transaction [Set] using arguments [key_0_1_11462,value_11462],  with error: CommitStatusError: 2 UNKNOWN: too many requests for /gateway.Gateway, exceeding concurrency limit (500)
Details:
2026.09.06-17:02:53.608[31m error[39m [caliper] [connectors/peer-gateway/PeerGateway] 	Failed to perform submit transaction [Set] using arguments [key_0_1_11475,value_11475],  with error: EndorseError: 2 UNKNOWN: too many requests for /gateway.Gateway, exceeding concurrency limit (500)
Details:
2026.09.06-17:02:53.611[31m error[39m [caliper] [connectors/peer-gateway/PeerGateway] 	Failed to perform submit transaction [Set] using arguments [key_0_1_11467,value_11467],  with error: SubmitError: 2 UNKNOWN: too many requests for /gateway.Gateway, exceeding concurrency limit (500)
Details:
2026.09.06-17:02:55.621[31m error[39m [caliper] [connectors/peer-gateway/PeerGateway] 	Failed to perform submit transaction [Set] using arguments [key_0_1_11934,value_11934],  with error: EndorseError: 2 UNKNOWN: too many requests for /gateway.Gateway, exceeding concurrency limit (500)
Details:
2026.09.06-17:02:55.623[31m error[39m [caliper] [connectors/peer-gateway/PeerGateway] 	Failed to perform submit transaction [Set] using arguments [key_0_1_11935,value_11935],  with error: EndorseError: 2 UNKNOWN: too many requests for /gateway.Gateway, exceeding concurrency limit (500)
Details:
2026.09.06-17:02:55.628[31m error[39m [caliper] [connectors/peer-gateway/PeerGateway] 	Failed to perform submit transaction [Set] using arguments [key_0_1_11936,value_11936],  with error: EndorseError: 2 UNKNOWN: too many requests for /gateway.Gateway, exceeding concurrency limit (500)
Details:
2026.09.06-17:02:57.602[31m error[39m [caliper] [connectors/peer-gateway/PeerGateway] 	Failed to perform submit transaction [Set] using arguments [key_0_1_12385,value_12385],  with error: EndorseError: 2 UNKNOWN: too many requests for /gateway.Gateway, exceeding concurrency limit (500)
Details:
2026.09.06-17:02:57.603[31m error[39m [caliper] [connectors/peer-gateway/PeerGateway] 	Failed to perform submit transaction [Set] using arguments [key_0_1_12386,value_12386],  with error: EndorseError: 2 UNKNOWN: too many requests for /gateway.Gateway, exceeding concurrency limit (500)
Details:
2026.09.06-17:02:57.606[31m error[39m [caliper] [connectors/peer-gateway/PeerGateway] 	Failed to perform submit transaction [Set] using arguments [key_0_1_12387,value_12387],  with error: EndorseError: 2 UNKNOWN: too many requests for /gateway.Gateway, exceeding concurrency limit (500)
Details:
2026.09.06-17:02:58.278[32m info [39m [caliper] [default-observer] 	[sustained-228-tps Round 1 Transaction Info] - Submitted: 12314 Succ: 11780 Fail:105 Unfinished:429
2026.09.06-17:02:59.603[31m error[39m [caliper] [connectors/peer-gateway/PeerGateway] 	Failed to perform submit transaction [Set] using arguments [key_0_1_12842,value_12842],  with error: EndorseError: 2 UNKNOWN: too many requests for /gateway.Gateway, exceeding concurrency limit (500)
Details:
2026.09.06-17:02:59.606[31m error[39m [caliper] [connectors/peer-gateway/PeerGateway] 	Failed to perform submit transaction [Set] using arguments [key_0_1_12843,value_12843],  with error: EndorseError: 2 UNKNOWN: too many requests for /gateway.Gateway, exceeding concurrency limit (500)
Details:
2026.09.06-17:02:59.611[31m error[39m [caliper] [connectors/peer-gateway/PeerGateway] 	Failed to perform submit transaction [Set] using arguments [key_0_1_12844,value_12844],  with error: EndorseError: 2 UNKNOWN: too many requests for /gateway.Gateway, exceeding concurrency limit (500)
Details:
2026.09.06-17:02:59.629[31m error[39m [caliper] [connectors/peer-gateway/PeerGateway] 	Failed to perform submit transaction [Set] using arguments [key_0_1_12841,value_12841],  with error: CommitStatusError: 2 UNKNOWN: too many requests for /gateway.Gateway, exceeding concurrency limit (500)
Details:
2026.09.06-17:02:59.629[31m error[39m [caliper] [connectors/peer-gateway/PeerGateway] 	Failed to perform submit transaction [Set] using arguments [key_0_1_12846,value_12846],  with error: EndorseError: 2 UNKNOWN: too many requests for /gateway.Gateway, exceeding concurrency limit (500)
Details:
2026.09.06-17:02:59.631[31m error[39m [caliper] [connectors/peer-gateway/PeerGateway] 	Failed to perform submit transaction [Set] using arguments [key_0_1_12847,value_12847],  with error: EndorseError: 2 UNKNOWN: too many requests for /gateway.Gateway, exceeding concurrency limit (500)
Details:
2026.09.06-17:02:59.632[31m error[39m [caliper] [connectors/peer-gateway/PeerGateway] 	Failed to perform submit transaction [Set] using arguments [key_0_1_12848,value_12848],  with error: EndorseError: 2 UNKNOWN: too many requests for /gateway.Gateway, exceeding concurrency limit (500)
Details:
2026.09.06-17:02:59.632[31m error[39m [caliper] [connectors/peer-gateway/PeerGateway] 	Failed to perform submit transaction [Set] using arguments [key_0_1_12849,value_12849],  with error: EndorseError: 2 UNKNOWN: too many requests for /gateway.Gateway, exceeding concurrency limit (500)
Details:
2026.09.06-17:02:59.636[31m error[39m [caliper] [connectors/peer-gateway/PeerGateway] 	Failed to perform submit transaction [Set] using arguments [key_0_1_12850,value_12850],  with error: EndorseError: 2 UNKNOWN: too many requests for /gateway.Gateway, exceeding concurrency limit (500)
Details:
2026.09.06-17:03:03.279[32m info [39m [caliper] [default-observer] 	[sustained-228-tps Round 1 Transaction Info] - Submitted: 13454 Succ: 13136 Fail:117 Unfinished:201
2026.09.06-17:03:04.812[32m info [39m [caliper] [connectors/peer-gateway/PeerGateway] 	disconnecting gateway for user User1
2026.09.06-17:03:04.812[32m info [39m [caliper] [connectors/peer-gateway/PeerGateway] 	disconnecting gateway for user _Org2MSP_User1Org2
2026.09.06-17:03:04.812[32m info [39m [caliper] [connectors/peer-gateway/PeerGateway] 	disconnecting gRpc client at peer peer0.org1.example.com
2026.09.06-17:03:04.812[32m info [39m [caliper] [connectors/peer-gateway/PeerGateway] 	disconnecting gRpc client at peer peer0.org2.example.com
2026.09.06-17:03:04.813[32m info [39m [caliper] [worker-message-handler] 	Worker#0 finished Round#1
2026.09.06-17:03:09.815[32m info [39m [caliper] [default-observer] 	Resetting txCount indicator count
2026.09.06-17:03:09.815[32m info [39m [caliper] [report-builder] 	### Test result ###
2026.09.06-17:03:09.816[32m info [39m [caliper] [report-builder] 	
+-------------------+-------+------+-----------------+-----------------+-----------------+-----------------+------------------+
| Name              | Succ  | Fail | Send Rate (TPS) | Max Latency (s) | Min Latency (s) | Avg Latency (s) | Throughput (TPS) |
|-------------------|-------|------|-----------------|-----------------|-----------------|-----------------|------------------|
| sustained-228-tps | 13564 | 117  | 228.0           | 2.26            | 0.23            | 1.24            | 226.8            |
+-------------------+-------+------+-----------------+-----------------+-----------------+-----------------+------------------+

2026.09.06-17:03:09.816[32m info [39m [caliper] [round-orchestrator] 	Finished round 2 (sustained-228-tps) in 60.405 seconds
2026.09.06-17:03:09.816[32m info [39m [caliper] [monitor.js] 	Stopping all monitors
2026.09.06-17:03:09.917[32m info [39m [caliper] [report-builder] 	### All test results ###
2026.09.06-17:03:09.918[32m info [39m [caliper] [report-builder] 	
+-------------------+-------+------+-----------------+-----------------+-----------------+-----------------+------------------+
| Name              | Succ  | Fail | Send Rate (TPS) | Max Latency (s) | Min Latency (s) | Avg Latency (s) | Throughput (TPS) |
|-------------------|-------|------|-----------------|-----------------|-----------------|-----------------|------------------|
| warmup            | 1001  | 0    | 50.1            | 2.19            | 0.06            | 1.09            | 49.2             |
|-------------------|-------|------|-----------------|-----------------|-----------------|-----------------|------------------|
| sustained-228-tps | 13564 | 117  | 228.0           | 2.26            | 0.23            | 1.24            | 226.8            |
+-------------------+-------+------+-----------------+-----------------+-----------------+-----------------+------------------+

2026.09.06-17:03:09.923[32m info [39m [caliper] [report-builder] 	Generated report with path /home/user/projects/pqc-energy-trading/env/caliper/e1/report.html
2026.09.06-17:03:09.924[32m info [39m [caliper] [monitor.js] 	Stopping all monitors
2026.09.06-17:03:09.924[32m info [39m [caliper] [worker-orchestrator] 	Sending exit message to connected workers
2026.09.06-17:03:09.924[32m info [39m [caliper] [round-orchestrator] 	Benchmark finished in 98.547 seconds. Total rounds: 2. Successful rounds: 2. Failed rounds: 0.
2026.09.06-17:03:09.924[32m info [39m [caliper] [caliper-engine] 	Network configuration attribute "caliper.command.end" is not present, skipping end command
2026.09.06-17:03:09.924[32m info [39m [caliper] [cli-launch-manager] 	Benchmark successfully finished!
2026.09.06-17:03:09.924[32m info [39m [caliper] [worker-message-handler] 	Worker#0 is exiting
[E1] Benchmark finished.
[E1] finished_at=2026-09-06T17:03:09+03:30
[E1] Raw timing files:
sustained-228-v1_ecdsa_block_heights.csv	101 bytes
sustained-228-v1_ecdsa_commit_sustained-228-tps_worker0_1788701584795.csv	156163 bytes
sustained-228-v1_ecdsa_e2e_sustained-228-tps_worker0_1788701584798.csv	1332799 bytes
sustained-228-v1_ecdsa_endorse_sustained-228-tps_worker0_1788701584792.csv	121832 bytes
[E1] Block-height markers:
marker,height
before_warmup,7
after_warmup,17
before_sustained-228-tps,17
after_sustained-228-tps,47
[E1] Run completed successfully for namespace: sustained-228-v1_ecdsa
