[E1] Run provenance
[E1] started_at=2026-09-06T14:34:53+03:30
[E1] configuration=ecdsa
[E1] run_type=evidence
[E1] run_label=tx-evidence-50-v1
[E1] run_namespace=tx-evidence-50-v1_ecdsa
[E1] benchmark_config=env/caliper/e1/benchmark_tx_evidence_50.yaml
[E1] benchmark_config_sha256=784b043d83307d6b36b0f6fa4cac69e2fef8ca33809d3a3d42d3b825c186ec99
[E1] project_git_commit=5def4b6225f6a6190fea8829bcf2898e6776eeab
[E1] project_git_state_before_log_creation=dirty
[E1] project_git_status_sha256_before_log_creation=5337e5d1f13cfa399a57991399dcb890e12b0430218e9675101be5ef6ed14dc2
[E1] project_tracked_state_before_log_creation=clean
[E1] project_tracked_status_sha256_before_log_creation=e3b0c44298fc1c149afbf4c8996fb92427ae41e4649b934ca495991b7852b855
[E1] project_untracked_paths_sha256_before_log_creation=07157d6dd6e791162fcd02518abc834d58ee1c929e659545e3f09450f514e21c
[E1] host_kernel=7.0.0-30-generic
[E1] docker_server_version=29.1.3
[E1] fixed_cpu_set=2-15
[E1] Verifying CPU measurement state...
[E1] cpu2_state=governor:performance,min_khz:3201000,max_khz:3201000
[E1] cpu3_state=governor:performance,min_khz:3201000,max_khz:3201000
[E1] cpu4_state=governor:performance,min_khz:3201000,max_khz:3201000
[E1] cpu5_state=governor:performance,min_khz:3201000,max_khz:3201000
[E1] cpu6_state=governor:performance,min_khz:3201000,max_khz:3201000
[E1] cpu7_state=governor:performance,min_khz:3201000,max_khz:3201000
[E1] cpu8_state=governor:performance,min_khz:3201000,max_khz:3201000
[E1] cpu9_state=governor:performance,min_khz:3201000,max_khz:3201000
[E1] cpu10_state=governor:performance,min_khz:3201000,max_khz:3201000
[E1] cpu11_state=governor:performance,min_khz:3201000,max_khz:3201000
[E1] cpu12_state=governor:performance,min_khz:3201000,max_khz:3201000
[E1] cpu13_state=governor:performance,min_khz:3201000,max_khz:3201000
[E1] cpu14_state=governor:performance,min_khz:3201000,max_khz:3201000
[E1] cpu15_state=governor:performance,min_khz:3201000,max_khz:3201000
[E1] CPU state verified.
[E1] amd_pstate_mode=passive
[E1] boost_state=0
[E1] Frequency lock verified: 3201000 kHz on CPUs 2-15.
[E1] fabric_source_tag=v2.5.16
[E1] fabric_source_commit=f871cf92a026aba7b12e6f06d71ded3e6e659d71
[E1] fabric_source_state=clean
[E1] fabric_peer_image_id=sha256:6fe74f12e91ab73a07b13d4a7d2954df8a2ad5a6e00ea2665cfffed7f34f5448
[E1] fabric_orderer_image_id=sha256:b56ec95ae9168725b8c8e1dc4bc4126f30f2b661e3dc99dd72225dc87b1f3d1f
[E1] configtx_sha256=87022050421db9821be46266cfe68b9789c3fe125d089e31d368a01ffe27b384
[E1] crypto_config_sha256=6b7208daa343bf57296dcbe8152484c5062fe410824105fd374d46dcf2a0336c
[E1] docker_compose_sha256=0c3f145d34c1f06a0b84c4f94fd7f8817f0b37a2bd6ce5dce52ec1851cedc026
[E1] fabric_setup_sha256=b69af762feee33e800bc26ef5af9e0a45301ba0c2172f580de6fc90b25ac2831
[E1] fabric_build_sha256=28758546c3bd0add2e67a8330c84591c49d6b5cf2d6eb308d3b0f7061bb1f219
[E1] fabric_pq_patch_sha256=2eeee5582fabd90bb9e675e98bce3daf94a087d2d6848ccfa720f7216e23550f
[E1] chaincode_sha256=64973916cfe23691d2bc715b5b257f8ed2db8e08731720e750a2240c5cd0f8e1
[E1] pq_identity_generator_sha256=b4d8e0515fd4898f221a3618bc41971fcf35778175ae4e6e7c94ccd8f0ca9e48
[E1] caliper_package_lock_sha256=b45f505c22bcc63537590f39f748d7145a617cf9a83e2ac07fb4b48c48322355
[E1] caliper_network_sha256=7f3882ef30fc5bf532f2484ef55ebac5ce720290a6cd0f1e79b24f512cfa62fb
[E1] caliper_connection_org1_sha256=1a6c60a78e642181dcbebddd86537a7015063f3d00badb6dca4a35c8d9b30b6d
[E1] caliper_connection_org2_sha256=a7f68c912cb9b975cac96c0435e1e311dbdc87e903a9e29eb6ec0c5b9d3b0da8
[E1] caliper_workload_sha256=28a48fd0ce5ec7e883d3dd2b43d44797a2edc3eb9da01ade14d97a2965bffc65
[E1] caliper_timing_patch_sha256=7d3eaab0e3ce1a7713f09761ea2353b5d280cb51588f2ddb1098a9d50f17c578
[E1] e1_runner_sha256=2e4b2787b42559f5c983da8cbfe5187d59074b8fd241d57fa37b32331d739ada
[E1] Setting up Fabric network for configuration: ecdsa
[E1] Fabric setup starting...
[E1] Fabric binaries: /home/user/projects/fabric-samples/bin
[E1] Channel: energychannel
[E1] Chaincode: simplekv
[E1] Configuration: ecdsa
[E1] Running preflight checks...
[E1] Hyperledger Fabric version: 2.5.16
[E1] Preflight checks passed.
[E1] Removing previous E1 containers and generated artifacts...
 Container peer0.org1.example.com  Stopping
 Container peer1.org1.example.com  Stopping
 Container orderer.example.com  Stopping
 Container peer0.org2.example.com  Stopping
 Container peer1.org2.example.com  Stopping
 Container orderer.example.com  Stopped
 Container orderer.example.com  Removing
 Container orderer.example.com  Removed
 Container peer0.org1.example.com  Stopped
 Container peer0.org1.example.com  Removing
 Container peer0.org1.example.com  Removed
 Container peer0.org2.example.com  Stopped
 Container peer0.org2.example.com  Removing
 Container peer0.org2.example.com  Removed
 Container peer1.org1.example.com  Stopped
 Container peer1.org1.example.com  Removing
 Container peer1.org1.example.com  Removed
 Container peer1.org2.example.com  Stopped
 Container peer1.org2.example.com  Removing
 Container peer1.org2.example.com  Removed
 Network e1net  Removing
 Network e1net  Removed
[E1] Previous generated state removed.
[E1] Generating cryptographic material...
org1.example.com
org2.example.com
[E1] Generating orderer genesis block...
[34m2026-09-06 14:34:54.477 +0330 0001 INFO[0m [common.tools.configtxgen] [34;1mmain[0m -> Loading configuration
[34m2026-09-06 14:34:54.482 +0330 0002 INFO[0m [common.tools.configtxgen.localconfig] [34;1mcompleteInitialization[0m -> orderer type: etcdraft
[34m2026-09-06 14:34:54.482 +0330 0003 INFO[0m [common.tools.configtxgen.localconfig] [34;1mcompleteInitialization[0m -> Orderer.EtcdRaft.Options unset, setting to tick_interval:"500ms" election_tick:10 heartbeat_tick:1 max_inflight_blocks:5 snapshot_interval_size:16777216 
[34m2026-09-06 14:34:54.482 +0330 0004 INFO[0m [common.tools.configtxgen.localconfig] [34;1mLoad[0m -> Loaded configuration: /home/user/projects/pqc-energy-trading/env/fabric/e1/configtx.yaml
[34m2026-09-06 14:34:54.484 +0330 0005 INFO[0m [common.tools.configtxgen] [34;1mdoOutputBlock[0m -> Generating genesis block
[34m2026-09-06 14:34:54.484 +0330 0006 INFO[0m [common.tools.configtxgen] [34;1mdoOutputBlock[0m -> Creating system channel genesis block
[34m2026-09-06 14:34:54.484 +0330 0007 INFO[0m [common.tools.configtxgen] [34;1mdoOutputBlock[0m -> Writing genesis block
[E1] Generating channel creation transaction...
[34m2026-09-06 14:34:54.522 +0330 0001 INFO[0m [common.tools.configtxgen] [34;1mmain[0m -> Loading configuration
[34m2026-09-06 14:34:54.527 +0330 0002 INFO[0m [common.tools.configtxgen.localconfig] [34;1mLoad[0m -> Loaded configuration: /home/user/projects/pqc-energy-trading/env/fabric/e1/configtx.yaml
[34m2026-09-06 14:34:54.527 +0330 0003 INFO[0m [common.tools.configtxgen] [34;1mdoOutputChannelCreateTx[0m -> Generating new channel configtx
[34m2026-09-06 14:34:54.529 +0330 0004 INFO[0m [common.tools.configtxgen] [34;1mdoOutputChannelCreateTx[0m -> Writing new channel tx
[E1] Generating anchor peer updates...
[34m2026-09-06 14:34:54.566 +0330 0001 INFO[0m [common.tools.configtxgen] [34;1mmain[0m -> Loading configuration
[34m2026-09-06 14:34:54.571 +0330 0002 INFO[0m [common.tools.configtxgen.localconfig] [34;1mLoad[0m -> Loaded configuration: /home/user/projects/pqc-energy-trading/env/fabric/e1/configtx.yaml
[34m2026-09-06 14:34:54.571 +0330 0003 INFO[0m [common.tools.configtxgen] [34;1mdoOutputAnchorPeersUpdate[0m -> Generating anchor peer update
[34m2026-09-06 14:34:54.573 +0330 0004 INFO[0m [common.tools.configtxgen] [34;1mdoOutputAnchorPeersUpdate[0m -> Writing anchor peer update
[34m2026-09-06 14:34:54.610 +0330 0001 INFO[0m [common.tools.configtxgen] [34;1mmain[0m -> Loading configuration
[34m2026-09-06 14:34:54.614 +0330 0002 INFO[0m [common.tools.configtxgen.localconfig] [34;1mLoad[0m -> Loaded configuration: /home/user/projects/pqc-energy-trading/env/fabric/e1/configtx.yaml
[34m2026-09-06 14:34:54.614 +0330 0003 INFO[0m [common.tools.configtxgen] [34;1mdoOutputAnchorPeersUpdate[0m -> Generating anchor peer update
[34m2026-09-06 14:34:54.616 +0330 0004 INFO[0m [common.tools.configtxgen] [34;1mdoOutputAnchorPeersUpdate[0m -> Writing anchor peer update
[E1] Fabric cryptographic and channel artifacts generated.
[E1] Starting Fabric network...
 Network e1net  Creating
 Network e1net  Created
 Container peer1.org1.example.com  Creating
 Container peer0.org2.example.com  Creating
 Container peer0.org1.example.com  Creating
 Container peer1.org2.example.com  Creating
 Container orderer.example.com  Creating
 Container peer0.org1.example.com  Created
 Container peer0.org2.example.com  Created
 Container peer1.org2.example.com  Created
 Container orderer.example.com  Created
 Container peer1.org1.example.com  Created
 Container peer1.org2.example.com  Starting
 Container orderer.example.com  Starting
 Container peer1.org1.example.com  Starting
 Container peer0.org2.example.com  Starting
 Container peer0.org1.example.com  Starting
 Container peer0.org2.example.com  Started
 Container peer1.org1.example.com  Started
 Container peer1.org2.example.com  Started
 Container orderer.example.com  Started
 Container peer0.org1.example.com  Started
[E1] orderer.example.com is running.
[E1] peer0.org1.example.com is running.
[E1] peer1.org1.example.com is running.
[E1] peer0.org2.example.com is running.
[E1] peer1.org2.example.com is running.
[E1] Fabric containers are running.
[E1] Waiting for Raft leader...
[E1] Raft leader is ready.
[E1] Waiting for peers to become ready...
[E1] peer0.org1.example.com:7051 is ready.
[E1] peer1.org1.example.com:8051 is ready.
[E1] peer0.org2.example.com:9051 is ready.
[E1] peer1.org2.example.com:10051 is ready.
[E1] All peers are ready.
[E1] Creating channel energychannel...
[34m2026-09-06 14:34:56.395 +0330 0001 INFO[0m [channelCmd] [34;1mInitCmdFactory[0m -> Endorser and orderer connections initialized
[34m2026-09-06 14:34:56.408 +0330 0002 INFO[0m [cli.common] [34;1mreadBlock[0m -> Expect block, but got status: &{NOT_FOUND}
[34m2026-09-06 14:34:56.410 +0330 0003 INFO[0m [channelCmd] [34;1mInitCmdFactory[0m -> Endorser and orderer connections initialized
[34m2026-09-06 14:34:56.612 +0330 0004 INFO[0m [cli.common] [34;1mreadBlock[0m -> Expect block, but got status: &{SERVICE_UNAVAILABLE}
[34m2026-09-06 14:34:56.614 +0330 0005 INFO[0m [channelCmd] [34;1mInitCmdFactory[0m -> Endorser and orderer connections initialized
[34m2026-09-06 14:34:56.815 +0330 0006 INFO[0m [cli.common] [34;1mreadBlock[0m -> Expect block, but got status: &{SERVICE_UNAVAILABLE}
[34m2026-09-06 14:34:56.818 +0330 0007 INFO[0m [channelCmd] [34;1mInitCmdFactory[0m -> Endorser and orderer connections initialized
[34m2026-09-06 14:34:57.020 +0330 0008 INFO[0m [cli.common] [34;1mreadBlock[0m -> Expect block, but got status: &{SERVICE_UNAVAILABLE}
[34m2026-09-06 14:34:57.022 +0330 0009 INFO[0m [channelCmd] [34;1mInitCmdFactory[0m -> Endorser and orderer connections initialized
[34m2026-09-06 14:34:57.223 +0330 000a INFO[0m [cli.common] [34;1mreadBlock[0m -> Expect block, but got status: &{SERVICE_UNAVAILABLE}
[34m2026-09-06 14:34:57.226 +0330 000b INFO[0m [channelCmd] [34;1mInitCmdFactory[0m -> Endorser and orderer connections initialized
[34m2026-09-06 14:34:57.428 +0330 000c INFO[0m [cli.common] [34;1mreadBlock[0m -> Received block: 0
[E1] Joining peer0.org1...
[34m2026-09-06 14:34:57.478 +0330 0001 INFO[0m [channelCmd] [34;1mInitCmdFactory[0m -> Endorser and orderer connections initialized
[34m2026-09-06 14:34:57.493 +0330 0002 INFO[0m [channelCmd] [34;1mexecuteJoin[0m -> Successfully submitted proposal to join channel
[E1] Joining peer1.org1...
[34m2026-09-06 14:34:57.544 +0330 0001 INFO[0m [channelCmd] [34;1mInitCmdFactory[0m -> Endorser and orderer connections initialized
[34m2026-09-06 14:34:57.559 +0330 0002 INFO[0m [channelCmd] [34;1mexecuteJoin[0m -> Successfully submitted proposal to join channel
[E1] Joining peer0.org2...
[34m2026-09-06 14:34:57.608 +0330 0001 INFO[0m [channelCmd] [34;1mInitCmdFactory[0m -> Endorser and orderer connections initialized
[34m2026-09-06 14:34:57.624 +0330 0002 INFO[0m [channelCmd] [34;1mexecuteJoin[0m -> Successfully submitted proposal to join channel
[E1] Joining peer1.org2...
[34m2026-09-06 14:34:57.674 +0330 0001 INFO[0m [channelCmd] [34;1mInitCmdFactory[0m -> Endorser and orderer connections initialized
[34m2026-09-06 14:34:57.690 +0330 0002 INFO[0m [channelCmd] [34;1mexecuteJoin[0m -> Successfully submitted proposal to join channel
[E1] All four peers joined energychannel.
[E1] Applying Org1 anchor peer update...
[34m2026-09-06 14:34:57.737 +0330 0001 INFO[0m [channelCmd] [34;1mInitCmdFactory[0m -> Endorser and orderer connections initialized
[34m2026-09-06 14:34:57.746 +0330 0002 INFO[0m [channelCmd] [34;1mupdate[0m -> Successfully submitted channel update
[E1] Applying Org2 anchor peer update...
[34m2026-09-06 14:34:57.797 +0330 0001 INFO[0m [channelCmd] [34;1mInitCmdFactory[0m -> Endorser and orderer connections initialized
[34m2026-09-06 14:34:57.807 +0330 0002 INFO[0m [channelCmd] [34;1mupdate[0m -> Successfully submitted channel update
[E1] Anchor peer updates applied.
[E1] Packaging chaincode...
[E1] Installing chaincode on all four peers...
[34m2026-09-06 14:34:58.098 +0330 0001 INFO[0m [cli.lifecycle.chaincode] [34;1msubmitInstallProposal[0m -> Installed remotely: response:<status:200 payload:"\nKsimplekv_1:c806deb2b025ac0d6e7758647d40416e68a179e25ff760a00f1a8b3e0a192b0b\022\nsimplekv_1" > 
[34m2026-09-06 14:34:58.098 +0330 0002 INFO[0m [cli.lifecycle.chaincode] [34;1msubmitInstallProposal[0m -> Chaincode code package identifier: simplekv_1:c806deb2b025ac0d6e7758647d40416e68a179e25ff760a00f1a8b3e0a192b0b
[34m2026-09-06 14:34:58.156 +0330 0001 INFO[0m [cli.lifecycle.chaincode] [34;1msubmitInstallProposal[0m -> Installed remotely: response:<status:200 payload:"\nKsimplekv_1:c806deb2b025ac0d6e7758647d40416e68a179e25ff760a00f1a8b3e0a192b0b\022\nsimplekv_1" > 
[34m2026-09-06 14:34:58.156 +0330 0002 INFO[0m [cli.lifecycle.chaincode] [34;1msubmitInstallProposal[0m -> Chaincode code package identifier: simplekv_1:c806deb2b025ac0d6e7758647d40416e68a179e25ff760a00f1a8b3e0a192b0b
[34m2026-09-06 14:34:58.216 +0330 0001 INFO[0m [cli.lifecycle.chaincode] [34;1msubmitInstallProposal[0m -> Installed remotely: response:<status:200 payload:"\nKsimplekv_1:c806deb2b025ac0d6e7758647d40416e68a179e25ff760a00f1a8b3e0a192b0b\022\nsimplekv_1" > 
[34m2026-09-06 14:34:58.217 +0330 0002 INFO[0m [cli.lifecycle.chaincode] [34;1msubmitInstallProposal[0m -> Chaincode code package identifier: simplekv_1:c806deb2b025ac0d6e7758647d40416e68a179e25ff760a00f1a8b3e0a192b0b
[34m2026-09-06 14:34:58.275 +0330 0001 INFO[0m [cli.lifecycle.chaincode] [34;1msubmitInstallProposal[0m -> Installed remotely: response:<status:200 payload:"\nKsimplekv_1:c806deb2b025ac0d6e7758647d40416e68a179e25ff760a00f1a8b3e0a192b0b\022\nsimplekv_1" > 
[34m2026-09-06 14:34:58.275 +0330 0002 INFO[0m [cli.lifecycle.chaincode] [34;1msubmitInstallProposal[0m -> Chaincode code package identifier: simplekv_1:c806deb2b025ac0d6e7758647d40416e68a179e25ff760a00f1a8b3e0a192b0b
[E1] Chaincode package ID: simplekv_1:c806deb2b025ac0d6e7758647d40416e68a179e25ff760a00f1a8b3e0a192b0b
[E1] Approving chaincode for Org1...
[34m2026-09-06 14:35:00.401 +0330 0001 INFO[0m [chaincodeCmd] [34;1mClientWait[0m -> txid [4cf4964fb8ec64c1b1215dbf076a566453edf0aa9f7dfb69fdaa770fa23e6447] committed with status (VALID) at peer0.org1.example.com:7051
[E1] Approving chaincode for Org2...
[34m2026-09-06 14:35:02.470 +0330 0001 INFO[0m [chaincodeCmd] [34;1mClientWait[0m -> txid [01d4a2f5724e2f4750b0dfb4cac363e137d0e425e45f35b07e46d632589d5d87] committed with status (VALID) at peer0.org2.example.com:9051
[E1] Checking chaincode commit readiness...
{
	"approvals": {
		"Org1MSP": true,
		"Org2MSP": true
	}
}
[E1] Committing chaincode definition...
[34m2026-09-06 14:35:04.622 +0330 0001 INFO[0m [chaincodeCmd] [34;1mClientWait[0m -> txid [dbb64fc5bea9c05ad0754c387c776400ef88fecd74e28475120ccc23cd61f99c] committed with status (VALID) at peer0.org2.example.com:9051
[34m2026-09-06 14:35:04.622 +0330 0002 INFO[0m [chaincodeCmd] [34;1mClientWait[0m -> txid [dbb64fc5bea9c05ad0754c387c776400ef88fecd74e28475120ccc23cd61f99c] committed with status (VALID) at peer0.org1.example.com:7051
[E1] Chaincode committed.
[E1] Running chaincode smoke test...
[34m2026-09-06 14:35:04.847 +0330 0001 INFO[0m [chaincodeCmd] [34;1mchaincodeInvokeOrQuery[0m -> Chaincode invoke successful. result: status:200 
[E1] Chaincode smoke test passed.
[E1] Verifying cross-organization discovery...
[E1] Discovery check passed: all four peers visible.
[E1] Fabric E1 setup completed successfully.
[E1] Fabric network ready for configuration: ecdsa
[E1] effective_BatchTimeout=2s
[E1] effective_MaxMessageCount=500
[E1] effective_PreferredMaxBytes=2097152
[E1] effective_AbsoluteMaxBytes=10485760
[E1] Starting Caliper benchmark...
[E1] Log: /home/user/projects/pqc-energy-trading/raw/e1/tx-evidence-50-v1_ecdsa_caliper_run.log
npm notice run e1@1.0.0 npx
npm notice run 'caliper' launch manager --caliper-workspace . --caliper-benchconfig /home/user/projects/pqc-energy-trading/env/caliper/e1/benchmark_tx_evidence_50.yaml --caliper-networkconfig network.yaml
2026.09.06-14:35:07.466[32m info [39m [caliper] [cli-launch-manager] 	Set workspace path: /home/user/projects/pqc-energy-trading/env/caliper/e1
2026.09.06-14:35:07.467[32m info [39m [caliper] [cli-launch-manager] 	Set benchmark configuration path: /home/user/projects/pqc-energy-trading/env/caliper/e1/benchmark_tx_evidence_50.yaml
2026.09.06-14:35:07.467[32m info [39m [caliper] [cli-launch-manager] 	Set network configuration path: /home/user/projects/pqc-energy-trading/env/caliper/e1/network.yaml
2026.09.06-14:35:07.467[32m info [39m [caliper] [cli-launch-manager] 	Set SUT type: fabric
2026.09.06-14:35:07.486[32m info [39m [caliper] [benchmark-validator] 	No observer specified, will default to `none`
2026.09.06-14:35:07.486[32m info [39m [caliper] [caliper-engine] 	Starting benchmark flow
2026.09.06-14:35:07.486[32m info [39m [caliper] [caliper-engine] 	Network configuration attribute "caliper.command.start" is not present, skipping start command
2026.09.06-14:35:07.599[32m info [39m [caliper] [FabricConnectorFactory] 	Initializing peer gateway connector compatible with installed fabric-gateway SDK: 1.7.1
2026.09.06-14:35:07.606[32m info [39m [caliper] [IdentityManager] 	Adding User1 (admin=false) as User1 for organization Org1MSP
2026.09.06-14:35:07.607[32m info [39m [caliper] [IdentityManager] 	Adding User1Org2 (admin=false) as _Org2MSP_User1Org2 for organization Org2MSP
2026.09.06-14:35:07.609[32m info [39m [caliper] [connectors/peer-gateway/PeerGateway] 	Fabric-Gateway SDK version: 1.7.1 for Peer-Gateway connector; TLS based on Org1MSP: server
2026.09.06-14:35:07.609[32m info [39m [caliper] [caliper-engine] 	Executed "init" step in 0.001 seconds
2026.09.06-14:35:07.609[33m warn [39m [caliper] [connectors/peer-gateway/PeerGateway] 	Install smart contract not available for the Fabric Peer Gateway connector
2026.09.06-14:35:07.609[32m info [39m [caliper] [caliper-engine] 	Executed "install" step in 0 seconds
2026.09.06-14:35:07.610[32m info [39m [caliper] [monitor.js] 	Attempting to create resource monitor of type docker
2026.09.06-14:35:07.612[32m info [39m [caliper] [default-observer] 	Observer interval set to 5000 milliseconds
2026.09.06-14:35:07.614[32m info [39m [caliper] [round-orchestrator] 	Preparing worker connections
2026.09.06-14:35:07.614[32m info [39m [caliper] [worker-orchestrator] 	Launching worker 1 of 1
2026.09.06-14:35:07.618[32m info [39m [caliper] [worker-orchestrator] 	Messenger not configured, entering configure phase...
2026.09.06-14:35:07.619[32m info [39m [caliper] [worker-orchestrator] 	No existing workers detected, entering worker launch phase...
2026.09.06-14:35:07.619[32m info [39m [caliper] [worker-orchestrator] 	Waiting for 1 workers to be connected...
2026.09.06-14:35:07.830[32m info [39m [caliper] [cli-launch-worker] 	Set workspace path: /home/user/projects/pqc-energy-trading/env/caliper/e1
2026.09.06-14:35:07.831[32m info [39m [caliper] [cli-launch-worker] 	Set benchmark configuration path: /home/user/projects/pqc-energy-trading/env/caliper/e1/benchmark_tx_evidence_50.yaml
2026.09.06-14:35:07.831[32m info [39m [caliper] [cli-launch-worker] 	Set network configuration path: /home/user/projects/pqc-energy-trading/env/caliper/e1/network.yaml
2026.09.06-14:35:07.831[32m info [39m [caliper] [cli-launch-worker] 	Set SUT type: fabric
2026.09.06-14:35:07.861[32m info [39m [caliper] [worker-orchestrator] 	1 workers connected, progressing to worker assignment phase.
2026.09.06-14:35:07.861[32m info [39m [caliper] [worker-orchestrator] 	Workers currently unassigned, awaiting index assignment...
2026.09.06-14:35:07.862[32m info [39m [caliper] [worker-orchestrator] 	Waiting for 1 workers to be assigned...
2026.09.06-14:35:07.879[32m info [39m [caliper] [worker-orchestrator] 	1 workers assigned, progressing to worker initialization phase.
2026.09.06-14:35:07.879[32m info [39m [caliper] [worker-orchestrator] 	Waiting for 1 workers to be ready...
2026.09.06-14:35:07.880[32m info [39m [caliper] [worker-message-handler] 	Initializing Worker#0...
2026.09.06-14:35:07.986[32m info [39m [caliper] [FabricConnectorFactory] 	Initializing peer gateway connector compatible with installed fabric-gateway SDK: 1.7.1
2026.09.06-14:35:07.990[32m info [39m [caliper] [IdentityManager] 	Adding User1 (admin=false) as User1 for organization Org1MSP
2026.09.06-14:35:07.991[32m info [39m [caliper] [IdentityManager] 	Adding User1Org2 (admin=false) as _Org2MSP_User1Org2 for organization Org2MSP
2026.09.06-14:35:07.993[32m info [39m [caliper] [worker-message-handler] 	Worker#0 initialized
2026.09.06-14:35:07.994[32m info [39m [caliper] [worker-orchestrator] 	1 workers ready, progressing to test preparation phase.
2026.09.06-14:35:07.994[32m info [39m [caliper] [round-orchestrator] 	Started round 1 (warmup)
2026.09.06-14:35:07.995[32m info [39m [caliper] [worker-message-handler] 	Preparing Worker#0 for Round#0
2026.09.06-14:35:08.007[32m info [39m [caliper] [connectors/peer-gateway/PeerGateway] 	Generating contract map for user User1
2026.09.06-14:35:08.011[32m info [39m [caliper] [connectors/peer-gateway/PeerGateway] 	Generating contract map for user _Org2MSP_User1Org2
2026.09.06-14:35:08.011[32m info [39m [caliper] [caliper-worker] 	Info: worker 0 prepare test phase for round 0 is starting...
2026.09.06-14:35:08.124[32m info [39m [caliper] [connectors/peer-gateway/PeerGateway] 	disconnecting gateway for user User1
2026.09.06-14:35:08.124[32m info [39m [caliper] [connectors/peer-gateway/PeerGateway] 	disconnecting gateway for user _Org2MSP_User1Org2
2026.09.06-14:35:08.124[32m info [39m [caliper] [connectors/peer-gateway/PeerGateway] 	disconnecting gRpc client at peer peer0.org1.example.com
2026.09.06-14:35:08.125[32m info [39m [caliper] [connectors/peer-gateway/PeerGateway] 	disconnecting gRpc client at peer peer0.org2.example.com
2026.09.06-14:35:08.125[32m info [39m [caliper] [caliper-worker] 	Info: worker 0 prepare test phase for round 0 is completed
2026.09.06-14:35:08.125[32m info [39m [caliper] [worker-message-handler] 	Worker#0 prepared for Round#0
2026.09.06-14:35:08.126[32m info [39m [caliper] [worker-orchestrator] 	1 workers prepared, progressing to test phase.
2026.09.06-14:35:08.139[32m info [39m [caliper] [round-orchestrator] 	Monitors successfully started
2026.09.06-14:35:08.140[32m info [39m [caliper] [worker-message-handler] 	Worker#0 is starting Round#0
2026.09.06-14:35:08.142[32m info [39m [caliper] [connectors/peer-gateway/PeerGateway] 	Generating contract map for user User1
2026.09.06-14:35:08.143[32m info [39m [caliper] [connectors/peer-gateway/PeerGateway] 	Generating contract map for user _Org2MSP_User1Org2
2026.09.06-14:35:08.145[32m info [39m [caliper] [caliper-worker] 	Worker #0 starting workload loop
2026.09.06-14:35:13.135[32m info [39m [caliper] [default-observer] 	[warmup Round 0 Transaction Info] - Submitted: 200 Succ: 106 Fail:0 Unfinished:94
2026.09.06-14:35:18.128[32m info [39m [caliper] [default-observer] 	[warmup Round 0 Transaction Info] - Submitted: 450 Succ: 411 Fail:0 Unfinished:39
2026.09.06-14:35:23.128[32m info [39m [caliper] [default-observer] 	[warmup Round 0 Transaction Info] - Submitted: 701 Succ: 613 Fail:0 Unfinished:88
2026.09.06-14:35:28.129[32m info [39m [caliper] [default-observer] 	[warmup Round 0 Transaction Info] - Submitted: 951 Succ: 917 Fail:0 Unfinished:34
2026.09.06-14:35:29.659[32m info [39m [caliper] [connectors/peer-gateway/PeerGateway] 	disconnecting gateway for user User1
2026.09.06-14:35:29.659[32m info [39m [caliper] [connectors/peer-gateway/PeerGateway] 	disconnecting gateway for user _Org2MSP_User1Org2
2026.09.06-14:35:29.659[32m info [39m [caliper] [connectors/peer-gateway/PeerGateway] 	disconnecting gRpc client at peer peer0.org1.example.com
2026.09.06-14:35:29.660[32m info [39m [caliper] [connectors/peer-gateway/PeerGateway] 	disconnecting gRpc client at peer peer0.org2.example.com
2026.09.06-14:35:29.660[32m info [39m [caliper] [worker-message-handler] 	Worker#0 finished Round#0
2026.09.06-14:35:34.661[32m info [39m [caliper] [default-observer] 	Resetting txCount indicator count
2026.09.06-14:35:34.662[32m info [39m [caliper] [report-builder] 	### Test result ###
2026.09.06-14:35:34.666[32m info [39m [caliper] [report-builder] 	
+--------+------+------+-----------------+-----------------+-----------------+-----------------+------------------+
| Name   | Succ | Fail | Send Rate (TPS) | Max Latency (s) | Min Latency (s) | Avg Latency (s) | Throughput (TPS) |
|--------|------|------|-----------------|-----------------|-----------------|-----------------|------------------|
| warmup | 1001 | 0    | 50.1            | 2.19            | 0.06            | 1.09            | 49.1             |
+--------+------+------+-----------------+-----------------+-----------------+-----------------+------------------+

2026.09.06-14:35:34.667[32m info [39m [caliper] [round-orchestrator] 	Finished round 1 (warmup) in 20.403 seconds
2026.09.06-14:35:34.667[32m info [39m [caliper] [monitor.js] 	Stopping all monitors
2026.09.06-14:35:34.767[32m info [39m [caliper] [round-orchestrator] 	Waiting 5 seconds for the next round...
2026.09.06-14:35:39.768[32m info [39m [caliper] [round-orchestrator] 	Started round 2 (50-tps)
2026.09.06-14:35:39.769[32m info [39m [caliper] [worker-message-handler] 	Preparing Worker#0 for Round#1
2026.09.06-14:35:39.775[32m info [39m [caliper] [connectors/peer-gateway/PeerGateway] 	Generating contract map for user User1
2026.09.06-14:35:39.778[32m info [39m [caliper] [connectors/peer-gateway/PeerGateway] 	Generating contract map for user _Org2MSP_User1Org2
2026.09.06-14:35:39.778[32m info [39m [caliper] [caliper-worker] 	Info: worker 0 prepare test phase for round 1 is starting...
2026.09.06-14:35:39.892[32m info [39m [caliper] [connectors/peer-gateway/PeerGateway] 	disconnecting gateway for user User1
2026.09.06-14:35:39.893[32m info [39m [caliper] [connectors/peer-gateway/PeerGateway] 	disconnecting gateway for user _Org2MSP_User1Org2
2026.09.06-14:35:39.893[32m info [39m [caliper] [connectors/peer-gateway/PeerGateway] 	disconnecting gRpc client at peer peer0.org1.example.com
2026.09.06-14:35:39.893[32m info [39m [caliper] [connectors/peer-gateway/PeerGateway] 	disconnecting gRpc client at peer peer0.org2.example.com
2026.09.06-14:35:39.893[32m info [39m [caliper] [caliper-worker] 	Info: worker 0 prepare test phase for round 1 is completed
2026.09.06-14:35:39.893[32m info [39m [caliper] [worker-message-handler] 	Worker#0 prepared for Round#1
2026.09.06-14:35:39.893[32m info [39m [caliper] [worker-orchestrator] 	1 workers prepared, progressing to test phase.
2026.09.06-14:35:39.898[32m info [39m [caliper] [round-orchestrator] 	Monitors successfully started
2026.09.06-14:35:39.898[32m info [39m [caliper] [worker-message-handler] 	Worker#0 is starting Round#1
2026.09.06-14:35:39.901[32m info [39m [caliper] [connectors/peer-gateway/PeerGateway] 	Generating contract map for user User1
2026.09.06-14:35:39.902[32m info [39m [caliper] [connectors/peer-gateway/PeerGateway] 	Generating contract map for user _Org2MSP_User1Org2
2026.09.06-14:35:39.903[32m info [39m [caliper] [caliper-worker] 	Worker #0 starting workload loop
2026.09.06-14:35:44.895[32m info [39m [caliper] [default-observer] 	[50-tps Round 1 Transaction Info] - Submitted: 200 Succ: 101 Fail:0 Unfinished:99
2026.09.06-14:35:49.896[32m info [39m [caliper] [default-observer] 	[50-tps Round 1 Transaction Info] - Submitted: 451 Succ: 406 Fail:0 Unfinished:45
2026.09.06-14:35:54.897[32m info [39m [caliper] [default-observer] 	[50-tps Round 1 Transaction Info] - Submitted: 701 Succ: 610 Fail:0 Unfinished:91
2026.09.06-14:35:59.898[32m info [39m [caliper] [default-observer] 	[50-tps Round 1 Transaction Info] - Submitted: 951 Succ: 913 Fail:0 Unfinished:38
2026.09.06-14:36:04.899[32m info [39m [caliper] [default-observer] 	[50-tps Round 1 Transaction Info] - Submitted: 1201 Succ: 1115 Fail:0 Unfinished:86
2026.09.06-14:36:09.900[32m info [39m [caliper] [default-observer] 	[50-tps Round 1 Transaction Info] - Submitted: 1451 Succ: 1420 Fail:0 Unfinished:31
2026.09.06-14:36:14.901[32m info [39m [caliper] [default-observer] 	[50-tps Round 1 Transaction Info] - Submitted: 1701 Succ: 1622 Fail:0 Unfinished:79
2026.09.06-14:36:19.902[32m info [39m [caliper] [default-observer] 	[50-tps Round 1 Transaction Info] - Submitted: 1951 Succ: 1925 Fail:0 Unfinished:26
2026.09.06-14:36:24.903[32m info [39m [caliper] [default-observer] 	[50-tps Round 1 Transaction Info] - Submitted: 2201 Succ: 2126 Fail:0 Unfinished:75
2026.09.06-14:36:29.904[32m info [39m [caliper] [default-observer] 	[50-tps Round 1 Transaction Info] - Submitted: 2451 Succ: 2429 Fail:0 Unfinished:22
2026.09.06-14:36:34.905[32m info [39m [caliper] [default-observer] 	[50-tps Round 1 Transaction Info] - Submitted: 2701 Succ: 2631 Fail:0 Unfinished:70
2026.09.06-14:36:39.906[32m info [39m [caliper] [default-observer] 	[50-tps Round 1 Transaction Info] - Submitted: 2951 Succ: 2935 Fail:0 Unfinished:16
2026.09.06-14:36:44.907[32m info [39m [caliper] [default-observer] 	[50-tps Round 1 Transaction Info] - Submitted: 3201 Succ: 3136 Fail:0 Unfinished:65
2026.09.06-14:36:49.908[32m info [39m [caliper] [default-observer] 	[50-tps Round 1 Transaction Info] - Submitted: 3451 Succ: 3440 Fail:0 Unfinished:11
2026.09.06-14:36:54.910[32m info [39m [caliper] [default-observer] 	[50-tps Round 1 Transaction Info] - Submitted: 3701 Succ: 3643 Fail:0 Unfinished:58
2026.09.06-14:36:59.910[32m info [39m [caliper] [default-observer] 	[50-tps Round 1 Transaction Info] - Submitted: 3951 Succ: 3946 Fail:0 Unfinished:5
2026.09.06-14:37:04.911[32m info [39m [caliper] [default-observer] 	[50-tps Round 1 Transaction Info] - Submitted: 4201 Succ: 4147 Fail:0 Unfinished:54
2026.09.06-14:37:09.912[32m info [39m [caliper] [default-observer] 	[50-tps Round 1 Transaction Info] - Submitted: 4451 Succ: 4349 Fail:0 Unfinished:102
2026.09.06-14:37:14.914[32m info [39m [caliper] [default-observer] 	[50-tps Round 1 Transaction Info] - Submitted: 4701 Succ: 4652 Fail:0 Unfinished:49
2026.09.06-14:37:19.915[32m info [39m [caliper] [default-observer] 	[50-tps Round 1 Transaction Info] - Submitted: 5001 Succ: 4954 Fail:0 Unfinished:47
2026.09.06-14:37:24.917[32m info [39m [caliper] [default-observer] 	[50-tps Round 1 Transaction Info] - Submitted: 5201 Succ: 5157 Fail:0 Unfinished:44
2026.09.06-14:37:29.918[32m info [39m [caliper] [default-observer] 	[50-tps Round 1 Transaction Info] - Submitted: 5501 Succ: 5460 Fail:0 Unfinished:41
2026.09.06-14:37:34.918[32m info [39m [caliper] [default-observer] 	[50-tps Round 1 Transaction Info] - Submitted: 5701 Succ: 5662 Fail:0 Unfinished:39
2026.09.06-14:37:39.920[32m info [39m [caliper] [default-observer] 	[50-tps Round 1 Transaction Info] - Submitted: 6001 Succ: 5965 Fail:0 Unfinished:36
2026.09.06-14:37:42.433[32m info [39m [caliper] [connectors/peer-gateway/PeerGateway] 	disconnecting gateway for user User1
2026.09.06-14:37:42.434[32m info [39m [caliper] [connectors/peer-gateway/PeerGateway] 	disconnecting gateway for user _Org2MSP_User1Org2
2026.09.06-14:37:42.434[32m info [39m [caliper] [connectors/peer-gateway/PeerGateway] 	disconnecting gRpc client at peer peer0.org1.example.com
2026.09.06-14:37:42.434[32m info [39m [caliper] [connectors/peer-gateway/PeerGateway] 	disconnecting gRpc client at peer peer0.org2.example.com
2026.09.06-14:37:42.434[32m info [39m [caliper] [worker-message-handler] 	Worker#0 finished Round#1
2026.09.06-14:37:47.436[32m info [39m [caliper] [default-observer] 	Resetting txCount indicator count
2026.09.06-14:37:47.436[32m info [39m [caliper] [report-builder] 	### Test result ###
2026.09.06-14:37:47.437[32m info [39m [caliper] [report-builder] 	
+--------+------+------+-----------------+-----------------+-----------------+-----------------+------------------+
| Name   | Succ | Fail | Send Rate (TPS) | Max Latency (s) | Min Latency (s) | Avg Latency (s) | Throughput (TPS) |
|--------|------|------|-----------------|-----------------|-----------------|-----------------|------------------|
| 50-tps | 6001 | 0    | 50.0            | 2.08            | 0.05            | 1.07            | 49.5             |
+--------+------+------+-----------------+-----------------+-----------------+-----------------+------------------+

2026.09.06-14:37:47.437[32m info [39m [caliper] [round-orchestrator] 	Finished round 2 (50-tps) in 121.407 seconds
2026.09.06-14:37:47.437[32m info [39m [caliper] [monitor.js] 	Stopping all monitors
2026.09.06-14:37:47.538[32m info [39m [caliper] [report-builder] 	### All test results ###
2026.09.06-14:37:47.539[32m info [39m [caliper] [report-builder] 	
+--------+------+------+-----------------+-----------------+-----------------+-----------------+------------------+
| Name   | Succ | Fail | Send Rate (TPS) | Max Latency (s) | Min Latency (s) | Avg Latency (s) | Throughput (TPS) |
|--------|------|------|-----------------|-----------------|-----------------|-----------------|------------------|
| warmup | 1001 | 0    | 50.1            | 2.19            | 0.06            | 1.09            | 49.1             |
|--------|------|------|-----------------|-----------------|-----------------|-----------------|------------------|
| 50-tps | 6001 | 0    | 50.0            | 2.08            | 0.05            | 1.07            | 49.5             |
+--------+------+------+-----------------+-----------------+-----------------+-----------------+------------------+

2026.09.06-14:37:47.545[32m info [39m [caliper] [report-builder] 	Generated report with path /home/user/projects/pqc-energy-trading/env/caliper/e1/report.html
2026.09.06-14:37:47.546[32m info [39m [caliper] [monitor.js] 	Stopping all monitors
2026.09.06-14:37:47.546[32m info [39m [caliper] [worker-orchestrator] 	Sending exit message to connected workers
2026.09.06-14:37:47.546[32m info [39m [caliper] [round-orchestrator] 	Benchmark finished in 159.552 seconds. Total rounds: 2. Successful rounds: 2. Failed rounds: 0.
2026.09.06-14:37:47.546[32m info [39m [caliper] [caliper-engine] 	Network configuration attribute "caliper.command.end" is not present, skipping end command
2026.09.06-14:37:47.546[32m info [39m [caliper] [cli-launch-manager] 	Benchmark successfully finished!
2026.09.06-14:37:47.546[32m info [39m [caliper] [worker-message-handler] 	Worker#0 is exiting
[E1] Benchmark finished.
[E1] finished_at=2026-09-06T14:37:47+03:30
[E1] Raw timing files:
tx-evidence-50-v1_ecdsa_block_heights.csv	79 bytes
tx-evidence-50-v1_ecdsa_commit_50-tps_worker0_1788692862426.csv	68403 bytes
tx-evidence-50-v1_ecdsa_e2e_50-tps_worker0_1788692862427.csv	585655 bytes
tx-evidence-50-v1_ecdsa_endorse_50-tps_worker0_1788692862424.csv	53462 bytes
[E1] Block-height markers:
marker,height
before_warmup,7
after_warmup,17
before_50-tps,17
after_50-tps,77
[E1] Run completed successfully for namespace: tx-evidence-50-v1_ecdsa
